 FlashDemo_d

 Timestamp is 5077757d (Fri Oct 12 09:42:21 2012)

 Preferred load address is 00400000

 Start         Length     Name                   Class
 0001:00000000 0004aeeeH .text                   CODE
 0001:0004aef0 00000293H .text$x                 CODE
 0001:0004b190 0000002cH .text$yc                CODE
 0001:0004b1c0 00000031H .text$yd                CODE
 0002:00000000 00000264H .idata$5                DATA
 0002:00000264 00000004H .CRT$XCA                DATA
 0002:00000268 00000004H .CRT$XCU                DATA
 0002:0000026c 00000004H .CRT$XCZ                DATA
 0002:00000270 00000004H .CRT$XIA                DATA
 0002:00000274 00000010H .CRT$XIC                DATA
 0002:00000284 00000004H .CRT$XIY                DATA
 0002:00000288 00000004H .CRT$XIZ                DATA
 0002:0000028c 00000004H .CRT$XPA                DATA
 0002:00000290 00000008H .CRT$XPX                DATA
 0002:00000298 00000004H .CRT$XPXA               DATA
 0002:0000029c 00000004H .CRT$XPZ                DATA
 0002:000002a0 00000004H .CRT$XTA                DATA
 0002:000002a4 00000004H .CRT$XTZ                DATA
 0002:000002b0 0000cd50H .rdata                  DATA
 0002:0000d000 0000005fH .rdata$debug            DATA
 0002:0000d060 0000030cH .rdata$r                DATA
 0002:0000d370 00000040H .rdata$sxdata           DATA
 0002:0000d3b0 00000004H .rtc$IAA                DATA
 0002:0000d3b4 00000018H .rtc$IMZ                DATA
 0002:0000d3cc 00000004H .rtc$IZZ                DATA
 0002:0000d3d0 00000004H .rtc$TAA                DATA
 0002:0000d3d4 00000018H .rtc$TMZ                DATA
 0002:0000d3ec 00000004H .rtc$TZZ                DATA
 0002:0000d3f0 00000e84H .xdata$x                DATA
 0002:0000e274 00000078H .idata$2                DATA
 0002:0000e2ec 00000014H .idata$3                DATA
 0002:0000e300 00000264H .idata$4                DATA
 0002:0000e564 00000e02H .idata$6                DATA
 0002:0000f366 00000000H .edata                  DATA
 0003:00000000 000013e0H .data                   DATA
 0003:000013e0 00001d4cH .bss                    DATA

  Address         Publics by Value              Rva+Base       Lib:Object

 0000:00000000       __except_list              00000000     <absolute>
 0000:00000010       ___safe_se_handler_count   00000010     <absolute>
 0000:00000000       ___ImageBase               00400000     <linker-defined>
 0001:00000000       _WinMain@16                00401000 f   App.obj
 0001:000001c0       ??0CFrameWnd@@QAE@XZ       004011c0 f i App.obj
 0001:00000230       ??0INotifyUI@DuiLib@@QAE@XZ 00401230 f i App.obj
 0001:00000250       ?GetWindowClassName@CFrameWnd@@UBEPBDXZ 00401250 f i App.obj
 0001:00000270       ?GetClassStyle@CFrameWnd@@UBEIXZ 00401270 f i App.obj
 0001:00000290       ?OnFinalMessage@CFrameWnd@@UAEXPAUHWND__@@@Z 00401290 f i App.obj
 0001:000002f0       ?Notify@CFrameWnd@@UAEXAAUtagTNotifyUI@DuiLib@@@Z 004012f0 f i App.obj
 0001:00000810       ??0_bstr_t@@QAE@PBD@Z      00401810 f i App.obj
 0001:000008c0       ??1_bstr_t@@QAE@XZ         004018c0 f i App.obj
 0001:000008f0       ??B_bstr_t@@QBEPA_WXZ      004018f0 f i App.obj
 0001:00000940       ?_Free@_bstr_t@@AAEXXZ     00401940 f i App.obj
 0001:00000980       ??0Data_t@_bstr_t@@QAE@PBD@Z 00401980 f i App.obj
 0001:000009d0       ?Release@Data_t@_bstr_t@@QAEKXZ 004019d0 f i App.obj
 0001:00000a50       ??_GData_t@_bstr_t@@AAEPAXI@Z 00401a50 f i App.obj
 0001:00000a90       ?GetWString@Data_t@_bstr_t@@QAEAAPA_WXZ 00401a90 f i App.obj
 0001:00000ab0       ??2Data_t@_bstr_t@@SAPAXI@Z 00401ab0 f i App.obj
 0001:00000ad0       ??1Data_t@_bstr_t@@AAE@XZ  00401ad0 f i App.obj
 0001:00000b00       ?_Free@Data_t@_bstr_t@@AAEXXZ 00401b00 f i App.obj
 0001:00000b70       ?HandleMessage@CFrameWnd@@UAEJIIJ@Z 00401b70 f i App.obj
 0001:00000e00       ?OnCreate@CFrameWnd@@QAEJIIJAAH@Z 00401e00 f i App.obj
 0001:00001030       ??0STRINGorID@DuiLib@@QAE@PBD@Z 00402030 f i App.obj
 0001:00001050       ?Init@CFrameWnd@@QAEXXZ    00402050 f i App.obj
 0001:00001070       ?OnDestroy@CFrameWnd@@QAEJIIJAAH@Z 00402070 f i App.obj
 0001:000010b0       ?OnNcActivate@CFrameWnd@@QAEJIIJAAH@Z 004020b0 f i App.obj
 0001:00001110       ?OnNcCalcSize@CFrameWnd@@QAEJIIJAAH@Z 00402110 f i App.obj
 0001:00001130       ?OnNcPaint@CFrameWnd@@QAEJIIJAAH@Z 00402130 f i App.obj
 0001:00001150       ?OnNcHitTest@CFrameWnd@@QAEJIIJAAH@Z 00402150 f i App.obj
 0001:000012f0       __tcscmp                   004022f0 f i App.obj
 0001:00001310       ?OnSize@CFrameWnd@@QAEJIIJAAH@Z 00402310 f i App.obj
 0001:000014b0       ??_GCFrameWnd@@QAEPAXI@Z   004024b0 f i App.obj
 0001:000014f0       ??1CFrameWnd@@QAE@XZ       004024f0 f i App.obj
 0001:00001530       ?_set_com_error_handler@@YGXP6GXJPAUIErrorInfo@@@Z@Z 00402530 f   comsuppwd:comsupp.obj
 0001:00001550       ?_com_issue_error@@YGXJ@Z  00402550 f   comsuppwd:comsupp.obj
 0001:00001580       ?_com_issue_errorex@@YGXJPAUIUnknown@@ABU_GUID@@@Z 00402580 f   comsuppwd:comsupp.obj
 0001:000016b0       ?_com_dispatch_method@@YAJPAUIDispatch@@JGGPAXPB_WZZ 004026b0 f   comsuppwd:comsupp.obj
 0001:00001770       ?_com_dispatch_propget@@YGJPAUIDispatch@@JGPAX@Z 00402770 f   comsuppwd:comsupp.obj
 0001:000017a0       ?_com_dispatch_propput@@YAJPAUIDispatch@@JGZZ 004027a0 f   comsuppwd:comsupp.obj
 0001:000018a0       ?ConvertStringToBSTR@_com_util@@YGPA_WPBD@Z 004028a0 f   comsuppwd:comutil.obj
 0001:00001b00       ?HRESULT_FROM_WIN32@@YGJK@Z 00402b00 f i comsuppwd:comutil.obj
 0001:00001b40       ?ConvertBSTRToString@_com_util@@YGPADPA_W@Z 00402b40 f   comsuppwd:comutil.obj
 0001:00001cf0       ??0_variant_t@@QAE@JG@Z    00402cf0 f i comsuppwd:comutil.obj
 0001:00001da0       ??1_variant_t@@QAE@XZ      00402da0 f i comsuppwd:comutil.obj
 0001:00001de0       ?_com_raise_error@@YGXJPAUIErrorInfo@@@Z 00402de0 f   comsuppwd:comraise.obj
 0001:00001e30       ??0_com_error@@QAE@JPAUIErrorInfo@@_N@Z 00402e30 f i comsuppwd:comraise.obj
 0001:00001eb0       ??_G_com_error@@UAEPAXI@Z  00402eb0 f i comsuppwd:comraise.obj
 0001:00001eb0       ??_E_com_error@@UAEPAXI@Z  00402eb0 f i comsuppwd:comraise.obj
 0001:00001ef0       ??0_com_error@@QAE@ABV0@@Z 00402ef0 f i comsuppwd:comraise.obj
 0001:00001f70       ??1_com_error@@UAE@XZ      00402f70 f i comsuppwd:comraise.obj
 0001:00002010       ?_com_invoke_helper@@YAJPAUIDispatch@@JGGPAXPB_WPADPAPAUIErrorInfo@@@Z 00403010 f   comsuppwd:invkprxy.obj
 0001:00003010       ?_com_dispatch_raw_method@@YAJPAUIDispatch@@JGGPAXPB_WZZ 00404010 f   comsuppwd:invkprxy.obj
 0001:000030d0       ?_com_dispatch_raw_propget@@YGJPAUIDispatch@@JGPAX@Z 004040d0 f   comsuppwd:invkprxy.obj
 0001:00003100       ?_com_dispatch_raw_propput@@YAJPAUIDispatch@@JGZZ 00404100 f   comsuppwd:invkprxy.obj
 0001:00003200       ?_com_handle_excepinfo@@YGJAAUtagEXCEPINFO@@PAPAUIErrorInfo@@@Z 00404200 f   comsuppwd:invkerr.obj
 0001:00003420       ?WCodeToHRESULT@_com_error@@SGJG@Z 00404420 f i comsuppwd:invkerr.obj
 0001:00003458       _InterlockedDecrement@4    00404458 f   kernel32:KERNEL32.dll
 0001:0000345e       _GetLastError@0            0040445e f   kernel32:KERNEL32.dll
 0001:00003464       _MultiByteToWideChar@24    00404464 f   kernel32:KERNEL32.dll
 0001:0000346a       _lstrlenA@4                0040446a f   kernel32:KERNEL32.dll
 0001:00003470       _WideCharToMultiByte@32    00404470 f   kernel32:KERNEL32.dll
 0001:00003476       _HeapFree@12               00404476 f   kernel32:KERNEL32.dll
 0001:0000347c       _GetProcessHeap@0          0040447c f   kernel32:KERNEL32.dll
 0001:00003482       _lstrlenW@4                00404482 f   kernel32:KERNEL32.dll
 0001:00003488       _PostQuitMessage@4         00404488 f   user32:USER32.dll
 0001:0000348e       _SetWindowLongA@12         0040448e f   user32:USER32.dll
 0001:00003494       _GetWindowLongA@8          00404494 f   user32:USER32.dll
 0001:0000349a       _IsIconic@4                0040449a f   user32:USER32.dll
 0001:000034a0       _GetClientRect@8           004044a0 f   user32:USER32.dll
 0001:000034a6       _ScreenToClient@8          004044a6 f   user32:USER32.dll
 0001:000034ac       _SetWindowRgn@12           004044ac f   user32:USER32.dll
 0001:000034b2       _GetWindowRect@8           004044b2 f   user32:USER32.dll
 0001:000034b8       _DeleteObject@4            004044b8 f   gdi32:GDI32.dll
 0001:000034be       _CreateRoundRectRgn@24     004044be f   gdi32:GDI32.dll
 0001:000034c4       _CoUninitialize@0          004044c4 f   ole32:ole32.dll
 0001:000034ca       _CoInitialize@4            004044ca f   ole32:ole32.dll
 0001:000034d0       _SysFreeString@4           004044d0 f   oleaut32:OLEAUT32.dll
 0001:000034d6       _GetErrorInfo@8            004044d6 f   oleaut32:OLEAUT32.dll
 0001:000034dc       _SysAllocString@4          004044dc f   oleaut32:OLEAUT32.dll
 0001:000034e2       _VariantClear@4            004044e2 f   oleaut32:OLEAUT32.dll
 0001:000034e8       _VariantChangeType@16      004044e8 f   oleaut32:OLEAUT32.dll
 0001:000034ee       _VariantInit@4             004044ee f   oleaut32:OLEAUT32.dll
 0001:000034f4       _SetErrorInfo@8            004044f4 f   oleaut32:OLEAUT32.dll
 0001:000034fa       _CreateErrorInfo@4         004044fa f   oleaut32:OLEAUT32.dll
 0001:00003500       ?MessageLoop@CPaintManagerUI@DuiLib@@SAXXZ 00404500 f   duilib_d:DuiLib_d.dll
 0001:00003506       ?ShowWindow@CWindowWnd@DuiLib@@QAEX_N0@Z 00404506 f   duilib_d:DuiLib_d.dll
 0001:0000350c       ?CenterWindow@CWindowWnd@DuiLib@@QAEXXZ 0040450c f   duilib_d:DuiLib_d.dll
 0001:00003512       ?Create@CWindowWnd@DuiLib@@QAEPAUHWND__@@PAU3@PBDKKHHHHPAUHMENU__@@@Z 00404512 f   duilib_d:DuiLib_d.dll
 0001:00003518       ??1CDuiString@DuiLib@@QAE@XZ 00404518 f   duilib_d:DuiLib_d.dll
 0001:0000351e       ?SetResourcePath@CPaintManagerUI@DuiLib@@SAXPBD@Z 0040451e f   duilib_d:DuiLib_d.dll
 0001:00003524       ??BCDuiString@DuiLib@@QBEPBDXZ 00404524 f   duilib_d:DuiLib_d.dll
 0001:0000352a       ??HCDuiString@DuiLib@@QBE?AV01@PBD@Z 0040452a f   duilib_d:DuiLib_d.dll
 0001:00003530       ?GetInstancePath@CPaintManagerUI@DuiLib@@SA?AVCDuiString@2@XZ 00404530 f   duilib_d:DuiLib_d.dll
 0001:00003536       ?SetInstance@CPaintManagerUI@DuiLib@@SAXPAUHINSTANCE__@@@Z 00404536 f   duilib_d:DuiLib_d.dll
 0001:0000353c       ??0CPaintManagerUI@DuiLib@@QAE@XZ 0040453c f   duilib_d:DuiLib_d.dll
 0001:00003542       ??0CWindowWnd@DuiLib@@QAE@XZ 00404542 f   duilib_d:DuiLib_d.dll
 0001:00003548       ?GetSuperClassName@CWindowWnd@DuiLib@@MBEPBDXZ 00404548 f   duilib_d:DuiLib_d.dll
 0001:0000354e       ?GetControl@CActiveXUI@DuiLib@@QAEJU_GUID@@PAPAX@Z 0040454e f   duilib_d:DuiLib_d.dll
 0001:00003554       ??9CDuiString@DuiLib@@QBE_NPBD@Z 00404554 f   duilib_d:DuiLib_d.dll
 0001:0000355a       ??8CDuiString@DuiLib@@QBE_NPBD@Z 0040455a f   duilib_d:DuiLib_d.dll
 0001:00003560       ?HandleMessage@CWindowWnd@DuiLib@@MAEJIIJ@Z 00404560 f   duilib_d:DuiLib_d.dll
 0001:00003566       ?MessageHandler@CPaintManagerUI@DuiLib@@QAE_NIIJAAJ@Z 00404566 f   duilib_d:DuiLib_d.dll
 0001:0000356c       ??1CDialogBuilder@DuiLib@@QAE@XZ 0040456c f   duilib_d:DuiLib_d.dll
 0001:00003572       ?AddNotifier@CPaintManagerUI@DuiLib@@QAE_NPAVINotifyUI@2@@Z 00404572 f   duilib_d:DuiLib_d.dll
 0001:00003578       ?AttachDialog@CPaintManagerUI@DuiLib@@QAE_NPAVCControlUI@2@@Z 00404578 f   duilib_d:DuiLib_d.dll
 0001:0000357e       ?Create@CDialogBuilder@DuiLib@@QAEPAVCControlUI@2@VSTRINGorID@2@PBDPAVIDialogBuilderCallback@2@PAVCPaintManagerUI@2@PAV32@@Z 0040457e f   duilib_d:DuiLib_d.dll
 0001:00003584       ??0CDialogBuilder@DuiLib@@QAE@XZ 00404584 f   duilib_d:DuiLib_d.dll
 0001:0000358a       ?Init@CPaintManagerUI@DuiLib@@QAEXPAUHWND__@@@Z 0040458a f   duilib_d:DuiLib_d.dll
 0001:00003590       ??BCWindowWnd@DuiLib@@QBEPAUHWND__@@XZ 00404590 f   duilib_d:DuiLib_d.dll
 0001:00003596       ?FindControl@CPaintManagerUI@DuiLib@@QBEPAVCControlUI@2@UtagPOINT@@@Z 00404596 f   duilib_d:DuiLib_d.dll
 0001:0000359c       ?GetCaptionRect@CPaintManagerUI@DuiLib@@QAEAAUtagRECT@@XZ 0040459c f   duilib_d:DuiLib_d.dll
 0001:000035a2       ?Offset@CDuiRect@DuiLib@@QAEXHH@Z 004045a2 f   duilib_d:DuiLib_d.dll
 0001:000035a8       ??0CDuiRect@DuiLib@@QAE@XZ 004045a8 f   duilib_d:DuiLib_d.dll
 0001:000035ae       ?GetRoundCorner@CPaintManagerUI@DuiLib@@QBE?AUtagSIZE@@XZ 004045ae f   duilib_d:DuiLib_d.dll
 0001:000035b4       ??1CPaintManagerUI@DuiLib@@QAE@XZ 004045b4 f   duilib_d:DuiLib_d.dll
 0001:000035c0       ??2@YAPAXI@Z               004045c0 f   LIBCMTD:new.obj
 0001:00003640       ??0bad_alloc@std@@QAE@XZ   00404640 f i LIBCMTD:new.obj
 0001:00003670       ??1bad_alloc@std@@UAE@XZ   00404670 f i LIBCMTD:new.obj
 0001:00003690       ??_Gbad_alloc@std@@UAEPAXI@Z 00404690 f i LIBCMTD:new.obj
 0001:00003690       ??_Ebad_alloc@std@@UAEPAXI@Z 00404690 f i LIBCMTD:new.obj
 0001:000036c0       ??0bad_alloc@std@@QAE@ABV01@@Z 004046c0 f i LIBCMTD:new.obj
 0001:000036f0       __RTC_CheckEsp             004046f0 f   LIBCMTD:_stack_.obj
 0001:00003720       @_RTC_CheckStackVars@8     00404720 f   LIBCMTD:_stack_.obj
 0001:00003780       @_RTC_AllocaHelper@12      00404780 f   LIBCMTD:_stack_.obj
 0001:000037c0       @_RTC_CheckStackVars2@12   004047c0 f   LIBCMTD:_stack_.obj
 0001:000038a0       __RTC_InitBase             004048a0 f   LIBCMTD:_init_.obj
 0001:000038d0       __RTC_Shutdown             004048d0 f   LIBCMTD:_init_.obj
 0001:000038f0       ?name@type_info@@QBEPBDPAU__type_info_node@@@Z 004048f0 f   LIBCMTD:typinfo.obj
 0001:00003910       ??1type_info@@UAE@XZ       00404910 f   LIBCMTD:typinfo.obj
 0001:00003940       ??_Etype_info@@UAEPAXI@Z   00404940 f i LIBCMTD:typinfo.obj
 0001:00003940       ??_Gtype_info@@UAEPAXI@Z   00404940 f i LIBCMTD:typinfo.obj
 0001:00003970       ?_name_internal_method@type_info@@QBEPBDPAU__type_info_node@@@Z 00404970 f   LIBCMTD:typinfo.obj
 0001:00003990       ?_type_info_dtor_internal_method@type_info@@QAEXXZ 00404990 f   LIBCMTD:typinfo.obj
 0001:000039b0       ??8type_info@@QBE_NABV0@@Z 004049b0 f   LIBCMTD:typinfo.obj
 0001:000039e0       ??9type_info@@QBE_NABV0@@Z 004049e0 f   LIBCMTD:typinfo.obj
 0001:00003a10       ?before@type_info@@QBEHABV1@@Z 00404a10 f   LIBCMTD:typinfo.obj
 0001:00003a40       ?raw_name@type_info@@QBEPBDXZ 00404a40 f   LIBCMTD:typinfo.obj
 0001:00003a60       ??0type_info@@AAE@ABV0@@Z  00404a60 f   LIBCMTD:typinfo.obj
 0001:00003a80       ??4type_info@@AAEAAV0@ABV0@@Z 00404a80 f   LIBCMTD:typinfo.obj
 0001:00003aa0       __purecall                 00404aa0 f   LIBCMTD:purevirt.obj
 0001:00003ae0       __set_purecall_handler     00404ae0 f   LIBCMTD:purevirt.obj
 0001:00003b20       __get_purecall_handler     00404b20 f   LIBCMTD:purevirt.obj
 0001:00003b40       ?_JumpToContinuation@@YGXPAXPAUEHRegistrationNode@@@Z 00404b40 f   LIBCMTD:_trnsctrl_.obj
 0001:00003b80       ?_CallMemberFunction0@@YGXPAX0@Z 00404b80 f   LIBCMTD:_trnsctrl_.obj
 0001:00003b90       ?_CallMemberFunction1@@YGXPAX00@Z 00404b90 f   LIBCMTD:_trnsctrl_.obj
 0001:00003ba0       ?_CallMemberFunction2@@YGXPAX00H@Z 00404ba0 f   LIBCMTD:_trnsctrl_.obj
 0001:00003bb0       ?_UnwindNestedFrames@@YGXPAUEHRegistrationNode@@PAUEHExceptionRecord@@@Z 00404bb0 f   LIBCMTD:_trnsctrl_.obj
 0001:00003c10       ___CxxFrameHandler         00404c10 f   LIBCMTD:_trnsctrl_.obj
 0001:00003c50       ___CxxFrameHandler3        00404c50 f   LIBCMTD:_trnsctrl_.obj
 0001:00003c90       ___CxxFrameHandler2        00404c90 f   LIBCMTD:_trnsctrl_.obj
 0001:00003cd0       ___CxxLongjmpUnwind@4      00404cd0 f   LIBCMTD:_trnsctrl_.obj
 0001:00003d00       ?_CallCatchBlock2@@YAPAXPAUEHRegistrationNode@@PBU_s_FuncInfo@@PAXHK@Z 00404d00 f   LIBCMTD:_trnsctrl_.obj
 0001:00003dc0       ?_CallSETranslator@@YAHPAUEHExceptionRecord@@PAUEHRegistrationNode@@PAX2PBU_s_FuncInfo@@H1@Z 00404dc0 f   LIBCMTD:_trnsctrl_.obj
 0001:00003f60       ?_GetRangeOfTrysToCheck@@YAPBU_s_TryBlockMapEntry@@PBU_s_FuncInfo@@HHPAI1@Z 00404f60 f   LIBCMTD:_trnsctrl_.obj
 0001:00003fe0       __CreateFrameInfo          00404fe0 f   LIBCMTD:_trnsctrl_.obj
 0001:00004010       __IsExceptionObjectToBeDestroyed 00405010 f   LIBCMTD:_trnsctrl_.obj
 0001:00004040       __FindAndUnlinkFrame       00405040 f   LIBCMTD:_trnsctrl_.obj
 0001:000040a0       @__security_check_cookie@4 004050a0 f   LIBCMTD:secchk.obj
 0001:000040b0       ??3@YAXPAX@Z               004050b0 f   LIBCMTD:dbgdel.obj
 0001:000041a0       ??_V@YAXPAX@Z              004051a0 f   LIBCMTD:delete2.obj
 0001:000041c0       __CrtSetReportHookW2       004051c0 f   LIBCMTD:dbgrptw.obj
 0001:000044e0       __CrtDbgReportW            004054e0 f   LIBCMTD:dbgrptw.obj
 0001:00004520       __CrtDbgReportWV           00405520 f i LIBCMTD:dbgrptw.obj
 0001:00004550       ___crtMessageWindowW       00405550 f   LIBCMTD:dbgrptw.obj
 0001:00004950       __invoke_watson_if_error   00405950 f i LIBCMTD:dbgrptw.obj
 0001:00004980       __invoke_watson_if_oneof   00405980 f i LIBCMTD:dbgrptw.obj
 0001:000049d0       ?_CrtDbgReportW@@YAHHPBGH00ZZ 004059d0 f   LIBCMTD:dbgrptw.obj
 0001:00004a10       __mbscmp_l                 00405a10 f   LIBCMTD:mbscmp.obj
 0001:00004c60       ??0_LocaleUpdate@@QAE@PAUlocaleinfo_struct@@@Z 00405c60 f i LIBCMTD:mbscmp.obj
 0001:00004d40       ??1_LocaleUpdate@@QAE@XZ   00405d40 f i LIBCMTD:mbscmp.obj
 0001:00004d70       ?GetLocaleT@_LocaleUpdate@@QAEPAUlocaleinfo_struct@@XZ 00405d70 f i LIBCMTD:mbscmp.obj
 0001:00004d80       __mbscmp                   00405d80 f   LIBCMTD:mbscmp.obj
 0001:00004da0       _WinMainCRTStartup         00405da0 f   LIBCMTD:wincrt0.obj
 0001:00005050       _free                      00406050 f   LIBCMTD:dbgfree.obj
 0001:00005070       _malloc                    00406070 f   LIBCMTD:dbgmalloc.obj
 0001:000050a0       __except_handler4          004060a0 f   LIBCMTD:chandler4.obj
 0001:000052c0       __alloca_probe_16          004062c0 f   LIBCMTD:alloca16.obj
 0001:000052d6       __alloca_probe_8           004062d6     LIBCMTD:alloca16.obj
 0001:000052f0       __onexit                   004062f0 f   LIBCMTD:onexit.obj
 0001:000054c0       _atexit                    004064c0 f   LIBCMTD:onexit.obj
 0001:000054e0       ___onexitinit              004064e0 f   LIBCMTD:onexit.obj
 0001:00005540       __CxxThrowException@8      00406540 f   LIBCMTD:throw.obj
 0001:000055a0       __fpmath                   004065a0 f   LIBCMTD:_fpinit_.obj
 0001:000055d0       __fpclear                  004065d0 f   LIBCMTD:_fpinit_.obj
 0001:000055e0       __cfltcvt_init             004065e0 f   LIBCMTD:_fpinit_.obj
 0001:00005650       ___setfflag                00406650 f   LIBCMTD:_fpinit_.obj
 0001:00005670       _memset                    00406670 f   LIBCMTD:memset.obj
 0001:000056f0       __initp_heap_handler       004066f0 f   LIBCMTD:handler.obj
 0001:00005700       ?_set_new_handler@@YAP6AHI@ZP6AHI@Z@Z 00406700 f   LIBCMTD:handler.obj
 0001:00005750       ?_set_new_handler@@YAP6AHI@ZH@Z 00406750 f   LIBCMTD:handler.obj
 0001:00005790       ?_query_new_handler@@YAP6AHI@ZXZ 00406790 f   LIBCMTD:handler.obj
 0001:000057b0       __callnewh                 004067b0 f   LIBCMTD:handler.obj
 0001:000057f0       ??0exception@std@@QAE@XZ   004067f0 f   LIBCMTD:stdexcpt.obj
 0001:00005820       ??_Gexception@std@@UAEPAXI@Z 00406820 f i LIBCMTD:stdexcpt.obj
 0001:00005820       ??_Eexception@std@@UAEPAXI@Z 00406820 f i LIBCMTD:stdexcpt.obj
 0001:00005850       ??0exception@std@@QAE@ABQBD@Z 00406850 f   LIBCMTD:stdexcpt.obj
 0001:000058e0       ??0exception@std@@QAE@ABQBDH@Z 004068e0 f   LIBCMTD:stdexcpt.obj
 0001:00005910       ??0exception@std@@QAE@ABV01@@Z 00406910 f   LIBCMTD:stdexcpt.obj
 0001:000059b0       ??4exception@std@@QAEAAV01@ABV01@@Z 004069b0 f   LIBCMTD:stdexcpt.obj
 0001:00005a60       ??1exception@std@@UAE@XZ   00406a60 f   LIBCMTD:stdexcpt.obj
 0001:00005a90       ?what@exception@std@@UBEPBDXZ 00406a90 f   LIBCMTD:stdexcpt.obj
 0001:00005ac0       ??0bad_cast@std@@QAE@PBD@Z 00406ac0 f   LIBCMTD:stdexcpt.obj
 0001:00005af0       ??_Gbad_cast@std@@UAEPAXI@Z 00406af0 f i LIBCMTD:stdexcpt.obj
 0001:00005af0       ??_Ebad_cast@std@@UAEPAXI@Z 00406af0 f i LIBCMTD:stdexcpt.obj
 0001:00005b20       ??0bad_cast@std@@QAE@ABV01@@Z 00406b20 f   LIBCMTD:stdexcpt.obj
 0001:00005b50       ??1bad_cast@std@@UAE@XZ    00406b50 f   LIBCMTD:stdexcpt.obj
 0001:00005b70       ??0bad_typeid@std@@QAE@PBD@Z 00406b70 f   LIBCMTD:stdexcpt.obj
 0001:00005ba0       ??_Ebad_typeid@std@@UAEPAXI@Z 00406ba0 f i LIBCMTD:stdexcpt.obj
 0001:00005ba0       ??_Gbad_typeid@std@@UAEPAXI@Z 00406ba0 f i LIBCMTD:stdexcpt.obj
 0001:00005bd0       ??0bad_typeid@std@@QAE@ABV01@@Z 00406bd0 f   LIBCMTD:stdexcpt.obj
 0001:00005c00       ??1bad_typeid@std@@UAE@XZ  00406c00 f   LIBCMTD:stdexcpt.obj
 0001:00005c20       ??0__non_rtti_object@std@@QAE@PBD@Z 00406c20 f   LIBCMTD:stdexcpt.obj
 0001:00005c50       ??_E__non_rtti_object@std@@UAEPAXI@Z 00406c50 f i LIBCMTD:stdexcpt.obj
 0001:00005c50       ??_G__non_rtti_object@std@@UAEPAXI@Z 00406c50 f i LIBCMTD:stdexcpt.obj
 0001:00005c80       ??0__non_rtti_object@std@@QAE@ABV01@@Z 00406c80 f   LIBCMTD:stdexcpt.obj
 0001:00005cb0       ??1__non_rtti_object@std@@UAE@XZ 00406cb0 f   LIBCMTD:stdexcpt.obj
 0001:00005cd0       _DebuggerKnownHandle       00406cd0 f   LIBCMTD:_error_.obj
 0001:00005d90       ?_RTC_Failure@@YAXPAXH@Z   00406d90 f   LIBCMTD:_error_.obj
 0001:000060a0       ?_RTC_StackFailure@@YAXPAXPBD@Z 004070a0 f   LIBCMTD:_error_.obj
 0001:000061a0       ?_RTC_AllocaFailure@@YAXPAXPAU_RTC_ALLOCA_NODE@@H@Z 004071a0 f   LIBCMTD:_error_.obj
 0001:00006350       __RTC_UninitUse            00407350 f   LIBCMTD:_error_.obj
 0001:00006440       __RTC_NumErrors            00407440 f   LIBCMTD:_userapi_.obj
 0001:00006450       __RTC_GetErrDesc           00407450 f   LIBCMTD:_userapi_.obj
 0001:00006470       __RTC_SetErrorType         00407470 f   LIBCMTD:_userapi_.obj
 0001:000064a0       __RTC_SetErrorFunc         004074a0 f   LIBCMTD:_userapi_.obj
 0001:000064c0       __RTC_SetErrorFuncW        004074c0 f   LIBCMTD:_userapi_.obj
 0001:000064e0       ?_RTC_GetErrorFunc@@YAP6AHHPBDH00ZZPBX@Z 004074e0 f   LIBCMTD:_userapi_.obj
 0001:000064f0       ?_RTC_GetErrorFuncW@@YAP6AHHPB_WH00ZZPBX@Z 004074f0 f   LIBCMTD:_userapi_.obj
 0001:00006500       __chkesp                   00407500 f   LIBCMTD:chkesp.obj
 0001:00006540       __CRT_RTC_INIT             00407540 f   LIBCMTD:chkesp.obj
 0001:00006550       __CRT_RTC_INITW            00407550 f   LIBCMTD:chkesp.obj
 0001:00006560       ?_Type_info_dtor@type_info@@CAXPAV1@@Z 00407560 f   LIBCMTD:typname.obj
 0001:00006670       ?_Name_base@type_info@@CAPBDPBV1@PAU__type_info_node@@@Z 00407670 f   LIBCMTD:typname.obj
 0001:00006810       ?_Type_info_dtor_internal@type_info@@CAXPAV1@@Z 00407810 f   LIBCMTD:typname.obj
 0001:00006920       ___unDNameHelper           00407920 f   LIBCMTD:typname.obj
 0001:00006960       ?_Name_base_internal@type_info@@CAPBDPBV1@PAU__type_info_node@@@Z 00407960 f   LIBCMTD:typname.obj
 0001:00006b20       ___clean_type_info_names_internal 00407b20 f   LIBCMTD:typname.obj
 0001:00006be0       _strcmp                    00407be0 f   LIBCMTD:strcmp.obj
 0001:00006c70       _abort                     00407c70 f   LIBCMTD:abort.obj
 0001:00006db0       __set_abort_behavior       00407db0 f   LIBCMTD:abort.obj
 0001:00006de0       __FF_MSGBANNER             00407de0 f   LIBCMTD:crt0msg.obj
 0001:00006e40       __NMSG_WRITE               00407e40 f   LIBCMTD:crt0msg.obj
 0001:000070e0       __GET_RTERRMSG             004080e0 f   LIBCMTD:crt0msg.obj
 0001:00007130       __encode_pointer           00408130 f   LIBCMTD:tidtable.obj
 0001:000071d0       __crt_wait_module_handle   004081d0 f i LIBCMTD:tidtable.obj
 0001:00007200       __encoded_null             00408200 f   LIBCMTD:tidtable.obj
 0001:00007220       __decode_pointer           00408220 f   LIBCMTD:tidtable.obj
 0001:000072c0       ___crtTlsAlloc@4           004082c0 f   LIBCMTD:tidtable.obj
 0001:000072d0       ___fls_getvalue@4          004082d0 f   LIBCMTD:tidtable.obj
 0001:000072f0       ___get_flsindex            004082f0 f   LIBCMTD:tidtable.obj
 0001:00007300       ___set_flsgetvalue         00408300 f   LIBCMTD:tidtable.obj
 0001:00007350       ___fls_setvalue@8          00408350 f   LIBCMTD:tidtable.obj
 0001:00007380       __mtinit                   00408380 f   LIBCMTD:tidtable.obj
 0001:00007590       __mtterm                   00408590 f   LIBCMTD:tidtable.obj
 0001:000075f0       __initptd                  004085f0 f   LIBCMTD:tidtable.obj
 0001:00007750       __getptd_noexit            00408750 f   LIBCMTD:tidtable.obj
 0001:00007810       __getptd                   00408810 f   LIBCMTD:tidtable.obj
 0001:00007840       __freefls@4                00408840 f   LIBCMTD:tidtable.obj
 0001:00007a50       __freeptd                  00408a50 f   LIBCMTD:tidtable.obj
 0001:00007ad0       ___threadid                00408ad0 f   LIBCMTD:tidtable.obj
 0001:00007ae0       ___threadhandle            00408ae0 f   LIBCMTD:tidtable.obj
 0001:00007af0       ___getlocaleinfo           00408af0 f   LIBCMTD:inithelp.obj
 0001:00007d90       __initp_misc_purevirt      00408d90 f   LIBCMTD:inithelp.obj
 0001:00007da0       ___InternalCxxFrameHandler 00408da0 f   LIBCMTD:frame.obj
 0001:000083a0       ??0bad_exception@std@@QAE@PBD@Z 004093a0 f i LIBCMTD:frame.obj
 0001:000083d0       ??1bad_exception@std@@UAE@XZ 004093d0 f i LIBCMTD:frame.obj
 0001:000083f0       ??_Ebad_exception@std@@UAEPAXI@Z 004093f0 f i LIBCMTD:frame.obj
 0001:000083f0       ??_Gbad_exception@std@@UAEPAXI@Z 004093f0 f i LIBCMTD:frame.obj
 0001:00008420       ??0bad_exception@std@@QAE@ABV01@@Z 00409420 f i LIBCMTD:frame.obj
 0001:000085d0       ___TypeMatch               004095d0 f   LIBCMTD:frame.obj
 0001:00008680       ___FrameUnwindFilter       00409680 f   LIBCMTD:frame.obj
 0001:00008700       ___FrameUnwindToState      00409700 f   LIBCMTD:frame.obj
 0001:00008c40       ___BuildCatchObjectHelper  00409c40 f   LIBCMTD:frame.obj
 0001:00008eb0       ___BuildCatchObject        00409eb0 f   LIBCMTD:frame.obj
 0001:00008fc0       ___DestructExceptionObject 00409fc0 f   LIBCMTD:frame.obj
 0001:00009070       ___AdjustPointer           0040a070 f   LIBCMTD:frame.obj
 0001:000090c0       ?__uncaught_exception@@YA_NXZ 0040a0c0 f   LIBCMTD:frame.obj
 0001:000090e0       ___CxxExceptionFilter      0040a0e0 f   LIBCMTD:frame.obj
 0001:000092d0       ___CxxRegisterExceptionObject 0040a2d0 f   LIBCMTD:frame.obj
 0001:00009400       ___CxxDetectRethrow        0040a400 f   LIBCMTD:frame.obj
 0001:00009490       ___CxxUnregisterExceptionObject 0040a490 f   LIBCMTD:frame.obj
 0001:00009610       ___CxxQueryExceptionSize   0040a610 f   LIBCMTD:frame.obj
 0001:00009620       ___CxxCallUnwindDtor       0040a620 f   LIBCMTD:frame.obj
 0001:000096a0       ___CxxCallUnwindDelDtor    0040a6a0 f   LIBCMTD:frame.obj
 0001:00009720       ___CxxCallUnwindStdDelDtor 0040a720 f   LIBCMTD:frame.obj
 0001:000097a0       ___CxxCallUnwindVecDtor    0040a7a0 f   LIBCMTD:frame.obj
 0001:000099d0       ?_is_exception_typeof@@YAHABVtype_info@@PAU_EXCEPTION_POINTERS@@@Z 0040a9d0 f   LIBCMTD:frame.obj
 0001:00009ab0       __CallSettingFrame@12      0040aab0 f   LIBCMTD:lowhelpr.obj
 0001:00009ad7       __NLG_Return               0040aad7     LIBCMTD:lowhelpr.obj
 0001:00009b00       __initp_eh_hooks           0040ab00 f   LIBCMTD:hooks.obj
 0001:00009b20       ?terminate@@YAXXZ          0040ab20 f   LIBCMTD:hooks.obj
 0001:00009ba0       ?unexpected@@YAXXZ         0040aba0 f   LIBCMTD:hooks.obj
 0001:00009bd0       ?_inconsistency@@YAXXZ     0040abd0 f   LIBCMTD:hooks.obj
 0001:00009c60       ___report_gsfailure        0040ac60 f   LIBCMTD:gs_report.obj
 0001:00009d70       __mtinitlocks              0040ad70 f   LIBCMTD:mlock.obj
 0001:00009e00       __mtdeletelocks            0040ae00 f   LIBCMTD:mlock.obj
 0001:00009ec0       __mtinitlocknum            0040aec0 f   LIBCMTD:mlock.obj
 0001:0000a010       __lock                     0040b010 f   LIBCMTD:mlock.obj
 0001:0000a050       __unlock                   0040b050 f   LIBCMTD:mlock.obj
 0001:0000a070       __lockerr_exit             0040b070 f   LIBCMTD:mlock.obj
 0001:0000a090       __malloc_dbg               0040b090 f   LIBCMTD:dbgheap.obj
 0001:0000a0c0       __nh_malloc                0040b0c0 f   LIBCMTD:dbgheap.obj
 0001:0000a0e0       __nh_malloc_dbg            0040b0e0 f   LIBCMTD:dbgheap.obj
 0001:0000a1b0       __heap_alloc               0040b1b0 f   LIBCMTD:dbgheap.obj
 0001:0000a580       __heap_alloc_dbg           0040b580 f   LIBCMTD:dbgheap.obj
 0001:0000a5e0       __calloc_dbg_impl          0040b5e0 f   LIBCMTD:dbgheap.obj
 0001:0000a6b0       __calloc_dbg               0040b6b0 f   LIBCMTD:dbgheap.obj
 0001:0000a710       __recalloc                 0040b710 f   LIBCMTD:dbgheap.obj
 0001:0000a740       __realloc_dbg              0040b740 f   LIBCMTD:dbgheap.obj
 0001:0000ade0       __recalloc_dbg             0040bde0 f   LIBCMTD:dbgheap.obj
 0001:0000aee0       __expand                   0040bee0 f   LIBCMTD:dbgheap.obj
 0001:0000af10       __expand_dbg               0040bf10 f   LIBCMTD:dbgheap.obj
 0001:0000b020       __free_nolock              0040c020 f   LIBCMTD:dbgheap.obj
 0001:0000b040       __free_dbg                 0040c040 f   LIBCMTD:dbgheap.obj
 0001:0000b0c0       __free_dbg_nolock          0040c0c0 f   LIBCMTD:dbgheap.obj
 0001:0000b5a0       __msize                    0040c5a0 f   LIBCMTD:dbgheap.obj
 0001:0000b5c0       __msize_dbg                0040c5c0 f   LIBCMTD:dbgheap.obj
 0001:0000b7b0       __CrtSetBreakAlloc         0040c7b0 f   LIBCMTD:dbgheap.obj
 0001:0000b7d0       __CrtSetDbgBlockType       0040c7d0 f   LIBCMTD:dbgheap.obj
 0001:0000b8c0       __CrtSetAllocHook          0040c8c0 f   LIBCMTD:dbgheap.obj
 0001:0000b8e0       __CrtGetAllocHook          0040c8e0 f   LIBCMTD:dbgheap.obj
 0001:0000b940       __CrtCheckMemory           0040c940 f   LIBCMTD:dbgheap.obj
 0001:0000bda0       __CrtSetDbgFlag            0040cda0 f   LIBCMTD:dbgheap.obj
 0001:0000bef0       __CrtDoForAllClientObjects 0040cef0 f   LIBCMTD:dbgheap.obj
 0001:0000c010       __CrtIsValidPointer        0040d010 f   LIBCMTD:dbgheap.obj
 0001:0000c020       __CrtIsValidHeapPointer    0040d020 f   LIBCMTD:dbgheap.obj
 0001:0000c0c0       __CrtIsMemoryBlock         0040d0c0 f   LIBCMTD:dbgheap.obj
 0001:0000c230       __CrtReportBlockType       0040d230 f   LIBCMTD:dbgheap.obj
 0001:0000c260       __CrtSetDumpClient         0040d260 f   LIBCMTD:dbgheap.obj
 0001:0000c280       __CrtGetDumpClient         0040d280 f   LIBCMTD:dbgheap.obj
 0001:0000c290       __CrtMemCheckpoint         0040d290 f   LIBCMTD:dbgheap.obj
 0001:0000c4b0       __CrtMemDifference         0040d4b0 f   LIBCMTD:dbgheap.obj
 0001:0000c6d0       __CrtMemDumpAllObjectsSince 0040d6d0 f   LIBCMTD:dbgheap.obj
 0001:0000cbc0       __CrtDumpMemoryLeaks       0040dbc0 f   LIBCMTD:dbgheap.obj
 0001:0000cc30       __CrtMemDumpStatistics     0040dc30 f   LIBCMTD:dbgheap.obj
 0001:0000cd40       __aligned_malloc           0040dd40 f   LIBCMTD:dbgheap.obj
 0001:0000cd60       __aligned_malloc_dbg       0040dd60 f   LIBCMTD:dbgheap.obj
 0001:0000cd90       __aligned_realloc          0040dd90 f   LIBCMTD:dbgheap.obj
 0001:0000cdc0       __aligned_recalloc         0040ddc0 f   LIBCMTD:dbgheap.obj
 0001:0000cdf0       __aligned_realloc_dbg      0040ddf0 f   LIBCMTD:dbgheap.obj
 0001:0000ce20       __aligned_recalloc_dbg     0040de20 f   LIBCMTD:dbgheap.obj
 0001:0000ce50       __aligned_offset_malloc    0040de50 f   LIBCMTD:dbgheap.obj
 0001:0000ce70       __aligned_offset_malloc_dbg 0040de70 f   LIBCMTD:dbgheap.obj
 0001:0000d010       __aligned_offset_realloc   0040e010 f   LIBCMTD:dbgheap.obj
 0001:0000d040       __aligned_offset_recalloc  0040e040 f   LIBCMTD:dbgheap.obj
 0001:0000d070       __aligned_offset_realloc_dbg 0040e070 f   LIBCMTD:dbgheap.obj
 0001:0000d340       __aligned_offset_recalloc_dbg 0040e340 f   LIBCMTD:dbgheap.obj
 0001:0000d450       __aligned_free             0040e450 f   LIBCMTD:dbgheap.obj
 0001:0000d470       __aligned_free_dbg         0040e470 f   LIBCMTD:dbgheap.obj
 0001:0000d520       __CrtSetDebugFillThreshold 0040e520 f   LIBCMTD:dbgheap.obj
 0001:0000d540       __CrtSetCheckCount         0040e540 f   LIBCMTD:dbgheap.obj
 0001:0000d560       __CrtGetCheckCount         0040e560 f   LIBCMTD:dbgheap.obj
 0001:0000d570       __aligned_msize            0040e570 f   LIBCMTD:dbgheap.obj
 0001:0000d590       __aligned_msize_dbg        0040e590 f   LIBCMTD:dbgheap.obj
 0001:0000d6a0       __CrtDbgBreak              0040e6a0 f   LIBCMTD:dbgrptt.obj
 0001:0000d6b0       __CrtSetReportMode         0040e6b0 f   LIBCMTD:dbgrptt.obj
 0001:0000d7f0       __CrtSetReportFile         0040e7f0 f   LIBCMTD:dbgrptt.obj
 0001:0000d8f0       __CrtSetReportHook         0040e8f0 f   LIBCMTD:dbgrptt.obj
 0001:0000d910       __CrtGetReportHook         0040e910 f   LIBCMTD:dbgrptt.obj
 0001:0000d920       __VCrtDbgReportA           0040e920 f   LIBCMTD:dbgrptt.obj
 0001:0000e150       __VCrtDbgReportW           0040f150 f   LIBCMTD:dbgrptt.obj
 0001:0000ea80       __initp_misc_invarg        0040fa80 f   LIBCMTD:invarg.obj
 0001:0000ea90       __invalid_parameter        0040fa90 f   LIBCMTD:invarg.obj
 0001:0000eb00       __invoke_watson            0040fb00 f   LIBCMTD:invarg.obj
 0001:0000ec50       __set_invalid_parameter_handler 0040fc50 f   LIBCMTD:invarg.obj
 0001:0000eca0       __get_invalid_parameter_handler 0040fca0 f   LIBCMTD:invarg.obj
 0001:0000ecd0       ?_invalid_parameter@@YAXPBG00II@Z 0040fcd0 f   LIBCMTD:invarg.obj
 0001:0000ed00       ?_invoke_watson@@YAXPBG00II@Z 0040fd00 f   LIBCMTD:invarg.obj
 0001:0000ed30       __dosmaperr                0040fd30 f   LIBCMTD:dosmap.obj
 0001:0000ed60       __get_errno_from_oserr     0040fd60 f   LIBCMTD:dosmap.obj
 0001:0000ede0       __set_errno                0040fde0 f   LIBCMTD:dosmap.obj
 0001:0000ee10       __get_errno                0040fe10 f   LIBCMTD:dosmap.obj
 0001:0000ee90       __set_doserrno             0040fe90 f   LIBCMTD:dosmap.obj
 0001:0000eec0       __get_doserrno             0040fec0 f   LIBCMTD:dosmap.obj
 0001:0000ef40       __errno                    0040ff40 f   LIBCMTD:dosmap.obj
 0001:0000ef70       ___doserrno                0040ff70 f   LIBCMTD:dosmap.obj
 0001:0000efa0       __crt_waiting_on_module_handle 0040ffa0 f   LIBCMTD:crt0dat.obj
 0001:0000f000       __cinit                    00410000 f   LIBCMTD:crt0dat.obj
 0001:0000f0a0       _exit                      004100a0 f   LIBCMTD:crt0dat.obj
 0001:0000f0c0       __exit                     004100c0 f   LIBCMTD:crt0dat.obj
 0001:0000f0e0       __cexit                    004100e0 f   LIBCMTD:crt0dat.obj
 0001:0000f100       __c_exit                   00410100 f   LIBCMTD:crt0dat.obj
 0001:0000f120       __amsg_exit                00410120 f   LIBCMTD:crt0dat.obj
 0001:0000f160       ___freeCrtMemory           00410160 f   LIBCMTD:crt0dat.obj
 0001:0000f4b0       ___crtCorExitProcess       004104b0 f   LIBCMTD:crt0dat.obj
 0001:0000f4f0       ___crtExitProcess          004104f0 f   LIBCMTD:crt0dat.obj
 0001:0000f510       __lockexit                 00410510 f   LIBCMTD:crt0dat.obj
 0001:0000f530       __unlockexit               00410530 f   LIBCMTD:crt0dat.obj
 0001:0000f550       __init_pointers            00410550 f   LIBCMTD:crt0dat.obj
 0001:0000f610       __initterm_e               00410610 f   LIBCMTD:crt0dat.obj
 0001:0000f650       __get_wpgmptr              00410650 f   LIBCMTD:crt0dat.obj
 0001:0000f740       __get_pgmptr               00410740 f   LIBCMTD:crt0dat.obj
 0001:0000f830       __initp_misc_winsig        00410830 f   LIBCMTD:winsig.obj
 0001:0000f860       _signal                    00410860 f   LIBCMTD:winsig.obj
 0001:0000fd00       _raise                     00410d00 f   LIBCMTD:winsig.obj
 0001:00010070       ___get_sigabrt             00411070 f   LIBCMTD:winsig.obj
 0001:00010090       ___fpecode                 00411090 f   LIBCMTD:winsig.obj
 0001:000100a0       ___pxcptinfoptrs           004110a0 f   LIBCMTD:winsig.obj
 0001:000100b0       ___crtMessageBoxW          004110b0 f   LIBCMTD:crtmboxw.obj
 0001:000102d0       __swprintf                 004112d0 f   LIBCMTD:swprintf.obj
 0001:000104a0       ___swprintf_l              004114a0 f   LIBCMTD:swprintf.obj
 0001:000104d0       _swprintf_s                004114d0 f   LIBCMTD:swprintf.obj
 0001:00010500       __snwprintf_s              00411500 f   LIBCMTD:swprintf.obj
 0001:00010530       __swprintf_p               00411530 f   LIBCMTD:swprintf.obj
 0001:00010560       __swprintf_s_l             00411560 f   LIBCMTD:swprintf.obj
 0001:00010590       __snwprintf_s_l            00411590 f   LIBCMTD:swprintf.obj
 0001:000105c0       __swprintf_p_l             004115c0 f   LIBCMTD:swprintf.obj
 0001:000105f0       __scwprintf                004115f0 f   LIBCMTD:swprintf.obj
 0001:00010610       __scwprintf_p              00411610 f   LIBCMTD:swprintf.obj
 0001:00010630       __scwprintf_l              00411630 f   LIBCMTD:swprintf.obj
 0001:00010660       __scwprintf_p_l            00411660 f   LIBCMTD:swprintf.obj
 0001:00010690       _memcpy_s                  00411690 f   LIBCMTD:memcpy_s.obj
 0001:00010820       _wcslen                    00411820 f   LIBCMTD:wcslen.obj
 0001:00010850       _wcscpy_s                  00411850 f   LIBCMTD:wcscpy_s.obj
 0001:00010b30       __chkstk                   00411b30 f   LIBCMTD:chkstk.obj
 0001:00010b30       __alloca_probe             00411b30     LIBCMTD:chkstk.obj
 0001:00010b60       ___updatetmbcinfo          00411b60 f   LIBCMTD:mbctype.obj
 0001:00010c70       __setmbcp                  00411c70 f   LIBCMTD:mbctype.obj
 0001:00011020       __setmbcp_nolock           00412020 f   LIBCMTD:mbctype.obj
 0001:00011810       __getmbcp                  00412810 f   LIBCMTD:mbctype.obj
 0001:00011880       ___initmbctable            00412880 f   LIBCMTD:mbctype.obj
 0001:000118b0       ____setlc_active_func      004128b0 f   LIBCMTD:setlocal.obj
 0001:000118c0       ____unguarded_readlc_active_add_func 004128c0 f   LIBCMTD:setlocal.obj
 0001:000118d0       ___freetlocinfo            004128d0 f   LIBCMTD:setlocal.obj
 0001:00011bb0       ___addlocaleref            00412bb0 f   LIBCMTD:setlocal.obj
 0001:00011cd0       ___removelocaleref         00412cd0 f   LIBCMTD:setlocal.obj
 0001:00011e00       ___updatetlocinfo          00412e00 f   LIBCMTD:setlocal.obj
 0001:00011f50       __configthreadlocale       00412f50 f   LIBCMTD:setlocal.obj
 0001:00012060       __locterm                  00413060 f   LIBCMTD:setlocal.obj
 0001:00012100       __free_locale              00413100 f   LIBCMTD:setlocal.obj
 0001:00012240       ___free_locale             00413240 f   LIBCMTD:setlocal.obj
 0001:00012260       __create_locale            00413260 f   LIBCMTD:setlocal.obj
 0001:00012490       ___create_locale           00413490 f   LIBCMTD:setlocal.obj
 0001:000124b0       __get_current_locale       004134b0 f   LIBCMTD:setlocal.obj
 0001:000125d0       ___get_current_locale      004135d0 f   LIBCMTD:setlocal.obj
 0001:000125e0       _setlocale                 004135e0 f   LIBCMTD:setlocal.obj
 0001:000134f0       __expandlocale             004144f0 f   LIBCMTD:setlocal.obj
 0001:000137a0       ___init_dummy              004147a0 f   LIBCMTD:setlocal.obj
 0001:000137b0       __strcats                  004147b0 f   LIBCMTD:setlocal.obj
 0001:00013830       ___lc_strtolc              00414830 f   LIBCMTD:setlocal.obj
 0001:00013a30       ___lc_lctostr              00414a30 f   LIBCMTD:setlocal.obj
 0001:00013ad0       ?__CxxUnhandledExceptionFilter@@YGJPAU_EXCEPTION_POINTERS@@@Z 00414ad0 f   LIBCMTD:unhandld.obj
 0001:00013b40       ___CxxSetUnhandledExceptionFilter 00414b40 f   LIBCMTD:unhandld.obj
 0001:00013b60       ___security_init_cookie    00414b60 f   LIBCMTD:gs_support.obj
 0001:00013c40       __initp_misc_winxfltr      00414c40 f   LIBCMTD:winxfltr.obj
 0001:00013c50       ___CppXcptFilter           00414c50 f   LIBCMTD:winxfltr.obj
 0001:00013c80       __XcptFilter               00414c80 f   LIBCMTD:winxfltr.obj
 0001:00013eb0       __wincmdln                 00414eb0 f   LIBCMTD:wincmdln.obj
 0001:00013f80       __setenvp                  00414f80 f   LIBCMTD:stdenvp.obj
 0001:00014120       __setargv                  00415120 f   LIBCMTD:stdargv.obj
 0001:00014240       __set_pgmptr               00415240 f i LIBCMTD:stdargv.obj
 0001:000145b0       ___crtGetEnvironmentStringsA 004155b0 f   LIBCMTD:a_env.obj
 0001:000147d0       __ioinit                   004157d0 f   LIBCMTD:ioinit.obj
 0001:00014c70       __ioterm                   00415c70 f   LIBCMTD:ioinit.obj
 0001:00014d10       __RTC_Initialize           00415d10 f   LIBCMTD:_initsect_.obj
 0001:00014d40       __RTC_Terminate            00415d40 f   LIBCMTD:_initsect_.obj
 0001:00014d70       ___heap_select             00415d70 f   LIBCMTD:heapinit.obj
 0001:00014d90       __heap_init                00415d90 f   LIBCMTD:heapinit.obj
 0001:00014e10       __heap_term                00415e10 f   LIBCMTD:heapinit.obj
 0001:00014eb0       __get_heap_handle          00415eb0 f   LIBCMTD:heapinit.obj
 0001:00014ee8       __local_unwind4            00415ee8 f   LIBCMTD:exsup4.obj
 0001:00014fbe       __seh_longjmp_unwind4@4    00415fbe f   LIBCMTD:exsup4.obj
 0001:00014fda       @_EH4_CallFilterFunc@8     00415fda f   LIBCMTD:exsup4.obj
 0001:00014ff1       @_EH4_TransferToHandler@8  00415ff1 f   LIBCMTD:exsup4.obj
 0001:0001500a       @_EH4_GlobalUnwind@4       0041600a f   LIBCMTD:exsup4.obj
 0001:00015024       @_EH4_LocalUnwind@16       00416024 f   LIBCMTD:exsup4.obj
 0001:00015040       __ValidateImageBase        00416040 f   LIBCMTD:pesect.obj
 0001:000150a0       __FindPESection            004160a0 f   LIBCMTD:pesect.obj
 0001:00015120       __IsNonwritableInCurrentImage 00416120 f   LIBCMTD:pesect.obj
 0001:00015240       __setdefaultprecision      00416240 f   LIBCMTD:fp8.obj
 0001:00015280       __ms_p5_test_fdiv          00416280 f   LIBCMTD:_testfdiv_.obj
 0001:000152d0       __ms_p5_mp_test_fdiv       004162d0 f   LIBCMTD:_testfdiv_.obj
 0001:00015320       __forcdecpt                00416320 f   LIBCMTD:cvt.obj
 0001:00015340       __forcdecpt_l              00416340 f   LIBCMTD:cvt.obj
 0001:00015400       __cropzeros                00416400 f   LIBCMTD:cvt.obj
 0001:00015420       __cropzeros_l              00416420 f   LIBCMTD:cvt.obj
 0001:00015530       __positive                 00416530 f   LIBCMTD:cvt.obj
 0001:00015560       __fassign_l                00416560 f   LIBCMTD:cvt.obj
 0001:000155c0       __fassign                  004165c0 f   LIBCMTD:cvt.obj
 0001:000155e0       __cftoe_l                  004165e0 f   LIBCMTD:cvt.obj
 0001:00015b30       __cftoe                    00416b30 f   LIBCMTD:cvt.obj
 0001:00015b60       __cftoa_l                  00416b60 f   LIBCMTD:cvt.obj
 0001:00016330       ?strrchr@@YAPADPADH@Z      00417330 f i LIBCMTD:cvt.obj
 0001:00016350       __cftoa                    00417350 f   LIBCMTD:cvt.obj
 0001:00016380       __cftof_l                  00417380 f   LIBCMTD:cvt.obj
 0001:00016790       __cftof                    00417790 f   LIBCMTD:cvt.obj
 0001:000167c0       __cftog_l                  004177c0 f   LIBCMTD:cvt.obj
 0001:000169f0       __cftog                    004179f0 f   LIBCMTD:cvt.obj
 0001:00016a20       __cfltcvt_l                00417a20 f   LIBCMTD:cvt.obj
 0001:00016ae0       __cfltcvt                  00417ae0 f   LIBCMTD:cvt.obj
 0001:00016b40       __initp_misc_cfltcvt_tab   00417b40 f   LIBCMTD:cmiscdat.obj
 0001:00016b90       __VEC_memzero              00417b90 f   LIBCMTD:p4_memset.obj
 0001:00016c80       __get_sse2_info            00417c80 f   LIBCMTD:cpu_disp.obj
 0001:00016db0       ___sse2_available_init     00417db0 f   LIBCMTD:cpu_disp.obj
 0001:00016dd0       _strcpy_s                  00417dd0 f   LIBCMTD:strcpy_s.obj
 0001:000170b0       _strlen                    004180b0 f   LIBCMTD:strlen.obj
 0001:00017140       ?_RTC_GetSrcLine@@YAHPAEPA_WKPAH1K@Z 00418140 f   LIBCMTD:_pdblkup_.obj
 0001:000175e0       __CrtSetReportHook2        004185e0 f   LIBCMTD:dbgrpt.obj
 0001:00017900       __CrtDbgReport             00418900 f   LIBCMTD:dbgrpt.obj
 0001:00017940       __CrtDbgReportV            00418940 f i LIBCMTD:dbgrpt.obj
 0001:00017970       ___crtMessageWindowA       00418970 f   LIBCMTD:dbgrpt.obj
 0001:00017d70       ___unDName                 00418d70 f   LIBCMTD:undname.obj
 0001:00017e50       ?Constructor@HeapManager@@QAEXP6APAXI@ZP6AXPAX@Z@Z 00418e50 f i LIBCMTD:undname.obj
 0001:00017e90       ?Destructor@HeapManager@@QAEXXZ 00418e90 f i LIBCMTD:undname.obj
 0001:00017ee0       ___unDNameEx               00418ee0 f   LIBCMTD:undname.obj
 0001:00017fc0       ??0UnDecorator@@QAE@PADPBDHP6APADJ@ZK@Z 00418fc0 f i LIBCMTD:undname.obj
 0001:00018060       ??BUnDecorator@@QAEPADXZ   00419060 f i LIBCMTD:undname.obj
 0001:00018290       ?dbGetString@DName@@QBEPADXZ 00419290 f   LIBCMTD:undname.obj
 0001:000182c0       ?getDecoratedName@UnDecorator@@CA?AVDName@@XZ 004192c0 f   LIBCMTD:undname.obj
 0001:000185d0       ?getSymbolName@UnDecorator@@CA?AVDName@@XZ 004195d0 f i LIBCMTD:undname.obj
 0001:00018650       ?getZName@UnDecorator@@CA?AVDName@@_N0@Z 00419650 f   LIBCMTD:undname.obj
 0001:000188f0       ?getOperatorName@UnDecorator@@CA?AVDName@@_NPA_N@Z 004198f0 f i LIBCMTD:undname.obj
 0001:00019260       ?getStringEncoding@UnDecorator@@CA?AVDName@@PADH@Z 0041a260 f   LIBCMTD:undname.obj
 0001:00019360       ?getScope@UnDecorator@@CA?AVDName@@XZ 0041a360 f   LIBCMTD:undname.obj
 0001:00019740       ?getSignedDimension@UnDecorator@@CA?AVDName@@XZ 0041a740 f   LIBCMTD:undname.obj
 0001:000197c0       ?getDimension@UnDecorator@@CA?AVDName@@_N@Z 0041a7c0 f   LIBCMTD:undname.obj
 0001:00019a70       ?getNumberOfDimensions@UnDecorator@@CAHXZ 0041aa70 f   LIBCMTD:undname.obj
 0001:00019b70       ?getTemplateName@UnDecorator@@CA?AVDName@@_N@Z 0041ab70 f   LIBCMTD:undname.obj
 0001:00019d30       ?getTemplateArgumentList@UnDecorator@@CA?AVDName@@XZ 0041ad30 f   LIBCMTD:undname.obj
 0001:00019fc0       ?getTemplateConstant@UnDecorator@@CA?AVDName@@XZ 0041afc0 f   LIBCMTD:undname.obj
 0001:0001a450       ?composeDeclaration@UnDecorator@@CA?AVDName@@ABV2@@Z 0041b450 f i LIBCMTD:undname.obj
 0001:0001ba50       ?getTypeEncoding@UnDecorator@@CAHXZ 0041ca50 f i LIBCMTD:undname.obj
 0001:0001c490       ?getBasedType@UnDecorator@@CA?AVDName@@XZ 0041d490 f   LIBCMTD:undname.obj
 0001:0001c550       ?getScopedName@UnDecorator@@CA?AVDName@@XZ 0041d550 f   LIBCMTD:undname.obj
 0001:0001c670       ?getCallingConvention@UnDecorator@@CA?AVDName@@XZ 0041d670 f   LIBCMTD:undname.obj
 0001:0001c7d0       ?getReturnType@UnDecorator@@CA?AVDName@@PAV2@@Z 0041d7d0 f   LIBCMTD:undname.obj
 0001:0001c820       ?getDataType@UnDecorator@@CA?AVDName@@PAV2@@Z 0041d820 f   LIBCMTD:undname.obj
 0001:0001c930       ?getPrimaryDataType@UnDecorator@@CA?AVDName@@ABV2@@Z 0041d930 f   LIBCMTD:undname.obj
 0001:0001cbe0       ?getArgumentTypes@UnDecorator@@CA?AVDName@@XZ 0041dbe0 f   LIBCMTD:undname.obj
 0001:0001cd40       ?getArgumentList@UnDecorator@@CA?AVDName@@XZ 0041dd40 f   LIBCMTD:undname.obj
 0001:0001ce90       ?getThrowTypes@UnDecorator@@CA?AVDName@@XZ 0041de90 f   LIBCMTD:undname.obj
 0001:0001cf40       ?getBasicDataType@UnDecorator@@CA?AVDName@@ABV2@@Z 0041df40 f   LIBCMTD:undname.obj
 0001:0001d4f0       ?getECSUDataType@UnDecorator@@CA?AVDName@@XZ 0041e4f0 f   LIBCMTD:undname.obj
 0001:0001d6c0       ?getECSUName@UnDecorator@@CA?AVDName@@XZ 0041e6c0 f i LIBCMTD:undname.obj
 0001:0001d6e0       ?getEnumType@UnDecorator@@CA?AVDName@@XZ 0041e6e0 f i LIBCMTD:undname.obj
 0001:0001d830       ?getFunctionIndirectType@UnDecorator@@CA?AVDName@@ABV2@@Z 0041e830 f   LIBCMTD:undname.obj
 0001:0001dc70       ?getPtrRefType@UnDecorator@@CA?AVDName@@ABV2@0D@Z 0041ec70 f   LIBCMTD:undname.obj
 0001:0001ddd0       ?getExtendedDataIndirectType@UnDecorator@@CA?AVDName@@AADAA_NH@Z 0041edd0 f   LIBCMTD:undname.obj
 0001:0001dfe0       ?getDataIndirectType@UnDecorator@@CA?AVDName@@ABV2@D0H@Z 0041efe0 f   LIBCMTD:undname.obj
 0001:0001e6e0       ?getPtrRefDataType@UnDecorator@@CA?AVDName@@ABV2@H@Z 0041f6e0 f i LIBCMTD:undname.obj
 0001:0001e820       ?getArrayType@UnDecorator@@CA?AVDName@@ABV2@@Z 0041f820 f i LIBCMTD:undname.obj
 0001:0001ea50       ?getLexicalFrame@UnDecorator@@CA?AVDName@@XZ 0041fa50 f i LIBCMTD:undname.obj
 0001:0001ea90       ?getThisType@UnDecorator@@CA?AVDName@@XZ 0041fa90 f i LIBCMTD:undname.obj
 0001:0001ead0       ?getPointerType@UnDecorator@@CA?AVDName@@ABV2@0@Z 0041fad0 f i LIBCMTD:undname.obj
 0001:0001eaf0       ?getPointerTypeArray@UnDecorator@@CA?AVDName@@ABV2@0@Z 0041faf0 f i LIBCMTD:undname.obj
 0001:0001eb10       ?getReferenceType@UnDecorator@@CA?AVDName@@ABV2@0@Z 0041fb10 f i LIBCMTD:undname.obj
 0001:0001eb30       ?getDisplacement@UnDecorator@@CA?AVDName@@XZ 0041fb30 f i LIBCMTD:undname.obj
 0001:0001eb50       ?getCallIndex@UnDecorator@@CA?AVDName@@XZ 0041fb50 f i LIBCMTD:undname.obj
 0001:0001eb70       ?getGuardNumber@UnDecorator@@CA?AVDName@@XZ 0041fb70 f i LIBCMTD:undname.obj
 0001:0001eb90       ?getVbTableType@UnDecorator@@CA?AVDName@@ABV2@@Z 0041fb90 f i LIBCMTD:undname.obj
 0001:0001ebb0       ?getVCallThunkType@UnDecorator@@CA?AVDName@@XZ 0041fbb0 f i LIBCMTD:undname.obj
 0001:0001ec10       ?getVfTableType@UnDecorator@@CA?AVDName@@ABV2@@Z 0041fc10 f i LIBCMTD:undname.obj
 0001:0001edd0       ?getStorageConvention@UnDecorator@@CA?AVDName@@XZ 0041fdd0 f i LIBCMTD:undname.obj
 0001:0001edf0       ?getDataIndirectType@UnDecorator@@CA?AVDName@@XZ 0041fdf0 f i LIBCMTD:undname.obj
 0001:0001ee30       ?getVdispMapType@UnDecorator@@CA?AVDName@@ABV2@@Z 0041fe30 f i LIBCMTD:undname.obj
 0001:0001eea0       ?getExternalDataType@UnDecorator@@CA?AVDName@@ABV2@@Z 0041fea0 f i LIBCMTD:undname.obj
 0001:0001ef30       ?doMSKeywords@UnDecorator@@SAHXZ 0041ff30 f i LIBCMTD:undname.obj
 0001:0001ef50       ?doPtr64@UnDecorator@@SAHXZ 0041ff50 f i LIBCMTD:undname.obj
 0001:0001ef70       ?doFunctionReturns@UnDecorator@@SAHXZ 0041ff70 f i LIBCMTD:undname.obj
 0001:0001ef90       ?doAllocationModel@UnDecorator@@SAHXZ 0041ff90 f i LIBCMTD:undname.obj
 0001:0001efb0       ?doAllocationLanguage@UnDecorator@@SAHXZ 0041ffb0 f i LIBCMTD:undname.obj
 0001:0001efd0       ?doThisTypes@UnDecorator@@SAHXZ 0041ffd0 f i LIBCMTD:undname.obj
 0001:0001eff0       ?doAccessSpecifiers@UnDecorator@@SAHXZ 0041fff0 f i LIBCMTD:undname.obj
 0001:0001f010       ?doThrowTypes@UnDecorator@@SAHXZ 00420010 f i LIBCMTD:undname.obj
 0001:0001f030       ?doMemberTypes@UnDecorator@@SAHXZ 00420030 f i LIBCMTD:undname.obj
 0001:0001f050       ?doNameOnly@UnDecorator@@SAHXZ 00420050 f i LIBCMTD:undname.obj
 0001:0001f070       ?doTypeOnly@UnDecorator@@SAHXZ 00420070 f i LIBCMTD:undname.obj
 0001:0001f090       ?haveTemplateParameters@UnDecorator@@SAHXZ 00420090 f i LIBCMTD:undname.obj
 0001:0001f0b0       ?doEcsu@UnDecorator@@SAHXZ 004200b0 f i LIBCMTD:undname.obj
 0001:0001f0d0       ?doEllipsis@UnDecorator@@SAHXZ 004200d0 f i LIBCMTD:undname.obj
 0001:0001f0f0       ?UScore@UnDecorator@@SAPBDW4Tokens@@@Z 004200f0 f   LIBCMTD:undname.obj
 0001:0001f120       ?doUnderScore@UnDecorator@@SAHXZ 00420120 f i LIBCMTD:undname.obj
 0001:0001f140       ??2@YAPAXIAAVHeapManager@@H@Z 00420140 f i LIBCMTD:undname.obj
 0001:0001f160       ?getMemory@HeapManager@@QAEPAXIH@Z 00420160 f   LIBCMTD:undname.obj
 0001:0001f270       ??0Block@HeapManager@@QAE@XZ 00420270 f i LIBCMTD:undname.obj
 0001:0001f290       ??H@YA?AVDName@@DABV0@@Z   00420290 f i LIBCMTD:undname.obj
 0001:0001f2c0       ??H@YA?AVDName@@W4DNameStatus@@ABV0@@Z 004202c0 f i LIBCMTD:undname.obj
 0001:0001f2f0       ??H@YA?AVDName@@PBDABV0@@Z 004202f0 f i LIBCMTD:undname.obj
 0001:0001f320       ??0DName@@QAE@XZ           00420320 f i LIBCMTD:undname.obj
 0001:0001f3e0       ??0DName@@QAE@D@Z          004203e0 f   LIBCMTD:undname.obj
 0001:0001f4c0       ??0DName@@QAE@ABV0@@Z      004204c0 f i LIBCMTD:undname.obj
 0001:0001f4f0       ??0DName@@QAE@PAV0@@Z      004204f0 f   LIBCMTD:undname.obj
 0001:0001f620       ??0DName@@QAE@PBD@Z        00420620 f   LIBCMTD:undname.obj
 0001:0001f700       ??0DName@@QAE@AAPBDD@Z     00420700 f   LIBCMTD:undname.obj
 0001:0001f9c0       ?doNoIdentCharCheck@UnDecorator@@SAHXZ 004209c0 f i LIBCMTD:undname.obj
 0001:0001f9e0       ??0DName@@QAE@_K@Z         004209e0 f   LIBCMTD:undname.obj
 0001:0001fb20       ??0DName@@QAE@_J@Z         00420b20 f   LIBCMTD:undname.obj
 0001:0001fca0       ??0DName@@QAE@W4DNameStatus@@@Z 00420ca0 f   LIBCMTD:undname.obj
 0001:0001fdc0       ?isValid@DName@@QBEHXZ     00420dc0 f i LIBCMTD:undname.obj
 0001:0001fdf0       ?isEmpty@DName@@QBEHXZ     00420df0 f i LIBCMTD:undname.obj
 0001:0001fe10       ?status@DName@@QBE?AW4DNameStatus@@XZ 00420e10 f i LIBCMTD:undname.obj
 0001:0001fe30       ?setPtrRef@DName@@QAEAAV1@XZ 00420e30 f i LIBCMTD:undname.obj
 0001:0001fe60       ?isPtrRef@DName@@QBEHXZ    00420e60 f i LIBCMTD:undname.obj
 0001:0001fe80       ?isUDC@DName@@QBEHXZ       00420e80 f i LIBCMTD:undname.obj
 0001:0001fec0       ?setIsUDC@DName@@QAEXXZ    00420ec0 f i LIBCMTD:undname.obj
 0001:0001fef0       ?isUDTThunk@DName@@QBEHXZ  00420ef0 f i LIBCMTD:undname.obj
 0001:0001ff30       ?setIsArray@DName@@QAEXXZ  00420f30 f i LIBCMTD:undname.obj
 0001:0001ff50       ?isArray@DName@@QBEHXZ     00420f50 f i LIBCMTD:undname.obj
 0001:0001ff70       ?isNoTE@DName@@QBEHXZ      00420f70 f i LIBCMTD:undname.obj
 0001:0001ff90       ?setIsNoTE@DName@@QAEXXZ   00420f90 f i LIBCMTD:undname.obj
 0001:0001ffb0       ?isPinPtr@DName@@QBEHXZ    00420fb0 f i LIBCMTD:undname.obj
 0001:0001ffd0       ?setIsPinPtr@DName@@QAEXXZ 00420fd0 f i LIBCMTD:undname.obj
 0001:0001fff0       ?isComArray@DName@@QBEHXZ  00420ff0 f i LIBCMTD:undname.obj
 0001:00020010       ?setIsComArray@DName@@QAEXXZ 00421010 f i LIBCMTD:undname.obj
 0001:00020030       ?isVCallThunk@DName@@QBEHXZ 00421030 f i LIBCMTD:undname.obj
 0001:00020050       ?setIsVCallThunk@DName@@QAEXXZ 00421050 f i LIBCMTD:undname.obj
 0001:00020070       ?length@DName@@QBEHXZ      00421070 f i LIBCMTD:undname.obj
 0001:000200a0       ?getLastChar@DName@@QBEDXZ 004210a0 f i LIBCMTD:undname.obj
 0001:000200d0       ?getString@DName@@QBEPADPADH@Z 004210d0 f i LIBCMTD:undname.obj
 0001:00020160       ?getString@DName@@QBEPADPAD0@Z 00421160 f i LIBCMTD:undname.obj
 0001:000201a0       ??HDName@@QBE?AV0@D@Z      004211a0 f   LIBCMTD:undname.obj
 0001:000201e0       ??HDName@@QBE?AV0@PBD@Z    004211e0 f   LIBCMTD:undname.obj
 0001:00020220       ??HDName@@QBE?AV0@ABV0@@Z  00421220 f   LIBCMTD:undname.obj
 0001:00020260       ??HDName@@QBE?AV0@PAV0@@Z  00421260 f   LIBCMTD:undname.obj
 0001:000202a0       ??HDName@@QBE?AV0@W4DNameStatus@@@Z 004212a0 f   LIBCMTD:undname.obj
 0001:000202e0       ?append@DName@@AAEXPAVDNameNode@@@Z 004212e0 f   LIBCMTD:undname.obj
 0001:00020370       ??YDName@@QAEAAV0@D@Z      00421370 f   LIBCMTD:undname.obj
 0001:00020400       ??YDName@@QAEAAV0@PBD@Z    00421400 f   LIBCMTD:undname.obj
 0001:000204a0       ??YDName@@QAEAAV0@ABV0@@Z  004214a0 f   LIBCMTD:undname.obj
 0001:00020510       ??YDName@@QAEAAV0@PAV0@@Z  00421510 f   LIBCMTD:undname.obj
 0001:000205d0       ??YDName@@QAEAAV0@W4DNameStatus@@@Z 004215d0 f   LIBCMTD:undname.obj
 0001:00020640       ??_5DName@@QAEAAV0@ABV0@@Z 00421640 f   LIBCMTD:undname.obj
 0001:000206a0       ??4DName@@QAEAAV0@D@Z      004216a0 f i LIBCMTD:undname.obj
 0001:00020780       ??4DName@@QAEAAV0@PBD@Z    00421780 f   LIBCMTD:undname.obj
 0001:00020860       ??4DName@@QAEAAV0@ABV0@@Z  00421860 f   LIBCMTD:undname.obj
 0001:00020890       ??4DName@@QAEAAV0@PAV0@@Z  00421890 f   LIBCMTD:undname.obj
 0001:000209d0       ??4DName@@QAEAAV0@W4DNameStatus@@@Z 004219d0 f   LIBCMTD:undname.obj
 0001:00020ad0       ?doPchar@DName@@AAEXPBDH@Z 00421ad0 f   LIBCMTD:undname.obj
 0001:00020c10       ?isFull@Replicator@@QBEHXZ 00421c10 f i LIBCMTD:undname.obj
 0001:00020c30       ??0Replicator@@QAE@XZ      00421c30 f i LIBCMTD:undname.obj
 0001:00020c50       ??YReplicator@@QAEAAV0@ABVDName@@@Z 00421c50 f   LIBCMTD:undname.obj
 0001:00020ce0       ??AReplicator@@QBE?AVDName@@H@Z 00421ce0 f   LIBCMTD:undname.obj
 0001:00020d50       ??0DNameNode@@IAE@XZ       00421d50 f   LIBCMTD:undname.obj
 0001:00020d70       ??0charNode@@QAE@D@Z       00421d70 f   LIBCMTD:undname.obj
 0001:00020da0       ?length@charNode@@UBEHXZ   00421da0 f i LIBCMTD:undname.obj
 0001:00020dc0       ?getLastChar@charNode@@UBEDXZ 00421dc0 f i LIBCMTD:undname.obj
 0001:00020de0       ?getString@charNode@@UBEPADPAD0@Z 00421de0 f i LIBCMTD:undname.obj
 0001:00020e10       ??0pcharNode@@QAE@PBDH@Z   00421e10 f   LIBCMTD:undname.obj
 0001:00020ea0       ?length@pcharNode@@UBEHXZ  00421ea0 f i LIBCMTD:undname.obj
 0001:00020ec0       ?getLastChar@pcharNode@@UBEDXZ 00421ec0 f i LIBCMTD:undname.obj
 0001:00020f00       ?getString@pcharNode@@UBEPADPAD0@Z 00421f00 f i LIBCMTD:undname.obj
 0001:00020f30       ?getStringHelper@@YAPADPAD00H@Z 00421f30 f i LIBCMTD:undname.obj
 0001:00020f70       ??0pDNameNode@@QAE@PAVDName@@@Z 00421f70 f   LIBCMTD:undname.obj
 0001:00020fd0       ?length@pDNameNode@@UBEHXZ 00421fd0 f i LIBCMTD:undname.obj
 0001:00021010       ?getLastChar@pDNameNode@@UBEDXZ 00422010 f i LIBCMTD:undname.obj
 0001:00021040       ?getString@pDNameNode@@UBEPADPAD0@Z 00422040 f i LIBCMTD:undname.obj
 0001:00021080       ??0DNameStatusNode@@AAE@W4DNameStatus@@@Z 00422080 f   LIBCMTD:undname.obj
 0001:000210d0       ?length@DNameStatusNode@@UBEHXZ 004220d0 f i LIBCMTD:undname.obj
 0001:000210f0       ?getLastChar@DNameStatusNode@@UBEDXZ 004220f0 f i LIBCMTD:undname.obj
 0001:00021110       ?getString@DNameStatusNode@@UBEPADPAD0@Z 00422110 f i LIBCMTD:undname.obj
 0001:00021150       ?make@DNameStatusNode@@SAPAV1@W4DNameStatus@@@Z 00422150 f i LIBCMTD:undname.obj
 0001:00021200       ??0pairNode@@QAE@PAVDNameNode@@0@Z 00422200 f   LIBCMTD:undname.obj
 0001:00021240       ?length@pairNode@@UBEHXZ   00422240 f i LIBCMTD:undname.obj
 0001:00021290       ?getLastChar@pairNode@@UBEDXZ 00422290 f i LIBCMTD:undname.obj
 0001:000212e0       ?getString@pairNode@@UBEPADPAD0@Z 004222e0 f i LIBCMTD:undname.obj
 0001:00021420       _V6_HeapAlloc              00422420 f   LIBCMTD:malloc.obj
 0001:000214c0       __malloc_base              004224c0 f   LIBCMTD:malloc.obj
 0001:00021550       __heap_alloc_base          00422550 f i LIBCMTD:malloc.obj
 0001:00021610       __free_base                00422610 f   LIBCMTD:free.obj
 0001:00021740       __set_error_mode           00422740 f   LIBCMTD:errmode.obj
 0001:00021800       ___set_app_type            00422800 f   LIBCMTD:errmode.obj
 0001:00021810       ___get_app_type            00422810 f   LIBCMTD:errmode.obj
 0001:00021820       ___crtMessageBoxA          00422820 f   LIBCMTD:crtmbox.obj
 0001:00021a40       _strcat_s                  00422a40 f   LIBCMTD:strcat_s.obj
 0001:00021e20       _strncpy_s                 00422e20 f   LIBCMTD:strncpy_s.obj
 0001:00022210       __isalpha_l                00423210 f i LIBCMTD:_ctype.obj
 0001:000222a0       _isalpha                   004232a0 f i LIBCMTD:_ctype.obj
 0001:000222e0       __isupper_l                004232e0 f i LIBCMTD:_ctype.obj
 0001:00022360       _isupper                   00423360 f i LIBCMTD:_ctype.obj
 0001:00022390       __islower_l                00423390 f i LIBCMTD:_ctype.obj
 0001:00022410       _islower                   00423410 f i LIBCMTD:_ctype.obj
 0001:00022440       __isdigit_l                00423440 f i LIBCMTD:_ctype.obj
 0001:000224c0       _isdigit                   004234c0 f i LIBCMTD:_ctype.obj
 0001:000224f0       __isxdigit_l               004234f0 f i LIBCMTD:_ctype.obj
 0001:00022580       _isxdigit                  00423580 f i LIBCMTD:_ctype.obj
 0001:000225c0       __isspace_l                004235c0 f i LIBCMTD:_ctype.obj
 0001:00022640       _isspace                   00423640 f i LIBCMTD:_ctype.obj
 0001:00022670       __ispunct_l                00423670 f i LIBCMTD:_ctype.obj
 0001:000226f0       _ispunct                   004236f0 f i LIBCMTD:_ctype.obj
 0001:00022720       __isalnum_l                00423720 f i LIBCMTD:_ctype.obj
 0001:000227b0       _isalnum                   004237b0 f i LIBCMTD:_ctype.obj
 0001:000227f0       __isprint_l                004237f0 f i LIBCMTD:_ctype.obj
 0001:00022880       _isprint                   00423880 f i LIBCMTD:_ctype.obj
 0001:000228c0       __isgraph_l                004238c0 f i LIBCMTD:_ctype.obj
 0001:00022950       _isgraph                   00423950 f i LIBCMTD:_ctype.obj
 0001:00022990       __iscntrl_l                00423990 f i LIBCMTD:_ctype.obj
 0001:00022a10       _iscntrl                   00423a10 f i LIBCMTD:_ctype.obj
 0001:00022a40       ___isascii                 00423a40 f i LIBCMTD:_ctype.obj
 0001:00022a60       ___toascii                 00423a60 f i LIBCMTD:_ctype.obj
 0001:00022a70       __iscsymf_l                00423a70 f i LIBCMTD:_ctype.obj
 0001:00022ab0       ___iscsymf                 00423ab0 f i LIBCMTD:_ctype.obj
 0001:00022af0       __iscsym_l                 00423af0 f i LIBCMTD:_ctype.obj
 0001:00022b30       ___iscsym                  00423b30 f i LIBCMTD:_ctype.obj
 0001:00022b70       ___crtGetLocaleInfoW       00423b70 f   LIBCMTD:w_loc.obj
 0001:00022be0       ___crtGetLocaleInfoA       00423be0 f   LIBCMTD:a_loc.obj
 0001:00022dc0       __MarkAllocaS              00423dc0 f i LIBCMTD:a_loc.obj
 0001:00022df0       __freea                    00423df0 f i LIBCMTD:a_loc.obj
 0001:00022e60       ?_ValidateRead@@YAHPBXI@Z  00423e60 f   LIBCMTD:validate.obj
 0001:00022e90       ?_ValidateWrite@@YAHPAXI@Z 00423e90 f   LIBCMTD:validate.obj
 0001:00022ec0       ?_ValidateExecute@@YAHP6GHXZ@Z 00423ec0 f   LIBCMTD:validate.obj
 0001:00022ef0       _memmove                   00423ef0 f   LIBCMTD:memmove.obj
 0001:00023258       __global_unwind2           00424258 f   LIBCMTD:exsup.obj
 0001:000232bd       __local_unwind2            004242bd f   LIBCMTD:exsup.obj
 0001:00023341       __abnormal_termination     00424341 f   LIBCMTD:exsup.obj
 0001:00023364       __NLG_Notify1              00424364 f   LIBCMTD:exsup.obj
 0001:0002336d       __NLG_Notify               0042436d f   LIBCMTD:exsup.obj
 0001:00023384       __NLG_Dispatch2            00424384     LIBCMTD:exsup.obj
 0001:00023384       __NLG_Dispatch             00424384     LIBCMTD:exsup.obj
 0001:0002338c       __NLG_Call                 0042438c f   LIBCMTD:exsup.obj
 0001:0002338e       __NLG_Return2              0042438e     LIBCMTD:exsup.obj
 0001:00023390       __CrtDefaultAllocHook      00424390 f   LIBCMTD:dbghook.obj
 0001:000233a0       __crt_debugger_hook        004243a0 f   LIBCMTD:dbghook.obj
 0001:000233c0       __initp_misc_initcrit      004243c0 f   LIBCMTD:initcrit.obj
 0001:000233d0       ___crtInitCritSecAndSpinCount 004243d0 f   LIBCMTD:initcrit.obj
 0001:00023480       __expand_base              00424480 f   LIBCMTD:expand.obj
 0001:00023750       __realloc_base             00424750 f   LIBCMTD:realloc.obj
 0001:00023af0       __heapchk                  00424af0 f   LIBCMTD:heapchk.obj
 0001:00023bc0       __heapset                  00424bc0 f   LIBCMTD:heapchk.obj
 0001:00023bd0       __get_sbh_threshold        00424bd0 f   LIBCMTD:sbheap.obj
 0001:00023c20       __set_sbh_threshold        00424c20 f   LIBCMTD:sbheap.obj
 0001:00023db0       __set_amblksiz             00424db0 f   LIBCMTD:sbheap.obj
 0001:00023ec0       __get_amblksiz             00424ec0 f   LIBCMTD:sbheap.obj
 0001:00023fb0       ___sbh_heap_init           00424fb0 f   LIBCMTD:sbheap.obj
 0001:00024020       ___sbh_find_block          00425020 f   LIBCMTD:sbheap.obj
 0001:00024080       ___sbh_verify_block        00425080 f   LIBCMTD:sbheap.obj
 0001:000240e0       ___sbh_free_block          004250e0 f   LIBCMTD:sbheap.obj
 0001:000246a0       ___sbh_alloc_block         004256a0 f   LIBCMTD:sbheap.obj
 0001:00024bc0       ___sbh_alloc_new_region    00425bc0 f   LIBCMTD:sbheap.obj
 0001:00024cd0       ___sbh_alloc_new_group     00425cd0 f   LIBCMTD:sbheap.obj
 0001:00024ec0       ___sbh_resize_block        00425ec0 f   LIBCMTD:sbheap.obj
 0001:00025490       ___sbh_heapmin             00426490 f   LIBCMTD:sbheap.obj
 0001:000255c0       ___sbh_heap_check          004265c0 f   LIBCMTD:sbheap.obj
 0001:00025ab0       _sprintf                   00426ab0 f   LIBCMTD:sprintf.obj
 0001:00025c30       __sprintf_l                00426c30 f   LIBCMTD:sprintf.obj
 0001:00025c60       _sprintf_s                 00426c60 f   LIBCMTD:sprintf.obj
 0001:00025c90       __sprintf_s_l              00426c90 f   LIBCMTD:sprintf.obj
 0001:00025cc0       __snprintf_s               00426cc0 f   LIBCMTD:sprintf.obj
 0001:00025cf0       __snprintf_s_l             00426cf0 f   LIBCMTD:sprintf.obj
 0001:00025d20       __sprintf_p                00426d20 f   LIBCMTD:sprintf.obj
 0001:00025d50       __sprintf_p_l              00426d50 f   LIBCMTD:sprintf.obj
 0001:00025d80       __scprintf                 00426d80 f   LIBCMTD:sprintf.obj
 0001:00025da0       __scprintf_p               00426da0 f   LIBCMTD:sprintf.obj
 0001:00025dc0       __scprintf_l               00426dc0 f   LIBCMTD:sprintf.obj
 0001:00025df0       __scprintf_p_l             00426df0 f   LIBCMTD:sprintf.obj
 0001:00025e20       __chvalidator              00426e20 f   LIBCMTD:isctype.obj
 0001:00025e70       __chvalidator_l            00426e70 f   LIBCMTD:isctype.obj
 0001:00025f20       __isctype_l                00426f20 f   LIBCMTD:isctype.obj
 0001:00026040       __isctype                  00427040 f   LIBCMTD:isctype.obj
 0001:00026080       _memcpy                    00427080 f   LIBCMTD:memcpy.obj
 0001:000263f0       __mbstowcs_l_helper        004273f0 f   LIBCMTD:mbstowcs.obj
 0001:00026740       __mbstowcs_l               00427740 f   LIBCMTD:mbstowcs.obj
 0001:00026760       _mbstowcs                  00427760 f   LIBCMTD:mbstowcs.obj
 0001:000267b0       __mbstowcs_s_l             004277b0 f   LIBCMTD:mbstowcs.obj
 0001:00026b30       _mbstowcs_s                00427b30 f   LIBCMTD:mbstowcs.obj
 0001:00026b60       __vsnprintf_helper         00427b60 f   LIBCMTD:vsnprnc.obj
 0001:00026d30       __vsnprintf_c              00427d30 f   LIBCMTD:vsnprnc.obj
 0001:00026d80       __vsnprintf_c_l            00427d80 f   LIBCMTD:vsnprnc.obj
 0001:00026dd0       __vsprintf_s_l             00427dd0 f   LIBCMTD:vsnprnc.obj
 0001:00027040       _vsprintf_s                00428040 f   LIBCMTD:vsnprnc.obj
 0001:00027070       __vsnprintf_s_l            00428070 f   LIBCMTD:vsnprnc.obj
 0001:00027410       __vsnprintf_s              00428410 f   LIBCMTD:vsnprnc.obj
 0001:00027440       __vsprintf_p               00428440 f   LIBCMTD:vsnprnc.obj
 0001:00027490       __vsprintf_p_l             00428490 f   LIBCMTD:vsnprnc.obj
 0001:000274e0       __itoa_s                   004284e0 f   LIBCMTD:xtoas.obj
 0001:000278b0       __ltoa_s                   004288b0 f   LIBCMTD:xtoas.obj
 0001:000278f0       __ultoa_s                  004288f0 f   LIBCMTD:xtoas.obj
 0001:00027910       __i64toa_s                 00428910 f   LIBCMTD:xtoas.obj
 0001:00027d10       __ui64toa_s                00428d10 f   LIBCMTD:xtoas.obj
 0001:00027d30       __wcstombs_l_helper        00428d30 f   LIBCMTD:wcstombs.obj
 0001:00028220       __wcstombs_l               00429220 f   LIBCMTD:wcstombs.obj
 0001:00028240       _wcstombs                  00429240 f   LIBCMTD:wcstombs.obj
 0001:00028260       __wcstombs_s_l             00429260 f   LIBCMTD:wcstombs.obj
 0001:00028590       _wcstombs_s                00429590 f   LIBCMTD:wcstombs.obj
 0001:000285c0       _wcscat_s                  004295c0 f   LIBCMTD:wcscat_s.obj
 0001:000289b0       __vswprintf_helper         004299b0 f   LIBCMTD:vswprnc.obj
 0001:00028be0       __vswprintf_c              00429be0 f   LIBCMTD:vswprnc.obj
 0001:00028c30       __vswprintf_c_l            00429c30 f   LIBCMTD:vswprnc.obj
 0001:00028c80       __vswprintf_s_l            00429c80 f   LIBCMTD:vswprnc.obj
 0001:00028ef0       _vswprintf_s               00429ef0 f   LIBCMTD:vswprnc.obj
 0001:00028f20       __vsnwprintf_s_l           00429f20 f   LIBCMTD:vswprnc.obj
 0001:000292d0       __vsnwprintf_s             0042a2d0 f   LIBCMTD:vswprnc.obj
 0001:00029300       __vswprintf_p              0042a300 f   LIBCMTD:vswprnc.obj
 0001:00029350       __vswprintf_p_l            0042a350 f   LIBCMTD:vswprnc.obj
 0001:000293a0       __itow_s                   0042a3a0 f   LIBCMTD:xtows.obj
 0001:00029780       __ltow_s                   0042a780 f   LIBCMTD:xtows.obj
 0001:000297c0       __ultow_s                  0042a7c0 f   LIBCMTD:xtows.obj
 0001:000297e0       __i64tow_s                 0042a7e0 f   LIBCMTD:xtows.obj
 0001:00029c00       __ui64tow_s                0042ac00 f   LIBCMTD:xtows.obj
 0001:00029c20       __initp_misc_rand_s        0042ac20 f   LIBCMTD:rand_s.obj
 0001:00029c30       _rand_s                    0042ac30 f   LIBCMTD:rand_s.obj
 0001:00029e50       __flsbuf                   0042ae50 f   LIBCMTD:_flsbuf.obj
 0001:0002a110       __woutput_l                0042b110 f   LIBCMTD:woutput.obj
 0001:0002b2e0       _get_int_arg               0042c2e0 f i LIBCMTD:woutput.obj
 0001:0002b300       _get_int64_arg             0042c300 f i LIBCMTD:woutput.obj
 0001:0002b320       __vswprintf_l              0042c320 f   LIBCMTD:vswprint.obj
 0001:0002b4f0       __vswprintf                0042c4f0 f   LIBCMTD:vswprint.obj
 0001:0002b510       ___vswprintf_l             0042c510 f   LIBCMTD:vswprint.obj
 0001:0002b530       __vscwprintf_helper        0042c530 f   LIBCMTD:vswprint.obj
 0001:0002b5f0       __vscwprintf               0042c5f0 f   LIBCMTD:vswprint.obj
 0001:0002b610       __vscwprintf_l             0042c610 f   LIBCMTD:vswprint.obj
 0001:0002b630       __vscwprintf_p             0042c630 f   LIBCMTD:vswprint.obj
 0001:0002b650       __vscwprintf_p_l           0042c650 f   LIBCMTD:vswprint.obj
 0001:0002b670       ___crtLCMapStringA         0042c670 f   LIBCMTD:a_map.obj
 0001:0002bc20       ___crtGetStringTypeA       0042cc20 f   LIBCMTD:a_str.obj
 0001:0002beb0       ___pwctype_func            0042ceb0 f   LIBCMTD:ctype.obj
 0001:0002bec0       ___pctype_func             0042cec0 f   LIBCMTD:ctype.obj
 0001:0002bf10       ___init_time               0042cf10 f   LIBCMTD:inittime.obj
 0001:0002c630       ___free_lc_time            0042d630 f   LIBCMTD:inittime.obj
 0001:0002c940       ___init_numeric            0042d940 f   LIBCMTD:initnum.obj
 0001:0002cca0       ___free_lconv_num          0042dca0 f   LIBCMTD:initnum.obj
 0001:0002cd10       ___init_monetary           0042dd10 f   LIBCMTD:initmon.obj
 0001:0002d210       ___free_lconv_mon          0042e210 f   LIBCMTD:initmon.obj
 0001:0002d300       ___init_ctype              0042e300 f   LIBCMTD:initctyp.obj
 0001:0002d8b0       ____mb_cur_max_func        0042e8b0 f   LIBCMTD:initctyp.obj
 0001:0002d900       ____mb_cur_max_l_func      0042e900 f   LIBCMTD:initctyp.obj
 0001:0002d930       ____lc_codepage_func       0042e930 f   LIBCMTD:initctyp.obj
 0001:0002d980       ____lc_collate_cp_func     0042e980 f   LIBCMTD:initctyp.obj
 0001:0002d9d0       ____lc_handle_func         0042e9d0 f   LIBCMTD:initctyp.obj
 0001:0002da20       ___init_collate            0042ea20 f   LIBCMTD:initcoll.obj
 0001:0002da30       __Getdays_l                0042ea30 f   LIBCMTD:strftime.obj
 0001:0002dbf0       __Getdays                  0042ebf0 f   LIBCMTD:strftime.obj
 0001:0002dc10       __Getmonths_l              0042ec10 f   LIBCMTD:strftime.obj
 0001:0002ddd0       __Getmonths                0042edd0 f   LIBCMTD:strftime.obj
 0001:0002ddf0       __Gettnames_l              0042edf0 f   LIBCMTD:strftime.obj
 0001:0002e360       __Gettnames                0042f360 f   LIBCMTD:strftime.obj
 0001:0002e380       __strftime_l               0042f380 f   LIBCMTD:strftime.obj
 0001:0002e3b0       _strftime                  0042f3b0 f   LIBCMTD:strftime.obj
 0001:0002e3e0       __Strftime                 0042f3e0 f   LIBCMTD:strftime.obj
 0001:0002e410       __Strftime_l               0042f410 f   LIBCMTD:strftime.obj
 0001:00030220       _localeconv                00431220 f   LIBCMTD:lconv.obj
 0001:00030270       _strcspn                   00431270 f   LIBCMTD:strcspn.obj
 0001:000302c0       _strncmp                   004312c0 f   LIBCMTD:strncmp.obj
 0001:00030440       _strpbrk                   00431440 f   LIBCMTD:strpbrk.obj
 0001:00030480       _memcmp                    00431480 f   LIBCMTD:memcmp.obj
 0001:00030ef0       ___get_qualified_locale    00431ef0 f   LIBCMTD:getqloc.obj
 0001:00031d90       __ismbbkalnum_l            00432d90 f   LIBCMTD:ismbbyte.obj
 0001:00031db0       __ismbbkalnum              00432db0 f   LIBCMTD:ismbbyte.obj
 0001:00031dd0       __ismbbkprint_l            00432dd0 f   LIBCMTD:ismbbyte.obj
 0001:00031df0       __ismbbkprint              00432df0 f   LIBCMTD:ismbbyte.obj
 0001:00031e10       __ismbbkpunct_l            00432e10 f   LIBCMTD:ismbbyte.obj
 0001:00031e30       __ismbbkpunct              00432e30 f   LIBCMTD:ismbbyte.obj
 0001:00031e50       __ismbbalnum_l             00432e50 f   LIBCMTD:ismbbyte.obj
 0001:00031e70       __ismbbalnum               00432e70 f   LIBCMTD:ismbbyte.obj
 0001:00031e90       __ismbbalpha_l             00432e90 f   LIBCMTD:ismbbyte.obj
 0001:00031eb0       __ismbbalpha               00432eb0 f   LIBCMTD:ismbbyte.obj
 0001:00031ed0       __ismbbgraph_l             00432ed0 f   LIBCMTD:ismbbyte.obj
 0001:00031ef0       __ismbbgraph               00432ef0 f   LIBCMTD:ismbbyte.obj
 0001:00031f10       __ismbbprint_l             00432f10 f   LIBCMTD:ismbbyte.obj
 0001:00031f30       __ismbbprint               00432f30 f   LIBCMTD:ismbbyte.obj
 0001:00031f50       __ismbbpunct_l             00432f50 f   LIBCMTD:ismbbyte.obj
 0001:00031f70       __ismbbpunct               00432f70 f   LIBCMTD:ismbbyte.obj
 0001:00031f90       __ismbblead_l              00432f90 f   LIBCMTD:ismbbyte.obj
 0001:00031fb0       __ismbblead                00432fb0 f   LIBCMTD:ismbbyte.obj
 0001:00031fd0       __ismbbtrail_l             00432fd0 f   LIBCMTD:ismbbyte.obj
 0001:00031ff0       __ismbbtrail               00432ff0 f   LIBCMTD:ismbbyte.obj
 0001:00032010       __ismbbkana_l              00433010 f   LIBCMTD:ismbbyte.obj
 0001:00032080       __ismbbkana                00433080 f   LIBCMTD:ismbbyte.obj
 0001:00032170       __controlfp_s              00433170 f   LIBCMTD:_contrlfp_.obj
 0001:00032250       __tolower                  00433250 f   LIBCMTD:tolower.obj
 0001:00032260       __tolower_l                00433260 f   LIBCMTD:tolower.obj
 0001:00032440       _tolower                   00433440 f   LIBCMTD:tolower.obj
 0001:00032490       __atodbl_l                 00433490 f   LIBCMTD:atodbl.obj
 0001:000325a0       __atodbl                   004335a0 f   LIBCMTD:atodbl.obj
 0001:000325c0       __atoldbl_l                004335c0 f   LIBCMTD:atodbl.obj
 0001:000326d0       __atoldbl                  004336d0 f   LIBCMTD:atodbl.obj
 0001:000326f0       __atoflt_l                 004336f0 f   LIBCMTD:atodbl.obj
 0001:00032800       __atoflt                   00433800 f   LIBCMTD:atodbl.obj
 0001:00032820       __fptostr                  00433820 f   LIBCMTD:_fptostr.obj
 0001:00032ad0       __fltout2                  00433ad0 f   LIBCMTD:_cfout_.obj
 0001:00032b80       ___dtold                   00433b80 f   LIBCMTD:_cfout_.obj
 0001:00032ce0       __set_output_format        00433ce0 f   LIBCMTD:outputformat.obj
 0001:00032d60       __get_output_format        00433d60 f   LIBCMTD:outputformat.obj
 0001:00032d70       __allrem                   00433d70 f   LIBCMTD:llrem.obj
 0001:00032e30       __alldiv                   00433e30 f   LIBCMTD:lldiv.obj
 0001:00032ee0       __allshl                   00433ee0 f   LIBCMTD:llshl.obj
 0001:00032f00       __aullshr                  00433f00 f   LIBCMTD:ullshr.obj
 0001:00032f20       _strrchr                   00433f20 f   LIBCMTD:strrchr.obj
 0001:00032f50       __fptrap                   00433f50 f   LIBCMTD:crt0fp.obj
 0001:00032f70       _atol                      00433f70 f   LIBCMTD:atox.obj
 0001:00032f90       __atol_l                   00433f90 f   LIBCMTD:atox.obj
 0001:00032fb0       _atoi                      00433fb0 f   LIBCMTD:atox.obj
 0001:00032fd0       __atoi_l                   00433fd0 f   LIBCMTD:atox.obj
 0001:00032ff0       __atoi64                   00433ff0 f   LIBCMTD:atox.obj
 0001:00033010       __atoi64_l                 00434010 f   LIBCMTD:atox.obj
 0001:00033030       __aulldiv                  00434030 f   LIBCMTD:ulldiv.obj
 0001:000330a0       __aullrem                  004340a0 f   LIBCMTD:ullrem.obj
 0001:00033120       __VEC_memcpy               00434120 f   LIBCMTD:p4_memcpy.obj
 0001:000332a0       __output_l                 004342a0 f   LIBCMTD:output.obj
 0001:000346d0       _get_short_arg             004356d0 f i LIBCMTD:output.obj
 0001:000346f0       __vsprintf_l               004356f0 f   LIBCMTD:vsprintf.obj
 0001:00034870       _vsprintf                  00435870 f   LIBCMTD:vsprintf.obj
 0001:00034890       __vscprintf_helper         00435890 f   LIBCMTD:vsprintf.obj
 0001:00034950       __vscprintf                00435950 f   LIBCMTD:vsprintf.obj
 0001:00034970       __vscprintf_l              00435970 f   LIBCMTD:vsprintf.obj
 0001:00034990       __vscprintf_p              00435990 f   LIBCMTD:vsprintf.obj
 0001:000349b0       __vscprintf_p_l            004359b0 f   LIBCMTD:vsprintf.obj
 0001:000349d0       __isleadbyte_l             004359d0 f i LIBCMTD:_wctype.obj
 0001:00034a20       _isleadbyte                00435a20 f i LIBCMTD:_wctype.obj
 0001:00034a40       __iswalpha_l               00435a40 f i LIBCMTD:_wctype.obj
 0001:00034a60       _iswalpha                  00435a60 f i LIBCMTD:_wctype.obj
 0001:00034a80       __iswupper_l               00435a80 f i LIBCMTD:_wctype.obj
 0001:00034aa0       _iswupper                  00435aa0 f i LIBCMTD:_wctype.obj
 0001:00034ac0       __iswlower_l               00435ac0 f i LIBCMTD:_wctype.obj
 0001:00034ae0       _iswlower                  00435ae0 f i LIBCMTD:_wctype.obj
 0001:00034b00       __iswdigit_l               00435b00 f i LIBCMTD:_wctype.obj
 0001:00034b20       _iswdigit                  00435b20 f i LIBCMTD:_wctype.obj
 0001:00034b40       __iswxdigit_l              00435b40 f i LIBCMTD:_wctype.obj
 0001:00034b60       _iswxdigit                 00435b60 f i LIBCMTD:_wctype.obj
 0001:00034b80       __iswspace_l               00435b80 f i LIBCMTD:_wctype.obj
 0001:00034ba0       _iswspace                  00435ba0 f i LIBCMTD:_wctype.obj
[...]
 0003:00001c48       __exitflag                 0045ec48     LIBCMTD:crt0dat.obj
 0003:00001c4c       __C_Termination_Done       0045ec4c     LIBCMTD:crt0dat.obj
 0003:00001c50       __C_Exit_Done              0045ec50     LIBCMTD:crt0dat.obj
 0003:00001c84       ___mbulinfo                0045ec84     LIBCMTD:mbctype.obj
 0003:00001c90       ___mbcodepage              0045ec90     LIBCMTD:mbctype.obj
 0003:00001c94       ___ismbcodepage            0045ec94     LIBCMTD:mbctype.obj
 0003:00001c98       ___mblcid                  0045ec98     LIBCMTD:mbctype.obj
 0003:00001c9c       ___locale_changed          0045ec9c     LIBCMTD:setlocal.obj
 0003:00001ca0       ___lc_handle               0045eca0     LIBCMTD:nlsdata2.obj
 0003:00001cb8       ___lc_codepage             0045ecb8     LIBCMTD:nlsdata2.obj
 0003:00001cbc       ___lc_collate_cp           0045ecbc     LIBCMTD:nlsdata2.obj
 0003:00001dcc       __crtheap                  0045edcc     LIBCMTD:heapinit.obj
 0003:00001dd0       __newmode                  0045edd0     LIBCMTD:_newmode.obj
 0003:00001df4       ?pArgList@UnDecorator@@0PAVReplicator@@A 0045edf4     LIBCMTD:undname.obj
 0003:00001df8       ?pZNameList@UnDecorator@@0PAVReplicator@@A 0045edf8     LIBCMTD:undname.obj
 0003:00001dfc       ?pTemplateArgList@UnDecorator@@0PAVReplicator@@A 0045edfc     LIBCMTD:undname.obj
 0003:00001e00       ?gName@UnDecorator@@0PBDB  0045ee00     LIBCMTD:undname.obj
 0003:00001e04       ?name@UnDecorator@@0PBDB   0045ee04     LIBCMTD:undname.obj
 0003:00001e08       ?outputString@UnDecorator@@0PADA 0045ee08     LIBCMTD:undname.obj
 0003:00001e0c       ?maxStringLength@UnDecorator@@0HA 0045ee0c     LIBCMTD:undname.obj
 0003:00001e10       ?disableFlags@UnDecorator@@0KA 0045ee10     LIBCMTD:undname.obj
 0003:00001e14       ?m_pGetParameter@UnDecorator@@0P6APADJ@ZA 0045ee14     LIBCMTD:undname.obj
 0003:00001e18       ?fExplicitTemplateParams@UnDecorator@@0_NA 0045ee18     LIBCMTD:undname.obj
 0003:00001e19       ?fGetTemplateArgumentList@UnDecorator@@0_NA 0045ee19     LIBCMTD:undname.obj
 0003:00001e70       ?nodes@?1??make@DNameStatusNode@@SAPAV2@W4DNameStatus@@@Z@4PAV2@A 0045ee70     LIBCMTD:undname.obj
 0003:00001ea0       ??_B?1??make@DNameStatusNode@@SAPAV1@W4DNameStatus@@@Z@51 0045eea0     LIBCMTD:undname.obj
 0003:00001ec8       ___sbh_pHeaderDefer        0045eec8     LIBCMTD:sbheap.obj
 0003:00001ed8       ___lconv_static_null       0045eed8     LIBCMTD:lconv.obj
 0003:00001edc       __outputformat             0045eedc     LIBCMTD:outputformat.obj
 0003:00001ee0       __cflush                   0045eee0     LIBCMTD:_file.obj
 0003:00001fa0       __stdbuf                   0045efa0     LIBCMTD:_sftbuf.obj
 0003:00001fac       ___piob                    0045efac     <common>
 0003:00001fc0       __bufin                    0045efc0     <common>
 0003:00002fc0       __nstream                  0045ffc0     <common>
 0003:00002fc4       ___sbh_initialized         0045ffc4     <common>
 0003:00002fc8       ___sbh_cntHeaderList       0045ffc8     <common>
 0003:00002fcc       ___sbh_pHeaderList         0045ffcc     <common>
 0003:00002fd0       ___sbh_threshold           0045ffd0     <common>
 0003:00002fd4       ___sbh_pHeaderScan         0045ffd4     <common>
 0003:00002fd8       ___sbh_sizeHeaderList      0045ffd8     <common>
 0003:00002fdc       ___sbh_indGroupDefer       0045ffdc     <common>
 0003:00002fe0       __debugger_hook_dummy      0045ffe0     <common>
 0003:00002fe4       ___sse2_available          0045ffe4     <common>
 0003:00002fe8       ___active_heap             0045ffe8     <common>
 0003:00002fec       __nhandle                  0045ffec     <common>
 0003:00003000       ___pioinfo                 00460000     <common>
 0003:00003100       ___setlc_active            00460100     <common>
 0003:00003104       ___unguarded_readlc_active 00460104     <common>
 0003:00003108       ___env_initialized         00460108     <common>
 0003:0000310c       ___onexitend               0046010c     <common>
 0003:00003110       ___onexitbegin             00460110     <common>
 0003:00003114       ___mbctype_initialized     00460114     <common>
 0003:00003118       ___dyn_tls_init_callback   00460118     <common>
 0003:0000311c       __pfnReportHook            0046011c     <common>
 0003:00003120       __pReportHookListW         00460120     <common>
 0003:00003124       __pReportHookList          00460124     <common>
 0003:00003128       __acmdln                   00460128     <common>

 entry point at        0001:00004da0

 Static symbols

 0001:00001c34       __catch$?ConvertBSTRToString@_com_util@@YGPADPA_W@Z$0 00402c34 f   comsuppwd:comutil.obj
 0001:00003d70       ?CatchGuardHandler@@YA?AW4_EXCEPTION_DISPOSITION@@PAUEHExceptionRecord@@PAUCatchGuardRN@@PAX2@Z 00404d70 f   LIBCMTD:_trnsctrl_.obj
 0001:00003eb0       ?TranslatorGuardHandler@@YA?AW4_EXCEPTION_DISPOSITION@@PAUEHExceptionRecord@@PAUTranslatorGuardRN@@PAX2@Z 00404eb0 f   LIBCMTD:_trnsctrl_.obj
 0001:00004dc0       ___tmainCRTStartup         00405dc0 f   LIBCMTD:wincrt0.obj
 0001:00004fa0       _fast_error_exit           00405fa0 f   LIBCMTD:wincrt0.obj
 0001:00004fd0       _check_managed_app         00405fd0 f   LIBCMTD:wincrt0.obj
 0001:00005260       _ValidateLocalCookies      00406260 f   LIBCMTD:chandler4.obj
 0001:00005370       __onexit_nolock            00406370 f   LIBCMTD:onexit.obj
 0001:00005d00       ?DebuggerProbe@@YAHK@Z     00406d00 f   LIBCMTD:_error_.obj
 0001:00005df0       ?failwithmessage@@YAXPAXHHPBD@Z 00406df0 f   LIBCMTD:_error_.obj
 0001:00006000       ?DebuggerRuntime@@YAHKHPAXPB_W@Z 00407000 f   LIBCMTD:_error_.obj
 0001:000062e0       ?_getMemBlockDataString@@YAXPAD00I@Z 004072e0 f   LIBCMTD:_error_.obj
 0001:00007f00       ?FindHandler@@YAXPAUEHExceptionRecord@@PAUEHRegistrationNode@@PAU_CONTEXT@@PAXPBU_s_FuncInfo@@EH1@Z 00408f00 f   LIBCMTD:frame.obj
 0001:00008450       ?FindHandlerForForeignException@@YAXPAUEHExceptionRecord@@PAUEHRegistrationNode@@PAU_CONTEXT@@PAXPBU_s_FuncInfo@@HH1@Z 00409450 f   LIBCMTD:frame.obj
 0001:00008880       ?CatchIt@@YAXPAUEHExceptionRecord@@PAUEHRegistrationNode@@PAU_CONTEXT@@PAXPBU_s_FuncInfo@@PBU_s_HandlerType@@PBU_s_CatchableType@@PBU_s_TryBlockMapEntry@@H1E@Z 00409880 f   LIBCMTD:frame.obj
 0001:00008940       ?CallCatchBlock@@YAPAXPAUEHExceptionRecord@@PAUEHRegistrationNode@@PAU_CONTEXT@@PBU_s_FuncInfo@@PAXHK@Z 00409940 f   LIBCMTD:frame.obj
 0001:00008bd0       ?ExFilterRethrow@@YAHPAU_EXCEPTION_POINTERS@@@Z 00409bd0 f   LIBCMTD:frame.obj
 0001:00009830       ?IsInExceptionSpec@@YAEPAUEHExceptionRecord@@PBU_s_ESTypeList@@@Z 0040a830 f   LIBCMTD:frame.obj
 0001:000098f0       ?CallUnexpected@@YAXPBU_s_ESTypeList@@@Z 0040a8f0 f   LIBCMTD:frame.obj
 0001:0000993e       __catch$?CallUnexpected@@YAXPBU_s_ESTypeList@@@Z$0 0040a93e f   LIBCMTD:frame.obj
 0001:00009980       ?Is_bad_exception_allowed@@YAEPBU_s_ESTypeList@@@Z 0040a980 f   LIBCMTD:frame.obj
 0001:0000a140       __nh_malloc_dbg_impl       0040b140 f   LIBCMTD:dbgheap.obj
 0001:0000a1d0       __heap_alloc_dbg_impl      0040b1d0 f   LIBCMTD:dbgheap.obj
 0001:0000a7e0       _realloc_help              0040b7e0 f   LIBCMTD:dbgheap.obj
 0001:0000b8f0       _CheckBytes                0040c8f0 f   LIBCMTD:dbgheap.obj
 0001:0000c710       ?_CrtMemDumpAllObjectsSince_stat@@YAXPBU_CrtMemState@@PAUlocaleinfo_struct@@@Z 0040d710 f   LIBCMTD:dbgheap.obj
 0001:0000ca20       __printMemBlockData        0040da20 f   LIBCMTD:dbgheap.obj
 0001:0000f2b0       _doexit                    004102b0 f   LIBCMTD:crt0dat.obj
 0001:0000f5e0       __initterm                 004105e0 f   LIBCMTD:crt0dat.obj
 0001:0000fc10       _ctrlevent_capture@4       00410c10 f   LIBCMTD:winsig.obj
 0001:00010010       _siglookup                 00411010 f   LIBCMTD:winsig.obj
 0001:00010f10       ?getSystemCP@@YAHH@Z       00411f10 f   LIBCMTD:mbctype.obj
 0001:00011370       ?CPtoLCID@@YAHH@Z          00412370 f   LIBCMTD:mbctype.obj
 0001:000113f0       ?setSBCS@@YAXPAUthreadmbcinfostruct@@@Z 004123f0 f   LIBCMTD:mbctype.obj
 0001:000114d0       ?setSBUpLow@@YAXPAUthreadmbcinfostruct@@@Z 004124d0 f   LIBCMTD:mbctype.obj
 0001:00011ed0       __updatetlocinfoEx_nolock  00412ed0 f   LIBCMTD:setlocal.obj
 0001:00012440       __copytlocinfo_nolock      00413440 f   LIBCMTD:setlocal.obj
 0001:00012860       _sync_legacy_variables_lk  00413860 f   LIBCMTD:setlocal.obj
 0001:000128e0       __setlocale_nolock         004138e0 f   LIBCMTD:setlocal.obj
 0001:00012cd0       __setlocale_set_cat        00413cd0 f   LIBCMTD:setlocal.obj
 0001:00013200       __setlocale_get_all        00414200 f   LIBCMTD:setlocal.obj
 0001:00013e50       _xcptlookup                00414e50 f   LIBCMTD:winxfltr.obj
 0001:00014250       _parse_cmdline             00415250 f   LIBCMTD:stdargv.obj
 0001:00014f78       __unwind_handler4          00415f78 f   LIBCMTD:exsup4.obj
 0001:000157a0       __cftoe2_l                 004167a0 f   LIBCMTD:cvt.obj
 0001:00016530       __cftof2_l                 00417530 f   LIBCMTD:cvt.obj
 0001:00016b10       __shift                    00417b10 f   LIBCMTD:cvt.obj
 0001:00016c20       _fastzero_I                00417c20 f   LIBCMTD:p4_memset.obj
 0001:00016d00       _has_osfxsr_set            00417d00 f   LIBCMTD:cpu_disp.obj
 0001:00017400       ?GetPdbDll@@YAPAUHINSTANCE__@@XZ 00418400 f   LIBCMTD:_pdblkup_.obj
 0001:00021340       ?und_strlen@@YAIPBD@Z      00422340 f   LIBCMTD:undname.obj
 0001:00021380       ?und_memcpy@@YAXPADPBDI@Z  00422380 f   LIBCMTD:undname.obj
 0001:000213c0       ?und_strncmp@@YAIPBD0I@Z   004223c0 f   LIBCMTD:undname.obj
 0001:00022bc0       ?__crtGetLocaleInfoW_stat@@YAHPAUlocaleinfo_struct@@KKPA_WHH@Z 00423bc0 f   LIBCMTD:w_loc.obj
 0001:00022c30       ?__crtGetLocaleInfoA_stat@@YAHPAUlocaleinfo_struct@@KKPADHH@Z 00423c30 f   LIBCMTD:a_loc.obj
 0001:00023278       __unwind_handler           00424278 f   LIBCMTD:exsup.obj
 0001:000236a0       __is_LFH_enabled           004246a0 f   LIBCMTD:expand.obj
 0001:00027540       _xtoa_s@20                 00428540 f   LIBCMTD:xtoas.obj
 0001:00027960       @x64toa_s@24               00428960 f   LIBCMTD:xtoas.obj
 0001:000281c0       ?wcsncnt@@YAIPB_WI@Z       004291c0 f   LIBCMTD:wcstombs.obj
 0001:00029400       _xtow_s@20                 0042a400 f   LIBCMTD:xtows.obj
 0001:00029830       @x64tow_s@24               0042a830 f   LIBCMTD:xtows.obj
 0001:0002b1b0       _write_char                0042c1b0 f   LIBCMTD:woutput.obj
 0001:0002b210       _write_multi_char          0042c210 f   LIBCMTD:woutput.obj
 0001:0002b250       _write_string              0042c250 f   LIBCMTD:woutput.obj
 0001:0002b6d0       ?__crtLCMapStringA_stat@@YAHPAUlocaleinfo_struct@@KKPBDHPADHHH@Z 0042c6d0 f   LIBCMTD:a_map.obj
 0001:0002bbd0       ?strncnt@@YAHPBDH@Z        0042cbd0 f   LIBCMTD:a_map.obj
 0001:0002bc80       ?__crtGetStringTypeA_stat@@YAHPAUlocaleinfo_struct@@KPBDHPAGHHH@Z 0042cc80 f   LIBCMTD:a_str.obj
 0001:0002c000       __get_lc_time              0042d000 f   LIBCMTD:inittime.obj
 0001:0002cc20       _fix_grouping              0042dc20 f   LIBCMTD:initnum.obj
 0001:0002d190       _fix_grouping              0042e190 f   LIBCMTD:initmon.obj
 0001:0002e880       ?_expandtime@@YAHPAUlocaleinfo_struct@@DPBUtm@@PAPADPAIPAU__lc_time_data@@I@Z 0042f880 f   LIBCMTD:strftime.obj
 0001:0002f850       ?_store_str@@YAXPADPAPADPAI@Z 00430850 f   LIBCMTD:strftime.obj
 0001:0002f8a0       ?_store_num@@YAXHHPAPADPAII@Z 004308a0 f   LIBCMTD:strftime.obj
 0001:0002f950       ?_store_number@@YAXHPAPADPAI@Z 00430950 f   LIBCMTD:strftime.obj
 0001:0002fa00       ?_store_winword@@YAHPAUlocaleinfo_struct@@HPBUtm@@PAPADPAIPAU__lc_time_data@@@Z 00430a00 f   LIBCMTD:strftime.obj
 0001:00030640       _cmpBYTE                   00431640 f   LIBCMTD:memcmp.obj
 0001:00030670       _cmpResult                 00431670 f   LIBCMTD:memcmp.obj
 0001:00030690       _unaligned_memcmp          00431690 f   LIBCMTD:memcmp.obj
 0001:00030da0       _cmpWORD                   00431da0 f   LIBCMTD:memcmp.obj
 0001:00030e20       _cmpDWORD                  00431e20 f   LIBCMTD:memcmp.obj
 0001:000311a0       _TranslateName             004321a0 f   LIBCMTD:getqloc.obj
 0001:00031230       _GetLcidFromLangCountry    00432230 f   LIBCMTD:getqloc.obj
 0001:000312f0       _LangCountryEnumProc@4     004322f0 f   LIBCMTD:getqloc.obj
 0001:00031730       _GetLcidFromLanguage       00432730 f   LIBCMTD:getqloc.obj
 0001:000317b0       _LanguageEnumProc@4        004327b0 f   LIBCMTD:getqloc.obj
 0001:00031950       _GetLcidFromCountry        00432950 f   LIBCMTD:getqloc.obj
 0001:000319a0       _CountryEnumProc@4         004329a0 f   LIBCMTD:getqloc.obj
 0001:00031aa0       _GetLcidFromDefault        00432aa0 f   LIBCMTD:getqloc.obj
 0001:00031ae0       _ProcessCodePage           00432ae0 f   LIBCMTD:getqloc.obj
 0001:00031bb0       _TestDefaultCountry        00432bb0 f   LIBCMTD:getqloc.obj
 0001:00031c00       _TestDefaultLanguage       00432c00 f   LIBCMTD:getqloc.obj
 0001:00031ca0       _LcidFromHexString         00432ca0 f   LIBCMTD:getqloc.obj
 0001:00031d20       _GetPrimaryLen             00432d20 f   LIBCMTD:getqloc.obj
 0001:000320a0       ?x_ismbbtype_l@@YAHPAUlocaleinfo_struct@@IHH@Z 004330a0 f   LIBCMTD:ismbbyte.obj
 0001:00033210       _fastcopy_I                00434210 f   LIBCMTD:p4_memcpy.obj
 0001:00034560       _write_char                00435560 f   LIBCMTD:output.obj
 0001:00034600       _write_multi_char          00435600 f   LIBCMTD:output.obj
 0001:00034640       _write_string              00435640 f   LIBCMTD:output.obj
 0001:00036240       _write_char                00437240 f   LIBCMTD:outputs.obj
 0001:000362e0       _write_multi_char          004372e0 f   LIBCMTD:outputs.obj
 0001:00036320       _write_string              00437320 f   LIBCMTD:outputs.obj
 0001:0003a070       _write_char                0043b070 f   LIBCMTD:outputp.obj
 0001:0003a110       _write_multi_char          0043b110 f   LIBCMTD:outputp.obj
 0001:0003a150       _write_string              0043b150 f   LIBCMTD:outputp.obj
 0001:0003b400       _write_char                0043c400 f   LIBCMTD:woutputs.obj
 0001:0003b460       _write_multi_char          0043c460 f   LIBCMTD:woutputs.obj
 0001:0003b4a0       _write_string              0043c4a0 f   LIBCMTD:woutputs.obj
 0001:0003edd0       _write_char                0043fdd0 f   LIBCMTD:woutputp.obj
 0001:0003ee30       _write_multi_char          0043fe30 f   LIBCMTD:woutputp.obj
 0001:0003ee70       _write_string              0043fe70 f   LIBCMTD:woutputp.obj
 0001:000414f0       __tzset_nolock             004424f0 f   LIBCMTD:tzset.obj
 0001:00041b00       __isindst_nolock           00442b00 f   LIBCMTD:tzset.obj
 0001:00041e60       _cvtdate                   00442e60 f   LIBCMTD:tzset.obj
 0001:00042b90       __abstract_cw              00443b90 f   LIBCMTD:_ieee87_.obj
 0001:00042ce0       __hw_cw                    00443ce0 f   LIBCMTD:_ieee87_.obj
 0001:00042e40       __abstract_sw              00443e40 f   LIBCMTD:_ieee87_.obj
 0001:00042ed0       ___statusfp_sse2           00443ed0 f   LIBCMTD:_ieee87_.obj
 0001:00042ef0       ___clearfp_sse2            00443ef0 f   LIBCMTD:_ieee87_.obj
 0001:00042f20       ___control87_sse2          00443f20 f   LIBCMTD:_ieee87_.obj
 0001:00042fa0       ___abstract_cw_sse2        00443fa0 f   LIBCMTD:_ieee87_.obj
 0001:000430f0       ___hw_cw_sse2              004440f0 f   LIBCMTD:_ieee87_.obj
 0001:00043240       ___abstract_sw_sse2        00444240 f   LIBCMTD:_ieee87_.obj
 0001:000432d0       ___fpreset_sse2            004442d0 f   LIBCMTD:_ieee87_.obj
 0001:000451e0       ?strtoxl@@YAKPAUlocaleinfo_struct@@PBDPAPBDHH@Z 004461e0 f   LIBCMTD:strtol.obj
 0001:000457c0       ?strtoxq@@YA_KPAUlocaleinfo_struct@@PBDPAPBDHH@Z 004467c0 f   LIBCMTD:strtoq.obj
 0001:00046340       ?wcstoxl@@YAKPAUlocaleinfo_struct@@PB_WPAPB_WHH@Z 00447340 f   LIBCMTD:wcstol.obj
 0001:00047750       _flsall                    00448750 f   LIBCMTD:fflush.obj
 0001:000482c0       __getenv_s_helper          004492c0 f   LIBCMTD:getenv.obj
 0001:00048530       __dupenv_s_helper          00449530 f   LIBCMTD:getenv.obj
 0001:00048c50       ?__crtGetStringTypeW_stat@@YAHPAUlocaleinfo_struct@@KPB_WHPAGHH@Z 00449c50 f   LIBCMTD:w_str.obj
 0001:00049bf0       ?__crtCompareStringA_stat@@YAHPAUlocaleinfo_struct@@KKPBDH1HH@Z 0044abf0 f   LIBCMTD:a_cmp.obj
 0001:0004a100       ?strncnt@@YAHPBDH@Z        0044b100 f   LIBCMTD:a_cmp.obj
 0001:0004a8c0       _findenv                   0044b8c0 f   LIBCMTD:setenv.obj
 0001:0004a940       _copy_environ              0044b940 f   LIBCMTD:setenv.obj
 0001:0004aef0       __unwindfunclet$?Notify@CFrameWnd@@UAEXAAUtagTNotifyUI@DuiLib@@@Z$0 0044bef0 f   App.obj
 0001:0004af19       __unwindfunclet$?Notify@CFrameWnd@@UAEXAAUtagTNotifyUI@DuiLib@@@Z$1 0044bf19 f   App.obj
 0001:0004af45       __unwindfunclet$?Notify@CFrameWnd@@UAEXAAUtagTNotifyUI@DuiLib@@@Z$2 0044bf45 f   App.obj
 0001:0004af5a       __unwindfunclet$?Notify@CFrameWnd@@UAEXAAUtagTNotifyUI@DuiLib@@@Z$3 0044bf5a f   App.obj
 0001:0004af65       __unwindfunclet$?Notify@CFrameWnd@@UAEXAAUtagTNotifyUI@DuiLib@@@Z$4 0044bf65 f   App.obj
 0001:0004af7a       __unwindfunclet$?Notify@CFrameWnd@@UAEXAAUtagTNotifyUI@DuiLib@@@Z$5 0044bf7a f   App.obj
 0001:0004af8f       __unwindfunclet$?Notify@CFrameWnd@@UAEXAAUtagTNotifyUI@DuiLib@@@Z$6 0044bf8f f   App.obj
 0001:0004af9a       __ehhandler$?Notify@CFrameWnd@@UAEXAAUtagTNotifyUI@DuiLib@@@Z 0044bf9a f   App.obj
 0001:0004afc0       __unwindfunclet$??0_bstr_t@@QAE@PBD@Z$0 0044bfc0 f   App.obj
 0001:0004afcb       __ehhandler$??0_bstr_t@@QAE@PBD@Z 0044bfcb f   App.obj
 0001:0004aff0       __unwindfunclet$?OnCreate@CFrameWnd@@QAEJIIJAAH@Z$0 0044bff0 f   App.obj
 0001:0004b005       __ehhandler$?OnCreate@CFrameWnd@@QAEJIIJAAH@Z 0044c005 f   App.obj
 0001:0004b030       __ehhandler$?ConvertBSTRToString@_com_util@@YGPADPA_W@Z 0044c030 f   comsuppwd:comutil.obj
 0001:0004b050       __ehhandler$?CallUnexpected@@YAXPBU_s_ESTypeList@@@Z 0044c050 f   LIBCMTD:frame.obj
 0001:0004b070       __unwindfunclet$?getSystemCP@@YAHH@Z$0 0044c070 f   LIBCMTD:mbctype.obj
 0001:0004b078       __ehhandler$?getSystemCP@@YAHH@Z 0044c078 f   LIBCMTD:mbctype.obj
 0001:0004b0a0       __unwindfunclet$?make@DNameStatusNode@@SAPAV1@W4DNameStatus@@@Z$0 0044c0a0 f   LIBCMTD:undname.obj
 0001:0004b0ae       __ehhandler$?make@DNameStatusNode@@SAPAV1@W4DNameStatus@@@Z 0044c0ae f   LIBCMTD:undname.obj
 0001:0004b0d0       __unwindfunclet$?x_ismbbtype_l@@YAHPAUlocaleinfo_struct@@IHH@Z$0 0044c0d0 f   LIBCMTD:ismbbyte.obj
 0001:0004b0d8       __ehhandler$?x_ismbbtype_l@@YAHPAUlocaleinfo_struct@@IHH@Z 0044c0d8 f   LIBCMTD:ismbbyte.obj
 0001:0004b100       __unwindfunclet$?strtoxl@@YAKPAUlocaleinfo_struct@@PBDPAPBDHH@Z$0 0044c100 f   LIBCMTD:strtol.obj
 0001:0004b108       __ehhandler$?strtoxl@@YAKPAUlocaleinfo_struct@@PBDPAPBDHH@Z 0044c108 f   LIBCMTD:strtol.obj
 0001:0004b130       __unwindfunclet$?strtoxq@@YA_KPAUlocaleinfo_struct@@PBDPAPBDHH@Z$0 0044c130 f   LIBCMTD:strtoq.obj
 0001:0004b138       __ehhandler$?strtoxq@@YA_KPAUlocaleinfo_struct@@PBDPAPBDHH@Z 0044c138 f   LIBCMTD:strtoq.obj
 0001:0004b160       __unwindfunclet$?wcstoxl@@YAKPAUlocaleinfo_struct@@PB_WPAPB_WHH@Z$0 0044c160 f   LIBCMTD:wcstol.obj
 0001:0004b168       __ehhandler$?wcstoxl@@YAKPAUlocaleinfo_struct@@PB_WPAPB_WHH@Z 0044c168 f   LIBCMTD:wcstol.obj
 0001:0004b190       ??__EvtMissing@@YAXXZ      0044c190 f   comsuppwd:comutil.obj
 0001:0004b1c0       ??__FvtMissing@@YAXXZ      0044c1c0 f   comsuppwd:comutil.obj
 0001:0004b1e0       ??__Fnomem@?5???2@YAPAXI@Z@YAXXZ 0044c1e0 f   LIBCMTD:new.obj
