 YunStaff_d

 Timestamp is 50792740 (Sat Oct 13 16:33:04 2012)

 Preferred load address is 00400000

 Start         Length     Name                   Class
 0001:00000000 000657f5H .text                   CODE
 0001:00065800 00002072H .text$x                 CODE
 0001:00067880 00001249H .text$yc                CODE
 0001:00068ad0 00001155H .text$yd                CODE
 0002:00000000 00000104H .CRT$XCA                DATA
 0002:00000104 00000139H .CRT$XCC                DATA
 0002:00000240 0000011cH .CRT$XCU                DATA
 0002:0000035c 00000104H .CRT$XCZ                DATA
 0002:00000460 00000104H .CRT$XIA                DATA
 0002:00000564 00000113H .CRT$XIC                DATA
 0002:00000678 00000104H .CRT$XIY                DATA
 0002:0000077c 00000104H .CRT$XIZ                DATA
 0002:00000880 00000104H .CRT$XPA                DATA
 0002:00000984 00000109H .CRT$XPX                DATA
 0002:00000a90 00000104H .CRT$XPXA               DATA
 0002:00000b94 00000104H .CRT$XPZ                DATA
 0002:00000c98 00000104H .CRT$XTA                DATA
 0002:00000d9c 00000104H .CRT$XTZ                DATA
 0002:00000ea0 0001072dH .rdata                  DATA
 0002:000115d0 0000016fH .rdata$debug            DATA
 0002:00011740 00000de1H .rdata$r                DATA
 0002:00012530 00000238H .rdata$sxdata           DATA
 0002:00012768 00000104H .rtc$IAA                DATA
 0002:0001286c 00000104H .rtc$IMZ                DATA
 0002:00012970 00000104H .rtc$IZZ                DATA
 0002:00012a74 00000104H .rtc$TAA                DATA
 0002:00012b78 00000104H .rtc$TMZ                DATA
 0002:00012c7c 00000104H .rtc$TZZ                DATA
 0002:00012d80 00002210H .xdata$x                DATA
 0002:00014f90 00000000H .edata                  DATA
 0003:00000000 00001b10H .data                   DATA
 0003:00001b20 000022dcH .bss                    DATA
 0004:00000000 00000064H .idata$2                DATA
 0004:00000064 00000014H .idata$3                DATA
 0004:00000078 000005b8H .idata$4                DATA
 0004:00000630 000005b8H .idata$5                DATA
 0004:00000be8 000028f8H .idata$6                DATA
 0005:00000000 00000169H .rsrc$01                DATA
 0005:00000170 00000439H .rsrc$02                DATA

  Address         Publics by Value              Rva+Base       Lib:Object

 0000:00000000       __except_list              00000000     <absolute>
 0000:00000041       ___safe_se_handler_count   00000041     <absolute>
 0000:00000000       ___ImageBase               00400000     <linker-defined>
 0001:000004e0       _WinMain@16                004014e0 f   YunStaff.obj
 0001:00000780       ??0CYunStaffFrameWnd@@QAE@XZ 00401780 f i YunStaff.obj
 0001:00000800       ??0INotifyUI@DuiLib@@QAE@XZ 00401800 f i YunStaff.obj
 0001:00000830       ?GetWindowClassName@CYunStaffFrameWnd@@UBEPBDXZ 00401830 f i YunStaff.obj
 0001:00000850       ?GetClassStyle@CYunStaffFrameWnd@@UBEIXZ 00401850 f i YunStaff.obj
 0001:00000870       ?OnFinalMessage@CYunStaffFrameWnd@@UAEXPAUHWND__@@@Z 00401870 f i YunStaff.obj
 0001:000008e0       ?Notify@CYunStaffFrameWnd@@UAEXAAUtagTNotifyUI@DuiLib@@@Z 004018e0 f i YunStaff.obj
 0001:00000dc0       ?OnPrepare@CYunStaffFrameWnd@@QAEXXZ 00401dc0 f i YunStaff.obj
 0001:00000de0       ?HandleMessage@CYunStaffFrameWnd@@UAEJIIJ@Z 00401de0 f i YunStaff.obj
 0001:00001220       ?OnCreate@CYunStaffFrameWnd@@QAEJIIJAAH@Z 00402220 f i YunStaff.obj
 0001:00001500       ??0STRINGorID@DuiLib@@QAE@PBD@Z 00402500 f i YunStaff.obj
 0001:00001530       ?Init@CYunStaffFrameWnd@@QAEXXZ 00402530 f i YunStaff.obj
 0001:00001610       ?OnClose@CYunStaffFrameWnd@@QAEJIIJAAH@Z 00402610 f i YunStaff.obj
 0001:00001640       ?OnDestroy@CYunStaffFrameWnd@@QAEJIIJAAH@Z 00402640 f i YunStaff.obj
 0001:00001690       ?OnNcActivate@CYunStaffFrameWnd@@QAEJIIJAAH@Z 00402690 f i YunStaff.obj
 0001:00001700       ?OnNcCalcSize@CYunStaffFrameWnd@@QAEJIIJAAH@Z 00402700 f i YunStaff.obj
 0001:00001720       ?OnNcPaint@CYunStaffFrameWnd@@QAEJIIJAAH@Z 00402720 f i YunStaff.obj
 0001:00001740       ?OnNcHitTest@CYunStaffFrameWnd@@QAEJIIJAAH@Z 00402740 f i YunStaff.obj
 0001:00001b20       __tcscmp                   00402b20 f i YunStaff.obj
 0001:00001b50       ?OnSize@CYunStaffFrameWnd@@QAEJIIJAAH@Z 00402b50 f i YunStaff.obj
 0001:00001d60       ?OnGetMinMaxInfo@CYunStaffFrameWnd@@QAEJIIJAAH@Z 00402d60 f i YunStaff.obj
 0001:00001ef0       ?OnSysCommand@CYunStaffFrameWnd@@QAEJIIJAAH@Z 00402ef0 f i YunStaff.obj
 0001:00002130       ??_GCYunStaffFrameWnd@@QAEPAXI@Z 00403130 f i YunStaff.obj
 0001:00002180       ??0CDialogBuilderCallbackEx@@QAE@XZ 00403180 f i YunStaff.obj
 0001:000021c0       ??0IDialogBuilderCallback@DuiLib@@QAE@XZ 004031c0 f i YunStaff.obj
 0001:000021f0       ?CreateControl@CDialogBuilderCallbackEx@@UAEPAVCControlUI@DuiLib@@PBD@Z 004031f0 f i YunStaff.obj
 0001:000022d0       ??0ComputerExamineUI@@QAE@XZ 004032d0 f i YunStaff.obj
 0001:000024d0       ??_GComputerExamineUI@@UAEPAXI@Z 004034d0 f i YunStaff.obj
 0001:000024d0       ??_EComputerExamineUI@@UAEPAXI@Z 004034d0 f i YunStaff.obj
 0001:00002520       ??1ComputerExamineUI@@UAE@XZ 00403520 f i YunStaff.obj
 0001:00002560       ??1CYunStaffFrameWnd@@QAE@XZ 00403560 f i YunStaff.obj
 0001:000025a0       ?allocate@?$_DebugHeapAllocator@D@std@@QAAPADIPBX@Z 004035a0 f i YunStaff.obj
 0001:00002640       ??0bad_alloc@std@@QAE@PBD@Z 00403640 f i YunStaff.obj
 0001:00002690       ??1bad_alloc@std@@UAE@XZ   00403690 f i YunStaff.obj
 0001:000026d0       ??_Ebad_alloc@std@@UAEPAXI@Z 004036d0 f i YunStaff.obj
 0001:000026d0       ??_Gbad_alloc@std@@UAEPAXI@Z 004036d0 f i YunStaff.obj
 0001:00002720       ?allocate@?$_DebugHeapAllocator@D@std@@QAEPADI@Z 00403720 f i YunStaff.obj
 0001:000027c0       ?deallocate@?$_DebugHeapAllocator@D@std@@QAEXPADI@Z 004037c0 f i YunStaff.obj
 0001:00002800       ??0bad_alloc@std@@QAE@ABV01@@Z 00403800 f i YunStaff.obj
 0001:00002850       ??0?$_DebugHeapAllocator@D@std@@QAE@XZ 00403850 f i YunStaff.obj
 0001:00002880       ??0?$allocator@D@std@@QAE@XZ 00403880 f i YunStaff.obj
 0001:000028a0       ??0?$_DebugHeapAllocator@D@std@@QAE@ABV01@@Z 004038a0 f i YunStaff.obj
 0001:000028e0       ??0?$allocator@D@std@@QAE@ABV01@@Z 004038e0 f i YunStaff.obj
 0001:00002900       ??$?6U?$char_traits@D@std@@@std@@YAAAV?$basic_ostream@DU?$char_traits@D@std@@@0@AAV10@PBD@Z 00403900 f i YunStaff.obj
 0001:00002cc0       ?length@?$char_traits@D@std@@SAIPBD@Z 00403cc0 f i YunStaff.obj
 0001:00002ce0       ?eq_int_type@?$char_traits@D@std@@SA_NABH0@Z 00403ce0 f i YunStaff.obj
 0001:00002d00       ?eof@?$char_traits@D@std@@SAHXZ 00403d00 f i YunStaff.obj
 0001:00002d10       ?flags@ios_base@std@@QBEHXZ 00403d10 f i YunStaff.obj
 0001:00002d30       ?width@ios_base@std@@QBEHXZ 00403d30 f i YunStaff.obj
 0001:00002d50       ?width@ios_base@std@@QAEHH@Z 00403d50 f i YunStaff.obj
 0001:00002d90       ?setstate@?$basic_ios@DU?$char_traits@D@std@@@std@@QAEXH_N@Z 00403d90 f i YunStaff.obj
 0001:00002de0       ?rdstate@ios_base@std@@QBEHXZ 00403de0 f i YunStaff.obj
 0001:00002e00       ?rdbuf@?$basic_ios@DU?$char_traits@D@std@@@std@@QBEPAV?$basic_streambuf@DU?$char_traits@D@std@@@2@XZ 00403e00 f i YunStaff.obj
 0001:00002e20       ?clear@?$basic_ios@DU?$char_traits@D@std@@@std@@QAEXH_N@Z 00403e20 f i YunStaff.obj
 0001:00002e90       ?clear@ios_base@std@@QAEXH_N@Z 00403e90 f i YunStaff.obj
 0001:00003090       ??0runtime_error@std@@QAE@ABV01@@Z 00404090 f i YunStaff.obj
 0001:00003130       ?what@runtime_error@std@@UBEPBDXZ 00404130 f i YunStaff.obj
 0001:00003160       ??_Gruntime_error@std@@UAEPAXI@Z 00404160 f i YunStaff.obj
 0001:00003160       ??_Eruntime_error@std@@UAEPAXI@Z 00404160 f i YunStaff.obj
 0001:000031b0       ??1runtime_error@std@@UAE@XZ 004041b0 f i YunStaff.obj
 0001:00003200       ??0failure@ios_base@std@@QAE@ABV?$basic_string@DU?$char_traits@D@std@@V?$allocator@D@2@@2@@Z 00404200 f i YunStaff.obj
 0001:00003250       ??0runtime_error@std@@QAE@ABV?$basic_string@DU?$char_traits@D@std@@V?$allocator@D@2@@1@@Z 00404250 f i YunStaff.obj
 0001:000032f0       ??1failure@ios_base@std@@UAE@XZ 004042f0 f i YunStaff.obj
 0001:00003330       ??_Gfailure@ios_base@std@@UAEPAXI@Z 00404330 f i YunStaff.obj
 0001:00003330       ??_Efailure@ios_base@std@@UAEPAXI@Z 00404330 f i YunStaff.obj
 0001:00003380       ??0failure@ios_base@std@@QAE@ABV012@@Z 00404380 f i YunStaff.obj
 0001:000033d0       ??0?$basic_string@DU?$char_traits@D@std@@V?$allocator@D@2@@std@@QAE@PBD@Z 004043d0 f i YunStaff.obj
 0001:00003480       ??0?$basic_string@DU?$char_traits@D@std@@V?$allocator@D@2@@std@@QAE@ABV01@@Z 00404480 f i YunStaff.obj
 0001:00003530       ??1?$basic_string@DU?$char_traits@D@std@@V?$allocator@D@2@@std@@QAE@XZ 00404530 f i YunStaff.obj
 0001:000035c0       ?c_str@?$basic_string@DU?$char_traits@D@std@@V?$allocator@D@2@@std@@QBEPBDXZ 004045c0 f i YunStaff.obj
 0001:000035f0       ??1?$_String_val@DV?$allocator@D@std@@@std@@QAE@XZ 004045f0 f i YunStaff.obj
 0001:00003620       ??1_String_base@std@@QAE@XZ 00404620 f i YunStaff.obj
 0001:00003650       ??1_Container_base_secure@std@@QAE@XZ 00404650 f i YunStaff.obj
 0001:00003680       ?_Orphan_all@_Container_base_secure@std@@QBEXXZ 00404680 f i YunStaff.obj
 0001:00003750       ?assign@?$basic_string@DU?$char_traits@D@std@@V?$allocator@D@2@@std@@QAEAAV12@ABV12@II@Z 00404750 f i YunStaff.obj
 0001:00003860       ?size@?$basic_string@DU?$char_traits@D@std@@V?$allocator@D@2@@std@@QBEIXZ 00404860 f i YunStaff.obj
 0001:00003880       ?assign@?$basic_string@DU?$char_traits@D@std@@V?$allocator@D@2@@std@@QAEAAV12@PBD@Z 00404880 f i YunStaff.obj
 0001:000038e0       ?_Tidy@?$basic_string@DU?$char_traits@D@std@@V?$allocator@D@2@@std@@IAEX_NI@Z 004048e0 f i YunStaff.obj
 0001:000039a0       ?_Myptr@?$basic_string@DU?$char_traits@D@std@@V?$allocator@D@2@@std@@IBEPBDXZ 004049a0 f i YunStaff.obj
 0001:000039f0       ??0?$_String_val@DV?$allocator@D@std@@@std@@IAE@V?$allocator@D@1@@Z 004049f0 f i YunStaff.obj
 0001:00003a40       ??0?$_String_val@DV?$allocator@D@std@@@std@@QAE@ABV01@@Z 00404a40 f i YunStaff.obj
 0001:00003aa0       ?sputc@?$basic_streambuf@DU?$char_traits@D@std@@@std@@QAEHD@Z 00404aa0 f i YunStaff.obj
 0001:00003b50       ?to_int_type@?$char_traits@D@std@@SAHABD@Z 00404b50 f i YunStaff.obj
 0001:00003b60       ?_Pnavail@?$basic_streambuf@DU?$char_traits@D@std@@@std@@IBEHXZ 00404b60 f i YunStaff.obj
 0001:00003bb0       ??0sentry@?$basic_ostream@DU?$char_traits@D@std@@@std@@QAE@AAV12@@Z 00404bb0 f i YunStaff.obj
 0001:00003cb0       ?good@ios_base@std@@QBE_NXZ 00404cb0 f i YunStaff.obj
 0001:00003cf0       ?flush@?$basic_ostream@DU?$char_traits@D@std@@@std@@QAEAAV12@XZ 00404cf0 f i YunStaff.obj
 0001:00003da0       ?fail@ios_base@std@@QBE_NXZ 00404da0 f i YunStaff.obj
 0001:00003de0       ?pubsync@?$basic_streambuf@DU?$char_traits@D@std@@@std@@QAEHXZ 00404de0 f i YunStaff.obj
 0001:00003e30       ??1sentry@?$basic_ostream@DU?$char_traits@D@std@@@std@@QAE@XZ 00404e30 f i YunStaff.obj
 0001:00003ec0       ??Bsentry@?$basic_ostream@DU?$char_traits@D@std@@@std@@QBE_NXZ 00404ec0 f i YunStaff.obj
 0001:00003ee0       ??0_String_base@std@@QAE@XZ 00404ee0 f i YunStaff.obj
 0001:00003f10       ??0_Container_base_secure@std@@QAE@XZ 00404f10 f i YunStaff.obj
 0001:00003f40       ?assign@?$basic_string@DU?$char_traits@D@std@@V?$allocator@D@2@@std@@QAEAAV12@PBDI@Z 00404f40 f i YunStaff.obj
 0001:00004020       ?erase@?$basic_string@DU?$char_traits@D@std@@V?$allocator@D@2@@std@@QAEAAV12@II@Z 00405020 f i YunStaff.obj
 0001:00004100       ?_Eos@?$basic_string@DU?$char_traits@D@std@@V?$allocator@D@2@@std@@IAEXI@Z 00405100 f i YunStaff.obj
 0001:00004160       ?assign@?$char_traits@D@std@@SAXAADABD@Z 00405160 f i YunStaff.obj
 0001:00004180       ?_Grow@?$basic_string@DU?$char_traits@D@std@@V?$allocator@D@2@@std@@IAE_NI_N@Z 00405180 f i YunStaff.obj
 0001:00004260       ?_Myptr@?$basic_string@DU?$char_traits@D@std@@V?$allocator@D@2@@std@@IAEPADXZ 00405260 f i YunStaff.obj
 0001:000042b0       ?deallocate@?$allocator@D@std@@QAEXPADI@Z 004052b0 f i YunStaff.obj
 0001:000042f0       ?_Osfx@?$basic_ostream@DU?$char_traits@D@std@@@std@@QAEXXZ 004052f0 f i YunStaff.obj
 0001:000043c0       ?tie@?$basic_ios@DU?$char_traits@D@std@@@std@@QBEPAV?$basic_ostream@DU?$char_traits@D@std@@@2@XZ 004053c0 f i YunStaff.obj
 0001:000043e0       ?_Pninc@?$basic_streambuf@DU?$char_traits@D@std@@@std@@IAEPADXZ 004053e0 f i YunStaff.obj
 0001:00004450       ??0_Sentry_base@?$basic_ostream@DU?$char_traits@D@std@@@std@@QAE@AAV12@@Z 00405450 f i YunStaff.obj
 0001:000044d0       ?_Lock@?$basic_streambuf@DU?$char_traits@D@std@@@std@@QAEXXZ 004054d0 f i YunStaff.obj
 0001:00004500       ??1_Sentry_base@?$basic_ostream@DU?$char_traits@D@std@@@std@@QAE@XZ 00405500 f i YunStaff.obj
 0001:00004570       ?_Unlock@?$basic_streambuf@DU?$char_traits@D@std@@@std@@QAEXXZ 00405570 f i YunStaff.obj
 0001:000045a0       ?max_size@?$basic_string@DU?$char_traits@D@std@@V?$allocator@D@2@@std@@QBEIXZ 004055a0 f i YunStaff.obj
 0001:00004610       ?_Copy@?$basic_string@DU?$char_traits@D@std@@V?$allocator@D@2@@std@@IAEXII@Z 00405610 f i YunStaff.obj
 0001:00004820       ?_Inside@?$basic_string@DU?$char_traits@D@std@@V?$allocator@D@2@@std@@IAE_NPBD@Z 00405820 f i YunStaff.obj
 0001:00004880       ?allocate@?$allocator@D@std@@QAEPADI@Z 00405880 f i YunStaff.obj
 0001:000048c0       ?max_size@?$allocator@D@std@@QBEIXZ 004058c0 f i YunStaff.obj
 0001:00004920       ??$_Debug_pointer@D@std@@YAXPBDPB_WI@Z 00405920 f i YunStaff.obj
 0001:00004950       ??$_DebugHeapDelete@X@std@@YAXPAX@Z 00405950 f i YunStaff.obj
 0001:00004980       ??$copy_s@U?$char_traits@D@std@@@_Traits_helper@std@@YAPADPADIPBDI@Z 00405980 f i YunStaff.obj
 0001:000049d0       ??$move_s@U?$char_traits@D@std@@@_Traits_helper@std@@YAPADPADIPBDI@Z 004059d0 f i YunStaff.obj
 0001:00004a20       ??$_Allocate@D@std@@YAPADIPAD@Z 00405a20 f i YunStaff.obj
 0001:00004ab0       ?fill@?$basic_ios@DU?$char_traits@D@std@@@std@@QBEDXZ 00405ab0 f i YunStaff.obj
 0001:00004ad0       ?sputn@?$basic_streambuf@DU?$char_traits@D@std@@@std@@QAEHPBDH@Z 00405ad0 f i YunStaff.obj
 0001:00004b20       ??$_Char_traits_cat@U?$char_traits@D@std@@@std@@YA?AU_Secure_char_traits_tag@0@XZ 00405b20 f i YunStaff.obj
 0001:00004b90       ??$copy_s@U?$char_traits@D@std@@@_Traits_helper@std@@YAPADPADIPBDIU_Secure_char_traits_tag@1@@Z 00405b90 f i YunStaff.obj
 0001:00004bc0       ?_Copy_s@?$char_traits@D@std@@SAPADPADIPBDI@Z 00405bc0 f i YunStaff.obj
 0001:00004bf0       ??$move_s@U?$char_traits@D@std@@@_Traits_helper@std@@YAPADPADIPBDIU_Secure_char_traits_tag@1@@Z 00405bf0 f i YunStaff.obj
 0001:00004c20       ?_Move_s@?$char_traits@D@std@@SAPADPADIPBDI@Z 00405c20 f i YunStaff.obj
 0001:00004c50       _ShowWindow@8              00405c50 f   user32:USER32.dll
 0001:00004c56       _PostQuitMessage@4         00405c56 f   user32:USER32.dll
 0001:00004c5c       _SetWindowLongA@12         00405c5c f   user32:USER32.dll
 0001:00004c62       _GetWindowLongA@8          00405c62 f   user32:USER32.dll
 0001:00004c68       _IsIconic@4                00405c68 f   user32:USER32.dll
 0001:00004c6e       _IsZoomed@4                00405c6e f   user32:USER32.dll
 0001:00004c74       _GetClientRect@8           00405c74 f   user32:USER32.dll
 0001:00004c7a       _ScreenToClient@8          00405c7a f   user32:USER32.dll
 0001:00004c80       _SetWindowRgn@12           00405c80 f   user32:USER32.dll
 0001:00004c86       _GetWindowRect@8           00405c86 f   user32:USER32.dll
 0001:00004c8c       _GetMonitorInfoA@8         00405c8c f   user32:USER32.dll
 0001:00004c92       _MonitorFromWindow@8       00405c92 f   user32:USER32.dll
 0001:00004c98       _DeleteObject@4            00405c98 f   gdi32:GDI32.dll
 0001:00004c9e       _CreateRoundRectRgn@24     00405c9e f   gdi32:GDI32.dll
 0001:00004ca4       _CoUninitialize@0          00405ca4 f   ole32:ole32.dll
 0001:00004caa       _CoInitialize@4            00405caa f   ole32:ole32.dll
 0001:00004cb0       ?MessageLoop@CPaintManagerUI@DuiLib@@SAXXZ 00405cb0 f   duilib_d:DuiLib_d.dll
 0001:00004cb6       ??BCWindowWnd@DuiLib@@QBEPAUHWND__@@XZ 00405cb6 f   duilib_d:DuiLib_d.dll
 0001:00004cbc       ?CenterWindow@CWindowWnd@DuiLib@@QAEXXZ 00405cbc f   duilib_d:DuiLib_d.dll
 0001:00004cc2       ?Create@CWindowWnd@DuiLib@@QAEPAUHWND__@@PAU3@PBDKKHHHHPAUHMENU__@@@Z 00405cc2 f   duilib_d:DuiLib_d.dll
 0001:00004cc8       ?SetResourcePath@CPaintManagerUI@DuiLib@@SAXPBD@Z 00405cc8 f   duilib_d:DuiLib_d.dll
 0001:00004cce       ??HCDuiString@DuiLib@@QBE?AV01@PBD@Z 00405cce f   duilib_d:DuiLib_d.dll
 0001:00004cd4       ??1CDuiString@DuiLib@@QAE@XZ 00405cd4 f   duilib_d:DuiLib_d.dll
 0001:00004cda       ??BCDuiString@DuiLib@@QBEPBDXZ 00405cda f   duilib_d:DuiLib_d.dll
 0001:00004ce0       ?GetInstancePath@CPaintManagerUI@DuiLib@@SA?AVCDuiString@2@XZ 00405ce0 f   duilib_d:DuiLib_d.dll
 0001:00004ce6       ?SetInstance@CPaintManagerUI@DuiLib@@SAXPAUHINSTANCE__@@@Z 00405ce6 f   duilib_d:DuiLib_d.dll
 0001:00004cec       ??0CPaintManagerUI@DuiLib@@QAE@XZ 00405cec f   duilib_d:DuiLib_d.dll
 0001:00004cf2       ??0CWindowWnd@DuiLib@@QAE@XZ 00405cf2 f   duilib_d:DuiLib_d.dll
 0001:00004cf8       ?GetSuperClassName@CWindowWnd@DuiLib@@MBEPBDXZ 00405cf8 f   duilib_d:DuiLib_d.dll
 0001:00004cfe       ?SelectItem@CTabLayoutUI@DuiLib@@QAE_NH@Z 00405cfe f   duilib_d:DuiLib_d.dll
 0001:00004d04       ?FindControl@CPaintManagerUI@DuiLib@@QBEPAVCControlUI@2@PBD@Z 00405d04 f   duilib_d:DuiLib_d.dll
 0001:00004d0a       ?SendMessageA@CWindowWnd@DuiLib@@QAEJIIJ@Z 00405d0a f   duilib_d:DuiLib_d.dll
 0001:00004d10       ??8CDuiString@DuiLib@@QBE_NPBD@Z 00405d10 f   duilib_d:DuiLib_d.dll
 0001:00004d16       ?HandleMessage@CWindowWnd@DuiLib@@MAEJIIJ@Z 00405d16 f   duilib_d:DuiLib_d.dll
 0001:00004d1c       ?MessageHandler@CPaintManagerUI@DuiLib@@QAE_NIIJAAJ@Z 00405d1c f   duilib_d:DuiLib_d.dll
 0001:00004d22       ??1CDialogBuilder@DuiLib@@QAE@XZ 00405d22 f   duilib_d:DuiLib_d.dll
 0001:00004d28       ?AddNotifier@CPaintManagerUI@DuiLib@@QAE_NPAVINotifyUI@2@@Z 00405d28 f   duilib_d:DuiLib_d.dll
 0001:00004d2e       ?AttachDialog@CPaintManagerUI@DuiLib@@QAE_NPAVCControlUI@2@@Z 00405d2e f   duilib_d:DuiLib_d.dll
 0001:00004d34       ?Create@CDialogBuilder@DuiLib@@QAEPAVCControlUI@2@VSTRINGorID@2@PBDPAVIDialogBuilderCallback@2@PAVCPaintManagerUI@2@PAV32@@Z 00405d34 f   duilib_d:DuiLib_d.dll
 0001:00004d3a       ??0CDialogBuilder@DuiLib@@QAE@XZ 00405d3a f   duilib_d:DuiLib_d.dll
 0001:00004d40       ?Init@CPaintManagerUI@DuiLib@@QAEXPAUHWND__@@@Z 00405d40 f   duilib_d:DuiLib_d.dll
 0001:00004d46       ?FindControl@CPaintManagerUI@DuiLib@@QBEPAVCControlUI@2@UtagPOINT@@@Z 00405d46 f   duilib_d:DuiLib_d.dll
 0001:00004d4c       ?GetCaptionRect@CPaintManagerUI@DuiLib@@QAEAAUtagRECT@@XZ 00405d4c f   duilib_d:DuiLib_d.dll
 0001:00004d52       ?GetSizeBox@CPaintManagerUI@DuiLib@@QAEAAUtagRECT@@XZ 00405d52 f   duilib_d:DuiLib_d.dll
 0001:00004d58       ?Offset@CDuiRect@DuiLib@@QAEXHH@Z 00405d58 f   duilib_d:DuiLib_d.dll
 0001:00004d5e       ??0CDuiRect@DuiLib@@QAE@XZ 00405d5e f   duilib_d:DuiLib_d.dll
 0001:00004d64       ?GetRoundCorner@CPaintManagerUI@DuiLib@@QBE?AUtagSIZE@@XZ 00405d64 f   duilib_d:DuiLib_d.dll
 0001:00004d6a       ??0CDuiRect@DuiLib@@QAE@ABUtagRECT@@@Z 00405d6a f   duilib_d:DuiLib_d.dll
 0001:00004d70       ??1CContainerUI@DuiLib@@UAE@XZ 00405d70 f   duilib_d:DuiLib_d.dll
 0001:00004d76       ?RemoveAll@CContainerUI@DuiLib@@UAEXXZ 00405d76 f   duilib_d:DuiLib_d.dll
 0001:00004d7c       ?Add@CContainerUI@DuiLib@@UAE_NPAVCControlUI@2@@Z 00405d7c f   duilib_d:DuiLib_d.dll
 0001:00004d82       ??0CContainerUI@DuiLib@@QAE@XZ 00405d82 f   duilib_d:DuiLib_d.dll
 0001:00004d88       ?GetName@CControlUI@DuiLib@@UBE?AVCDuiString@2@XZ 00405d88 f   duilib_d:DuiLib_d.dll
 0001:00004d8e       ?SetName@CControlUI@DuiLib@@UAEXPBD@Z 00405d8e f   duilib_d:DuiLib_d.dll
 0001:00004d94       ?GetClass@CContainerUI@DuiLib@@UBEPBDXZ 00405d94 f   duilib_d:DuiLib_d.dll
 0001:00004d9a       ?GetInterface@CContainerUI@DuiLib@@UAEPAXPBD@Z 00405d9a f   duilib_d:DuiLib_d.dll
 0001:00004da0       ?GetControlFlags@CControlUI@DuiLib@@UBEIXZ 00405da0 f   duilib_d:DuiLib_d.dll
 0001:00004da6       ?Activate@CControlUI@DuiLib@@UAE_NXZ 00405da6 f   duilib_d:DuiLib_d.dll
 0001:00004dac       ?GetManager@CControlUI@DuiLib@@UBEPAVCPaintManagerUI@2@XZ 00405dac f   duilib_d:DuiLib_d.dll
 0001:00004db2       ?SetManager@CContainerUI@DuiLib@@UAEXPAVCPaintManagerUI@2@PAVCControlUI@2@_N@Z 00405db2 f   duilib_d:DuiLib_d.dll
 0001:00004db8       ?GetParent@CControlUI@DuiLib@@UBEPAV12@XZ 00405db8 f   duilib_d:DuiLib_d.dll
 0001:00004dbe       ?GetText@CControlUI@DuiLib@@UBE?AVCDuiString@2@XZ 00405dbe f   duilib_d:DuiLib_d.dll
 0001:00004dc4       ?SetText@CControlUI@DuiLib@@UAEXPBD@Z 00405dc4 f   duilib_d:DuiLib_d.dll
 0001:00004dca       ?GetPos@CControlUI@DuiLib@@UBEABUtagRECT@@XZ 00405dca f   duilib_d:DuiLib_d.dll
 0001:00004dd0       ?SetPos@CContainerUI@DuiLib@@UAEXUtagRECT@@@Z 00405dd0 f   duilib_d:DuiLib_d.dll
 0001:00004dd6       ?GetWidth@CControlUI@DuiLib@@UBEHXZ 00405dd6 f   duilib_d:DuiLib_d.dll
 0001:00004ddc       ?GetHeight@CControlUI@DuiLib@@UBEHXZ 00405ddc f   duilib_d:DuiLib_d.dll
 0001:00004de2       ?GetX@CControlUI@DuiLib@@UBEHXZ 00405de2 f   duilib_d:DuiLib_d.dll
 0001:00004de8       ?GetY@CControlUI@DuiLib@@UBEHXZ 00405de8 f   duilib_d:DuiLib_d.dll
 0001:00004dee       ?GetPadding@CControlUI@DuiLib@@UBE?AUtagRECT@@XZ 00405dee f   duilib_d:DuiLib_d.dll
 0001:00004df4       ?SetPadding@CControlUI@DuiLib@@UAEXUtagRECT@@@Z 00405df4 f   duilib_d:DuiLib_d.dll
 0001:00004dfa       ?GetFixedXY@CControlUI@DuiLib@@UBE?AUtagSIZE@@XZ 00405dfa f   duilib_d:DuiLib_d.dll
 0001:00004e00       ?SetFixedXY@CControlUI@DuiLib@@UAEXUtagSIZE@@@Z 00405e00 f   duilib_d:DuiLib_d.dll
 0001:00004e06       ?GetFixedWidth@CControlUI@DuiLib@@UBEHXZ 00405e06 f   duilib_d:DuiLib_d.dll
 0001:00004e0c       ?SetFixedWidth@CControlUI@DuiLib@@UAEXH@Z 00405e0c f   duilib_d:DuiLib_d.dll
 0001:00004e12       ?GetFixedHeight@CControlUI@DuiLib@@UBEHXZ 00405e12 f   duilib_d:DuiLib_d.dll
 0001:00004e18       ?SetFixedHeight@CControlUI@DuiLib@@UAEXH@Z 00405e18 f   duilib_d:DuiLib_d.dll
 0001:00004e1e       ?GetMinWidth@CControlUI@DuiLib@@UBEHXZ 00405e1e f   duilib_d:DuiLib_d.dll
 0001:00004e24       ?SetMinWidth@CControlUI@DuiLib@@UAEXH@Z 00405e24 f   duilib_d:DuiLib_d.dll
 0001:00004e2a       ?GetMaxWidth@CControlUI@DuiLib@@UBEHXZ 00405e2a f   duilib_d:DuiLib_d.dll
 0001:00004e30       ?SetMaxWidth@CControlUI@DuiLib@@UAEXH@Z 00405e30 f   duilib_d:DuiLib_d.dll
 0001:00004e36       ?GetMinHeight@CControlUI@DuiLib@@UBEHXZ 00405e36 f   duilib_d:DuiLib_d.dll
 0001:00004e3c       ?SetMinHeight@CControlUI@DuiLib@@UAEXH@Z 00405e3c f   duilib_d:DuiLib_d.dll
 0001:00004e42       ?GetMaxHeight@CControlUI@DuiLib@@UBEHXZ 00405e42 f   duilib_d:DuiLib_d.dll
 0001:00004e48       ?SetMaxHeight@CControlUI@DuiLib@@UAEXH@Z 00405e48 f   duilib_d:DuiLib_d.dll
 0001:00004e4e       ?SetRelativePos@CControlUI@DuiLib@@UAEXUtagSIZE@@0@Z 00405e4e f   duilib_d:DuiLib_d.dll
 0001:00004e54       ?SetRelativeParentSize@CControlUI@DuiLib@@UAEXUtagSIZE@@@Z 00405e54 f   duilib_d:DuiLib_d.dll
 0001:00004e5a       ?GetRelativePos@CControlUI@DuiLib@@UBE?AUtagTRelativePosUI@2@XZ 00405e5a f   duilib_d:DuiLib_d.dll
 0001:00004e60       ?IsRelativePos@CControlUI@DuiLib@@UBE_NXZ 00405e60 f   duilib_d:DuiLib_d.dll
 0001:00004e66       ?GetToolTip@CControlUI@DuiLib@@UBE?AVCDuiString@2@XZ 00405e66 f   duilib_d:DuiLib_d.dll
 0001:00004e6c       ?SetToolTip@CControlUI@DuiLib@@UAEXPBD@Z 00405e6c f   duilib_d:DuiLib_d.dll
 0001:00004e72       ?GetShortcut@CControlUI@DuiLib@@UBEDXZ 00405e72 f   duilib_d:DuiLib_d.dll
 0001:00004e78       ?SetShortcut@CControlUI@DuiLib@@UAEXD@Z 00405e78 f   duilib_d:DuiLib_d.dll
 0001:00004e7e       ?IsContextMenuUsed@CControlUI@DuiLib@@UBE_NXZ 00405e7e f   duilib_d:DuiLib_d.dll
 0001:00004e84       ?SetContextMenuUsed@CControlUI@DuiLib@@UAEX_N@Z 00405e84 f   duilib_d:DuiLib_d.dll
 0001:00004e8a       ?GetUserData@CControlUI@DuiLib@@UAEABVCDuiString@2@XZ 00405e8a f   duilib_d:DuiLib_d.dll
 0001:00004e90       ?SetUserData@CControlUI@DuiLib@@UAEXPBD@Z 00405e90 f   duilib_d:DuiLib_d.dll
 0001:00004e96       ?GetTag@CControlUI@DuiLib@@UBEIXZ 00405e96 f   duilib_d:DuiLib_d.dll
 0001:00004e9c       ?SetTag@CControlUI@DuiLib@@UAEXI@Z 00405e9c f   duilib_d:DuiLib_d.dll
 0001:00004ea2       ?IsVisible@CControlUI@DuiLib@@UBE_NXZ 00405ea2 f   duilib_d:DuiLib_d.dll
 0001:00004ea8       ?SetVisible@CContainerUI@DuiLib@@UAEX_N@Z 00405ea8 f   duilib_d:DuiLib_d.dll
 0001:00004eae       ?SetInternVisible@CContainerUI@DuiLib@@UAEX_N@Z 00405eae f   duilib_d:DuiLib_d.dll
 0001:00004eb4       ?IsEnabled@CControlUI@DuiLib@@UBE_NXZ 00405eb4 f   duilib_d:DuiLib_d.dll
 0001:00004eba       ?SetEnabled@CControlUI@DuiLib@@UAEX_N@Z 00405eba f   duilib_d:DuiLib_d.dll
 0001:00004ec0       ?IsMouseEnabled@CControlUI@DuiLib@@UBE_NXZ 00405ec0 f   duilib_d:DuiLib_d.dll
 0001:00004ec6       ?SetMouseEnabled@CContainerUI@DuiLib@@UAEX_N@Z 00405ec6 f   duilib_d:DuiLib_d.dll
 0001:00004ecc       ?IsKeyboardEnabled@CControlUI@DuiLib@@UBE_NXZ 00405ecc f   duilib_d:DuiLib_d.dll
 0001:00004ed2       ?SetKeyboardEnabled@CControlUI@DuiLib@@UAEX_N@Z 00405ed2 f   duilib_d:DuiLib_d.dll
 0001:00004ed8       ?IsFocused@CControlUI@DuiLib@@UBE_NXZ 00405ed8 f   duilib_d:DuiLib_d.dll
 0001:00004ede       ?SetFocus@CControlUI@DuiLib@@UAEXXZ 00405ede f   duilib_d:DuiLib_d.dll
 0001:00004ee4       ?IsFloat@CControlUI@DuiLib@@UBE_NXZ 00405ee4 f   duilib_d:DuiLib_d.dll
 0001:00004eea       ?SetFloat@CControlUI@DuiLib@@UAEX_N@Z 00405eea f   duilib_d:DuiLib_d.dll
 0001:00004ef0       ?FindControl@CContainerUI@DuiLib@@UAEPAVCControlUI@2@P6GPAV32@PAV32@PAX@Z1I@Z 00405ef0 f   duilib_d:DuiLib_d.dll
 0001:00004ef6       ?Init@CControlUI@DuiLib@@UAEXXZ 00405ef6 f   duilib_d:DuiLib_d.dll
 0001:00004efc       ?DoInit@CControlUI@DuiLib@@UAEXXZ 00405efc f   duilib_d:DuiLib_d.dll
 0001:00004f02       ?Event@CControlUI@DuiLib@@UAEXAAUtagTEventUI@2@@Z 00405f02 f   duilib_d:DuiLib_d.dll
 0001:00004f08       ?DoEvent@CContainerUI@DuiLib@@UAEXAAUtagTEventUI@2@@Z 00405f08 f   duilib_d:DuiLib_d.dll
 0001:00004f0e       ?SetAttribute@CContainerUI@DuiLib@@UAEXPBD0@Z 00405f0e f   duilib_d:DuiLib_d.dll
 0001:00004f14       ?EstimateSize@CControlUI@DuiLib@@UAE?AUtagSIZE@@U3@@Z 00405f14 f   duilib_d:DuiLib_d.dll
 0001:00004f1a       ?DoPaint@CContainerUI@DuiLib@@UAEXPAUHDC__@@ABUtagRECT@@@Z 00405f1a f   duilib_d:DuiLib_d.dll
 0001:00004f20       ?PaintBkColor@CControlUI@DuiLib@@UAEXPAUHDC__@@@Z 00405f20 f   duilib_d:DuiLib_d.dll
 0001:00004f26       ?PaintBkImage@CControlUI@DuiLib@@UAEXPAUHDC__@@@Z 00405f26 f   duilib_d:DuiLib_d.dll
 0001:00004f2c       ?PaintStatusImage@CControlUI@DuiLib@@UAEXPAUHDC__@@@Z 00405f2c f   duilib_d:DuiLib_d.dll
 0001:00004f32       ?PaintText@CControlUI@DuiLib@@UAEXPAUHDC__@@@Z 00405f32 f   duilib_d:DuiLib_d.dll
 0001:00004f38       ?PaintBorder@CControlUI@DuiLib@@UAEXPAUHDC__@@@Z 00405f38 f   duilib_d:DuiLib_d.dll
 0001:00004f3e       ?DoPostPaint@CControlUI@DuiLib@@UAEXPAUHDC__@@ABUtagRECT@@@Z 00405f3e f   duilib_d:DuiLib_d.dll
 0001:00004f44       ?GetInset@CContainerUI@DuiLib@@UBE?AUtagRECT@@XZ 00405f44 f   duilib_d:DuiLib_d.dll
 0001:00004f4a       ?SetInset@CContainerUI@DuiLib@@UAEXUtagRECT@@@Z 00405f4a f   duilib_d:DuiLib_d.dll
 0001:00004f50       ?GetChildPadding@CContainerUI@DuiLib@@UBEHXZ 00405f50 f   duilib_d:DuiLib_d.dll
 0001:00004f56       ?SetChildPadding@CContainerUI@DuiLib@@UAEXH@Z 00405f56 f   duilib_d:DuiLib_d.dll
 0001:00004f5c       ?IsAutoDestroy@CContainerUI@DuiLib@@UBE_NXZ 00405f5c f   duilib_d:DuiLib_d.dll
 0001:00004f62       ?SetAutoDestroy@CContainerUI@DuiLib@@UAEX_N@Z 00405f62 f   duilib_d:DuiLib_d.dll
 0001:00004f68       ?IsDelayedDestroy@CContainerUI@DuiLib@@UBE_NXZ 00405f68 f   duilib_d:DuiLib_d.dll
 0001:00004f6e       ?SetDelayedDestroy@CContainerUI@DuiLib@@UAEX_N@Z 00405f6e f   duilib_d:DuiLib_d.dll
 0001:00004f74       ?IsMouseChildEnabled@CContainerUI@DuiLib@@UBE_NXZ 00405f74 f   duilib_d:DuiLib_d.dll
 0001:00004f7a       ?SetMouseChildEnabled@CContainerUI@DuiLib@@UAEX_N@Z 00405f7a f   duilib_d:DuiLib_d.dll
 0001:00004f80       ?FindSelectable@CContainerUI@DuiLib@@UBEHH_N@Z 00405f80 f   duilib_d:DuiLib_d.dll
 0001:00004f86       ?GetScrollPos@CContainerUI@DuiLib@@UBE?AUtagSIZE@@XZ 00405f86 f   duilib_d:DuiLib_d.dll
 0001:00004f8c       ?GetScrollRange@CContainerUI@DuiLib@@UBE?AUtagSIZE@@XZ 00405f8c f   duilib_d:DuiLib_d.dll
 0001:00004f92       ?SetScrollPos@CContainerUI@DuiLib@@UAEXUtagSIZE@@@Z 00405f92 f   duilib_d:DuiLib_d.dll
 0001:00004f98       ?LineUp@CContainerUI@DuiLib@@UAEXXZ 00405f98 f   duilib_d:DuiLib_d.dll
 0001:00004f9e       ?LineDown@CContainerUI@DuiLib@@UAEXXZ 00405f9e f   duilib_d:DuiLib_d.dll
 0001:00004fa4       ?PageUp@CContainerUI@DuiLib@@UAEXXZ 00405fa4 f   duilib_d:DuiLib_d.dll
 0001:00004faa       ?PageDown@CContainerUI@DuiLib@@UAEXXZ 00405faa f   duilib_d:DuiLib_d.dll
 0001:00004fb0       ?HomeUp@CContainerUI@DuiLib@@UAEXXZ 00405fb0 f   duilib_d:DuiLib_d.dll
 0001:00004fb6       ?EndDown@CContainerUI@DuiLib@@UAEXXZ 00405fb6 f   duilib_d:DuiLib_d.dll
 0001:00004fbc       ?LineLeft@CContainerUI@DuiLib@@UAEXXZ 00405fbc f   duilib_d:DuiLib_d.dll
 0001:00004fc2       ?LineRight@CContainerUI@DuiLib@@UAEXXZ 00405fc2 f   duilib_d:DuiLib_d.dll
 0001:00004fc8       ?PageLeft@CContainerUI@DuiLib@@UAEXXZ 00405fc8 f   duilib_d:DuiLib_d.dll
 0001:00004fce       ?PageRight@CContainerUI@DuiLib@@UAEXXZ 00405fce f   duilib_d:DuiLib_d.dll
 0001:00004fd4       ?HomeLeft@CContainerUI@DuiLib@@UAEXXZ 00405fd4 f   duilib_d:DuiLib_d.dll
 0001:00004fda       ?EndRight@CContainerUI@DuiLib@@UAEXXZ 00405fda f   duilib_d:DuiLib_d.dll
 0001:00004fe0       ?EnableScrollBar@CContainerUI@DuiLib@@UAEX_N0@Z 00405fe0 f   duilib_d:DuiLib_d.dll
 0001:00004fe6       ?GetVerticalScrollBar@CContainerUI@DuiLib@@UBEPAVCScrollBarUI@2@XZ 00405fe6 f   duilib_d:DuiLib_d.dll
 0001:00004fec       ?GetHorizontalScrollBar@CContainerUI@DuiLib@@UBEPAVCScrollBarUI@2@XZ 00405fec f   duilib_d:DuiLib_d.dll
 0001:00004ff2       ?SetFloatPos@CContainerUI@DuiLib@@MAEXH@Z 00405ff2 f   duilib_d:DuiLib_d.dll
 0001:00004ff8       ?ProcessScrollBar@CContainerUI@DuiLib@@MAEXUtagRECT@@HH@Z 00405ff8 f   duilib_d:DuiLib_d.dll
 0001:00004ffe       ?GetItemAt@CContainerUI@DuiLib@@UBEPAVCControlUI@2@H@Z 00405ffe f   duilib_d:DuiLib_d.dll
 0001:00005004       ?GetItemIndex@CContainerUI@DuiLib@@UBEHPAVCControlUI@2@@Z 00406004 f   duilib_d:DuiLib_d.dll
 0001:0000500a       ?SetItemIndex@CContainerUI@DuiLib@@UAE_NPAVCControlUI@2@H@Z 0040600a f   duilib_d:DuiLib_d.dll
 0001:00005010       ?GetCount@CContainerUI@DuiLib@@UBEHXZ 00406010 f   duilib_d:DuiLib_d.dll
 0001:00005016       ?AddAt@CContainerUI@DuiLib@@UAE_NPAVCControlUI@2@H@Z 00406016 f   duilib_d:DuiLib_d.dll
 0001:0000501c       ?Remove@CContainerUI@DuiLib@@UAE_NPAVCControlUI@2@@Z 0040601c f   duilib_d:DuiLib_d.dll
 0001:00005022       ?RemoveAt@CContainerUI@DuiLib@@UAE_NH@Z 00406022 f   duilib_d:DuiLib_d.dll
 0001:00005028       ??1CPaintManagerUI@DuiLib@@QAE@XZ 00406028 f   duilib_d:DuiLib_d.dll
 0001:00005030       ??2@YAPAXI@Z               00406030 f   LIBCMTD:new.obj
 0001:000050b0       ??0bad_alloc@std@@QAE@XZ   004060b0 f i LIBCMTD:new.obj
 0001:000050e0       __RTC_CheckEsp             004060e0 f   LIBCMTD:_stack_.obj
 0001:00005110       @_RTC_CheckStackVars@8     00406110 f   LIBCMTD:_stack_.obj
 0001:00005170       @_RTC_AllocaHelper@12      00406170 f   LIBCMTD:_stack_.obj
 0001:000051b0       @_RTC_CheckStackVars2@12   004061b0 f   LIBCMTD:_stack_.obj
 0001:00005290       __RTC_InitBase             00406290 f   LIBCMTD:_init_.obj
 0001:000052c0       __RTC_Shutdown             004062c0 f   LIBCMTD:_init_.obj
 0001:000052e0       ?name@type_info@@QBEPBDPAU__type_info_node@@@Z 004062e0 f   LIBCMTD:typinfo.obj
 0001:00005300       ??1type_info@@UAE@XZ       00406300 f   LIBCMTD:typinfo.obj
 0001:00005330       ??_Etype_info@@UAEPAXI@Z   00406330 f i LIBCMTD:typinfo.obj
 0001:00005330       ??_Gtype_info@@UAEPAXI@Z   00406330 f i LIBCMTD:typinfo.obj
 0001:00005360       ?_name_internal_method@type_info@@QBEPBDPAU__type_info_node@@@Z 00406360 f   LIBCMTD:typinfo.obj
 0001:00005380       ?_type_info_dtor_internal_method@type_info@@QAEXXZ 00406380 f   LIBCMTD:typinfo.obj
 0001:000053a0       ??8type_info@@QBE_NABV0@@Z 004063a0 f   LIBCMTD:typinfo.obj
 0001:000053d0       ??9type_info@@QBE_NABV0@@Z 004063d0 f   LIBCMTD:typinfo.obj
 0001:00005400       ?before@type_info@@QBEHABV1@@Z 00406400 f   LIBCMTD:typinfo.obj
 0001:00005430       ?raw_name@type_info@@QBEPBDXZ 00406430 f   LIBCMTD:typinfo.obj
 0001:00005450       ??0type_info@@AAE@ABV0@@Z  00406450 f   LIBCMTD:typinfo.obj
 0001:00005470       ??4type_info@@AAEAAV0@ABV0@@Z 00406470 f   LIBCMTD:typinfo.obj
 0001:00005490       __purecall                 00406490 f   LIBCMTD:purevirt.obj
 0001:000054d0       __set_purecall_handler     004064d0 f   LIBCMTD:purevirt.obj
 0001:00005510       __get_purecall_handler     00406510 f   LIBCMTD:purevirt.obj
 0001:00005530       ?_JumpToContinuation@@YGXPAXPAUEHRegistrationNode@@@Z 00406530 f   LIBCMTD:_trnsctrl_.obj
 0001:00005570       ?_CallMemberFunction0@@YGXPAX0@Z 00406570 f   LIBCMTD:_trnsctrl_.obj
 0001:00005580       ?_CallMemberFunction1@@YGXPAX00@Z 00406580 f   LIBCMTD:_trnsctrl_.obj
 0001:00005590       ?_CallMemberFunction2@@YGXPAX00H@Z 00406590 f   LIBCMTD:_trnsctrl_.obj
 0001:000055a0       ?_UnwindNestedFrames@@YGXPAUEHRegistrationNode@@PAUEHExceptionRecord@@@Z 004065a0 f   LIBCMTD:_trnsctrl_.obj
 0001:00005600       ___CxxFrameHandler         00406600 f   LIBCMTD:_trnsctrl_.obj
 0001:00005640       ___CxxFrameHandler3        00406640 f   LIBCMTD:_trnsctrl_.obj
 0001:00005680       ___CxxFrameHandler2        00406680 f   LIBCMTD:_trnsctrl_.obj
 0001:000056c0       ___CxxLongjmpUnwind@4      004066c0 f   LIBCMTD:_trnsctrl_.obj
 0001:000056f0       ?_CallCatchBlock2@@YAPAXPAUEHRegistrationNode@@PBU_s_FuncInfo@@PAXHK@Z 004066f0 f   LIBCMTD:_trnsctrl_.obj
 0001:000057b0       ?_CallSETranslator@@YAHPAUEHExceptionRecord@@PAUEHRegistrationNode@@PAX2PBU_s_FuncInfo@@H1@Z 004067b0 f   LIBCMTD:_trnsctrl_.obj
 0001:00005950       ?_GetRangeOfTrysToCheck@@YAPBU_s_TryBlockMapEntry@@PBU_s_FuncInfo@@HHPAI1@Z 00406950 f   LIBCMTD:_trnsctrl_.obj
 0001:000059d0       __CreateFrameInfo          004069d0 f   LIBCMTD:_trnsctrl_.obj
 0001:00005a00       __IsExceptionObjectToBeDestroyed 00406a00 f   LIBCMTD:_trnsctrl_.obj
 0001:00005a30       __FindAndUnlinkFrame       00406a30 f   LIBCMTD:_trnsctrl_.obj
 0001:00005a90       @__security_check_cookie@4 00406a90 f   LIBCMTD:secchk.obj
 0001:00005aa0       __CrtSetReportHookW2       00406aa0 f   LIBCMTD:dbgrptw.obj
 0001:00005dc0       __CrtDbgReportW            00406dc0 f   LIBCMTD:dbgrptw.obj
 0001:00005e00       __CrtDbgReportWV           00406e00 f i LIBCMTD:dbgrptw.obj
 0001:00005e30       ___crtMessageWindowW       00406e30 f   LIBCMTD:dbgrptw.obj
 0001:00006230       __invoke_watson_if_error   00407230 f i LIBCMTD:dbgrptw.obj
 0001:00006260       __invoke_watson_if_oneof   00407260 f i LIBCMTD:dbgrptw.obj
 0001:000062b0       ?_CrtDbgReportW@@YAHHPBGH00ZZ 004072b0 f   LIBCMTD:dbgrptw.obj
 0001:000062f0       __mbscmp_l                 004072f0 f   LIBCMTD:mbscmp.obj
 0001:00006540       ??0_LocaleUpdate@@QAE@PAUlocaleinfo_struct@@@Z 00407540 f i LIBCMTD:mbscmp.obj
 0001:00006620       ??1_LocaleUpdate@@QAE@XZ   00407620 f i LIBCMTD:mbscmp.obj
 0001:00006650       ?GetLocaleT@_LocaleUpdate@@QAEPAUlocaleinfo_struct@@XZ 00407650 f i LIBCMTD:mbscmp.obj
 0001:00006660       __mbscmp                   00407660 f   LIBCMTD:mbscmp.obj
 0001:00006680       ??3@YAXPAX@Z               00407680 f   LIBCMTD:dbgdel.obj
 0001:00006770       __CxxThrowException@8      00407770 f   LIBCMTD:throw.obj
 0001:000067d0       ??0exception@std@@QAE@XZ   004077d0 f   LIBCMTD:stdexcpt.obj
 0001:00006800       ??_Eexception@std@@UAEPAXI@Z 00407800 f i LIBCMTD:stdexcpt.obj
 0001:00006800       ??_Gexception@std@@UAEPAXI@Z 00407800 f i LIBCMTD:stdexcpt.obj
 0001:00006830       ??0exception@std@@QAE@ABQBD@Z 00407830 f   LIBCMTD:stdexcpt.obj
 0001:000068c0       ??0exception@std@@QAE@ABQBDH@Z 004078c0 f   LIBCMTD:stdexcpt.obj
 0001:000068f0       ??0exception@std@@QAE@ABV01@@Z 004078f0 f   LIBCMTD:stdexcpt.obj
 0001:00006990       ??4exception@std@@QAEAAV01@ABV01@@Z 00407990 f   LIBCMTD:stdexcpt.obj
 0001:00006a40       ??1exception@std@@UAE@XZ   00407a40 f   LIBCMTD:stdexcpt.obj
 0001:00006a70       ?what@exception@std@@UBEPBDXZ 00407a70 f   LIBCMTD:stdexcpt.obj
 0001:00006aa0       ??0bad_cast@std@@QAE@PBD@Z 00407aa0 f   LIBCMTD:stdexcpt.obj
 0001:00006ad0       ??_Ebad_cast@std@@UAEPAXI@Z 00407ad0 f i LIBCMTD:stdexcpt.obj
 0001:00006ad0       ??_Gbad_cast@std@@UAEPAXI@Z 00407ad0 f i LIBCMTD:stdexcpt.obj
 0001:00006b00       ??0bad_cast@std@@QAE@ABV01@@Z 00407b00 f   LIBCMTD:stdexcpt.obj
 0001:00006b30       ??1bad_cast@std@@UAE@XZ    00407b30 f   LIBCMTD:stdexcpt.obj
 0001:00006b50       ??0bad_typeid@std@@QAE@PBD@Z 00407b50 f   LIBCMTD:stdexcpt.obj
 0001:00006b80       ??_Gbad_typeid@std@@UAEPAXI@Z 00407b80 f i LIBCMTD:stdexcpt.obj
 0001:00006b80       ??_Ebad_typeid@std@@UAEPAXI@Z 00407b80 f i LIBCMTD:stdexcpt.obj
 0001:00006bb0       ??0bad_typeid@std@@QAE@ABV01@@Z 00407bb0 f   LIBCMTD:stdexcpt.obj
 0001:00006be0       ??1bad_typeid@std@@UAE@XZ  00407be0 f   LIBCMTD:stdexcpt.obj
 0001:00006c00       ??0__non_rtti_object@std@@QAE@PBD@Z 00407c00 f   LIBCMTD:stdexcpt.obj
 0001:00006c30       ??_E__non_rtti_object@std@@UAEPAXI@Z 00407c30 f i LIBCMTD:stdexcpt.obj
 0001:00006c30       ??_G__non_rtti_object@std@@UAEPAXI@Z 00407c30 f i LIBCMTD:stdexcpt.obj
 0001:00006c60       ??0__non_rtti_object@std@@QAE@ABV01@@Z 00407c60 f   LIBCMTD:stdexcpt.obj
 0001:00006c90       ??1__non_rtti_object@std@@UAE@XZ 00407c90 f   LIBCMTD:stdexcpt.obj
 0001:00006cb0       _strlen                    00407cb0 f   LIBCMTD:strlen.obj
 0001:00006d40       _free                      00407d40 f   LIBCMTD:dbgfree.obj
 0001:00006d60       _memcpy_s                  00407d60 f   LIBCMTD:memcpy_s.obj
 0001:00006ef0       _memmove_s                 00407ef0 f   LIBCMTD:memmove_s.obj
 0001:00007050       _WinMainCRTStartup         00408050 f   LIBCMTD:wincrt0.obj
 0001:00007300       __onexit                   00408300 f   LIBCMTD:onexit.obj
 0001:000074d0       _atexit                    004084d0 f   LIBCMTD:onexit.obj
 0001:000074f0       ___onexitinit              004084f0 f   LIBCMTD:onexit.obj
 0001:00007550       __initp_heap_handler       00408550 f   LIBCMTD:handler.obj
 0001:00007560       ?_set_new_handler@@YAP6AHI@ZP6AHI@Z@Z 00408560 f   LIBCMTD:handler.obj
 0001:000075b0       ?_set_new_handler@@YAP6AHI@ZH@Z 004085b0 f   LIBCMTD:handler.obj
 0001:000075f0       ?_query_new_handler@@YAP6AHI@ZXZ 004085f0 f   LIBCMTD:handler.obj
 0001:00007610       __callnewh                 00408610 f   LIBCMTD:handler.obj
 0001:00007650       _malloc                    00408650 f   LIBCMTD:dbgmalloc.obj
 0001:00007680       _DebuggerKnownHandle       00408680 f   LIBCMTD:_error_.obj
 0001:00007740       ?_RTC_Failure@@YAXPAXH@Z   00408740 f   LIBCMTD:_error_.obj
 0001:00007a50       ?_RTC_StackFailure@@YAXPAXPBD@Z 00408a50 f   LIBCMTD:_error_.obj
 0001:00007b50       ?_RTC_AllocaFailure@@YAXPAXPAU_RTC_ALLOCA_NODE@@H@Z 00408b50 f   LIBCMTD:_error_.obj
 0001:00007d00       __RTC_UninitUse            00408d00 f   LIBCMTD:_error_.obj
 0001:00007df0       __RTC_NumErrors            00408df0 f   LIBCMTD:_userapi_.obj
 0001:00007e00       __RTC_GetErrDesc           00408e00 f   LIBCMTD:_userapi_.obj
 0001:00007e20       __RTC_SetErrorType         00408e20 f   LIBCMTD:_userapi_.obj
 0001:00007e50       __RTC_SetErrorFunc         00408e50 f   LIBCMTD:_userapi_.obj
 0001:00007e70       __RTC_SetErrorFuncW        00408e70 f   LIBCMTD:_userapi_.obj
 0001:00007e90       ?_RTC_GetErrorFunc@@YAP6AHHPBDH00ZZPBX@Z 00408e90 f   LIBCMTD:_userapi_.obj
 0001:00007ea0       ?_RTC_GetErrorFuncW@@YAP6AHHPB_WH00ZZPBX@Z 00408ea0 f   LIBCMTD:_userapi_.obj
 0001:00007eb0       __chkesp                   00408eb0 f   LIBCMTD:chkesp.obj
 0001:00007ef0       __CRT_RTC_INIT             00408ef0 f   LIBCMTD:chkesp.obj
 0001:00007f00       __CRT_RTC_INITW            00408f00 f   LIBCMTD:chkesp.obj
 0001:00007f10       ?_Type_info_dtor@type_info@@CAXPAV1@@Z 00408f10 f   LIBCMTD:typname.obj
 0001:00008020       ?_Name_base@type_info@@CAPBDPBV1@PAU__type_info_node@@@Z 00409020 f   LIBCMTD:typname.obj
 0001:000081c0       ?_Type_info_dtor_internal@type_info@@CAXPAV1@@Z 004091c0 f   LIBCMTD:typname.obj
 0001:000082d0       ___unDNameHelper           004092d0 f   LIBCMTD:typname.obj
 0001:00008310       ?_Name_base_internal@type_info@@CAPBDPBV1@PAU__type_info_node@@@Z 00409310 f   LIBCMTD:typname.obj
 0001:000084d0       ___clean_type_info_names_internal 004094d0 f   LIBCMTD:typname.obj
 0001:00008590       _strcmp                    00409590 f   LIBCMTD:strcmp.obj
 0001:00008620       _abort                     00409620 f   LIBCMTD:abort.obj
 0001:00008760       __set_abort_behavior       00409760 f   LIBCMTD:abort.obj
 0001:00008790       __FF_MSGBANNER             00409790 f   LIBCMTD:crt0msg.obj
 0001:000087e0       __NMSG_WRITE               004097e0 f   LIBCMTD:crt0msg.obj
 0001:00008a80       __GET_RTERRMSG             00409a80 f   LIBCMTD:crt0msg.obj
 0001:00008ad0       __encode_pointer           00409ad0 f   LIBCMTD:tidtable.obj
 0001:00008b70       __crt_wait_module_handle   00409b70 f i LIBCMTD:tidtable.obj
 0001:00008ba0       __encoded_null             00409ba0 f   LIBCMTD:tidtable.obj
 0001:00008bc0       __decode_pointer           00409bc0 f   LIBCMTD:tidtable.obj
 0001:00008c60       ___crtTlsAlloc@4           00409c60 f   LIBCMTD:tidtable.obj
 0001:00008c70       ___fls_getvalue@4          00409c70 f   LIBCMTD:tidtable.obj
 0001:00008c90       ___get_flsindex            00409c90 f   LIBCMTD:tidtable.obj
 0001:00008ca0       ___set_flsgetvalue         00409ca0 f   LIBCMTD:tidtable.obj
 0001:00008cf0       ___fls_setvalue@8          00409cf0 f   LIBCMTD:tidtable.obj
 0001:00008d20       __mtinit                   00409d20 f   LIBCMTD:tidtable.obj
 0001:00008f30       __mtterm                   00409f30 f   LIBCMTD:tidtable.obj
 0001:00008f90       __initptd                  00409f90 f   LIBCMTD:tidtable.obj
 0001:000090f0       __getptd_noexit            0040a0f0 f   LIBCMTD:tidtable.obj
 0001:000091b0       __getptd                   0040a1b0 f   LIBCMTD:tidtable.obj
 0001:000091e0       __freefls@4                0040a1e0 f   LIBCMTD:tidtable.obj
 0001:000093f0       __freeptd                  0040a3f0 f   LIBCMTD:tidtable.obj
 0001:00009470       ___threadid                0040a470 f   LIBCMTD:tidtable.obj
 0001:00009480       ___threadhandle            0040a480 f   LIBCMTD:tidtable.obj
 0001:00009490       ___getlocaleinfo           0040a490 f   LIBCMTD:inithelp.obj
 0001:00009730       __initp_misc_purevirt      0040a730 f   LIBCMTD:inithelp.obj
 0001:00009740       ___InternalCxxFrameHandler 0040a740 f   LIBCMTD:frame.obj
 0001:00009d40       ??0bad_exception@std@@QAE@PBD@Z 0040ad40 f i LIBCMTD:frame.obj
 0001:00009d70       ??1bad_exception@std@@UAE@XZ 0040ad70 f i LIBCMTD:frame.obj
 0001:00009d90       ??_Gbad_exception@std@@UAEPAXI@Z 0040ad90 f i LIBCMTD:frame.obj
 0001:00009d90       ??_Ebad_exception@std@@UAEPAXI@Z 0040ad90 f i LIBCMTD:frame.obj
 0001:00009dc0       ??0bad_exception@std@@QAE@ABV01@@Z 0040adc0 f i LIBCMTD:frame.obj
 0001:00009f70       ___TypeMatch               0040af70 f   LIBCMTD:frame.obj
 0001:0000a020       ___FrameUnwindFilter       0040b020 f   LIBCMTD:frame.obj
 0001:0000a0a0       ___FrameUnwindToState      0040b0a0 f   LIBCMTD:frame.obj
 0001:0000a5e0       ___BuildCatchObjectHelper  0040b5e0 f   LIBCMTD:frame.obj
 0001:0000a850       ___BuildCatchObject        0040b850 f   LIBCMTD:frame.obj
 0001:0000a960       ___DestructExceptionObject 0040b960 f   LIBCMTD:frame.obj
 0001:0000aa10       ___AdjustPointer           0040ba10 f   LIBCMTD:frame.obj
 0001:0000aa60       ?__uncaught_exception@@YA_NXZ 0040ba60 f   LIBCMTD:frame.obj
 0001:0000aa80       ___CxxExceptionFilter      0040ba80 f   LIBCMTD:frame.obj
 0001:0000ac70       ___CxxRegisterExceptionObject 0040bc70 f   LIBCMTD:frame.obj
 0001:0000ada0       ___CxxDetectRethrow        0040bda0 f   LIBCMTD:frame.obj
 0001:0000ae30       ___CxxUnregisterExceptionObject 0040be30 f   LIBCMTD:frame.obj
 0001:0000afb0       ___CxxQueryExceptionSize   0040bfb0 f   LIBCMTD:frame.obj
 0001:0000afc0       ___CxxCallUnwindDtor       0040bfc0 f   LIBCMTD:frame.obj
 0001:0000b040       ___CxxCallUnwindDelDtor    0040c040 f   LIBCMTD:frame.obj
 0001:0000b0c0       ___CxxCallUnwindStdDelDtor 0040c0c0 f   LIBCMTD:frame.obj
 0001:0000b140       ___CxxCallUnwindVecDtor    0040c140 f   LIBCMTD:frame.obj
 0001:0000b370       ?_is_exception_typeof@@YAHABVtype_info@@PAU_EXCEPTION_POINTERS@@@Z 0040c370 f   LIBCMTD:frame.obj
 0001:0000b450       __CallSettingFrame@12      0040c450 f   LIBCMTD:lowhelpr.obj
 0001:0000b477       __NLG_Return               0040c477     LIBCMTD:lowhelpr.obj
 0001:0000b4a0       __initp_eh_hooks           0040c4a0 f   LIBCMTD:hooks.obj
 0001:0000b4c0       ?terminate@@YAXXZ          0040c4c0 f   LIBCMTD:hooks.obj
 0001:0000b540       ?unexpected@@YAXXZ         0040c540 f   LIBCMTD:hooks.obj
 0001:0000b570       ?_inconsistency@@YAXXZ     0040c570 f   LIBCMTD:hooks.obj
 0001:0000b600       ___report_gsfailure        0040c600 f   LIBCMTD:gs_report.obj
 0001:0000b710       __mtinitlocks              0040c710 f   LIBCMTD:mlock.obj
 0001:0000b7a0       __mtdeletelocks            0040c7a0 f   LIBCMTD:mlock.obj
 0001:0000b860       __mtinitlocknum            0040c860 f   LIBCMTD:mlock.obj
 0001:0000b9b0       __lock                     0040c9b0 f   LIBCMTD:mlock.obj
 0001:0000b9f0       __unlock                   0040c9f0 f   LIBCMTD:mlock.obj
 0001:0000ba10       __lockerr_exit             0040ca10 f   LIBCMTD:mlock.obj
 0001:0000ba30       __malloc_dbg               0040ca30 f   LIBCMTD:dbgheap.obj
 0001:0000ba60       __nh_malloc                0040ca60 f   LIBCMTD:dbgheap.obj
 0001:0000ba80       __nh_malloc_dbg            0040ca80 f   LIBCMTD:dbgheap.obj
 0001:0000bb50       __heap_alloc               0040cb50 f   LIBCMTD:dbgheap.obj
 0001:0000bf20       __heap_alloc_dbg           0040cf20 f   LIBCMTD:dbgheap.obj
 0001:0000bf80       __calloc_dbg_impl          0040cf80 f   LIBCMTD:dbgheap.obj
 0001:0000c050       __calloc_dbg               0040d050 f   LIBCMTD:dbgheap.obj
 0001:0000c0b0       __recalloc                 0040d0b0 f   LIBCMTD:dbgheap.obj
 0001:0000c0e0       __realloc_dbg              0040d0e0 f   LIBCMTD:dbgheap.obj
 0001:0000c780       __recalloc_dbg             0040d780 f   LIBCMTD:dbgheap.obj
 0001:0000c880       __expand                   0040d880 f   LIBCMTD:dbgheap.obj
 0001:0000c8b0       __expand_dbg               0040d8b0 f   LIBCMTD:dbgheap.obj
 0001:0000c9c0       __free_nolock              0040d9c0 f   LIBCMTD:dbgheap.obj
 0001:0000c9e0       __free_dbg                 0040d9e0 f   LIBCMTD:dbgheap.obj
 0001:0000ca60       __free_dbg_nolock          0040da60 f   LIBCMTD:dbgheap.obj
 0001:0000cf40       __msize                    0040df40 f   LIBCMTD:dbgheap.obj
 0001:0000cf60       __msize_dbg                0040df60 f   LIBCMTD:dbgheap.obj
 0001:0000d150       __CrtSetBreakAlloc         0040e150 f   LIBCMTD:dbgheap.obj
 0001:0000d170       __CrtSetDbgBlockType       0040e170 f   LIBCMTD:dbgheap.obj
 0001:0000d260       __CrtSetAllocHook          0040e260 f   LIBCMTD:dbgheap.obj
 0001:0000d280       __CrtGetAllocHook          0040e280 f   LIBCMTD:dbgheap.obj
 0001:0000d2e0       __CrtCheckMemory           0040e2e0 f   LIBCMTD:dbgheap.obj
 0001:0000d740       __CrtSetDbgFlag            0040e740 f   LIBCMTD:dbgheap.obj
 0001:0000d890       __CrtDoForAllClientObjects 0040e890 f   LIBCMTD:dbgheap.obj
 0001:0000d9b0       __CrtIsValidPointer        0040e9b0 f   LIBCMTD:dbgheap.obj
 0001:0000d9c0       __CrtIsValidHeapPointer    0040e9c0 f   LIBCMTD:dbgheap.obj
 0001:0000da60       __CrtIsMemoryBlock         0040ea60 f   LIBCMTD:dbgheap.obj
 0001:0000dbd0       __CrtReportBlockType       0040ebd0 f   LIBCMTD:dbgheap.obj
 0001:0000dc00       __CrtSetDumpClient         0040ec00 f   LIBCMTD:dbgheap.obj
 0001:0000dc20       __CrtGetDumpClient         0040ec20 f   LIBCMTD:dbgheap.obj
 0001:0000dc30       __CrtMemCheckpoint         0040ec30 f   LIBCMTD:dbgheap.obj
 0001:0000de50       __CrtMemDifference         0040ee50 f   LIBCMTD:dbgheap.obj
 0001:0000e070       __CrtMemDumpAllObjectsSince 0040f070 f   LIBCMTD:dbgheap.obj
 0001:0000e560       __CrtDumpMemoryLeaks       0040f560 f   LIBCMTD:dbgheap.obj
 0001:0000e5d0       __CrtMemDumpStatistics     0040f5d0 f   LIBCMTD:dbgheap.obj
 0001:0000e6e0       __aligned_malloc           0040f6e0 f   LIBCMTD:dbgheap.obj
 0001:0000e700       __aligned_malloc_dbg       0040f700 f   LIBCMTD:dbgheap.obj
 0001:0000e730       __aligned_realloc          0040f730 f   LIBCMTD:dbgheap.obj
 0001:0000e760       __aligned_recalloc         0040f760 f   LIBCMTD:dbgheap.obj
 0001:0000e790       __aligned_realloc_dbg      0040f790 f   LIBCMTD:dbgheap.obj
 0001:0000e7c0       __aligned_recalloc_dbg     0040f7c0 f   LIBCMTD:dbgheap.obj
 0001:0000e7f0       __aligned_offset_malloc    0040f7f0 f   LIBCMTD:dbgheap.obj
 0001:0000e810       __aligned_offset_malloc_dbg 0040f810 f   LIBCMTD:dbgheap.obj
 0001:0000e9b0       __aligned_offset_realloc   0040f9b0 f   LIBCMTD:dbgheap.obj
 0001:0000e9e0       __aligned_offset_recalloc  0040f9e0 f   LIBCMTD:dbgheap.obj
 0001:0000ea10       __aligned_offset_realloc_dbg 0040fa10 f   LIBCMTD:dbgheap.obj
 0001:0000ece0       __aligned_offset_recalloc_dbg 0040fce0 f   LIBCMTD:dbgheap.obj
 0001:0000edf0       __aligned_free             0040fdf0 f   LIBCMTD:dbgheap.obj
 0001:0000ee10       __aligned_free_dbg         0040fe10 f   LIBCMTD:dbgheap.obj
 0001:0000eec0       __CrtSetDebugFillThreshold 0040fec0 f   LIBCMTD:dbgheap.obj
 0001:0000eee0       __CrtSetCheckCount         0040fee0 f   LIBCMTD:dbgheap.obj
 0001:0000ef00       __CrtGetCheckCount         0040ff00 f   LIBCMTD:dbgheap.obj
 0001:0000ef10       __aligned_msize            0040ff10 f   LIBCMTD:dbgheap.obj
 0001:0000ef30       __aligned_msize_dbg        0040ff30 f   LIBCMTD:dbgheap.obj
 0001:0000f040       __CrtDbgBreak              00410040 f   LIBCMTD:dbgrptt.obj
 0001:0000f050       __CrtSetReportMode         00410050 f   LIBCMTD:dbgrptt.obj
 0001:0000f190       __CrtSetReportFile         00410190 f   LIBCMTD:dbgrptt.obj
 0001:0000f290       __CrtSetReportHook         00410290 f   LIBCMTD:dbgrptt.obj
 0001:0000f2b0       __CrtGetReportHook         004102b0 f   LIBCMTD:dbgrptt.obj
 0001:0000f2c0       __VCrtDbgReportA           004102c0 f   LIBCMTD:dbgrptt.obj
 0001:0000faf0       __VCrtDbgReportW           00410af0 f   LIBCMTD:dbgrptt.obj
 0001:00010420       __initp_misc_invarg        00411420 f   LIBCMTD:invarg.obj
 0001:00010430       __invalid_parameter        00411430 f   LIBCMTD:invarg.obj
 0001:000104a0       __invoke_watson            004114a0 f   LIBCMTD:invarg.obj
 0001:000105f0       __set_invalid_parameter_handler 004115f0 f   LIBCMTD:invarg.obj
 0001:00010640       __get_invalid_parameter_handler 00411640 f   LIBCMTD:invarg.obj
 0001:00010670       ?_invalid_parameter@@YAXPBG00II@Z 00411670 f   LIBCMTD:invarg.obj
 0001:000106a0       ?_invoke_watson@@YAXPBG00II@Z 004116a0 f   LIBCMTD:invarg.obj
 0001:000106d0       __dosmaperr                004116d0 f   LIBCMTD:dosmap.obj
 0001:00010700       __get_errno_from_oserr     00411700 f   LIBCMTD:dosmap.obj
 0001:00010780       __set_errno                00411780 f   LIBCMTD:dosmap.obj
 0001:000107b0       __get_errno                004117b0 f   LIBCMTD:dosmap.obj
 0001:00010830       __set_doserrno             00411830 f   LIBCMTD:dosmap.obj
 0001:00010860       __get_doserrno             00411860 f   LIBCMTD:dosmap.obj
 0001:000108e0       __errno                    004118e0 f   LIBCMTD:dosmap.obj
 0001:00010910       ___doserrno                00411910 f   LIBCMTD:dosmap.obj
 0001:00010940       __except_handler4          00411940 f   LIBCMTD:chandler4.obj
 0001:00010b60       __crt_waiting_on_module_handle 00411b60 f   LIBCMTD:crt0dat.obj
 0001:00010bc0       __cinit                    00411bc0 f   LIBCMTD:crt0dat.obj
 0001:00010c60       _exit                      00411c60 f   LIBCMTD:crt0dat.obj
 0001:00010c80       __exit                     00411c80 f   LIBCMTD:crt0dat.obj
 0001:00010ca0       __cexit                    00411ca0 f   LIBCMTD:crt0dat.obj
 0001:00010cc0       __c_exit                   00411cc0 f   LIBCMTD:crt0dat.obj
 0001:00010ce0       __amsg_exit                00411ce0 f   LIBCMTD:crt0dat.obj
 0001:00010d20       ___freeCrtMemory           00411d20 f   LIBCMTD:crt0dat.obj
 0001:00011070       ___crtCorExitProcess       00412070 f   LIBCMTD:crt0dat.obj
 0001:000110b0       ___crtExitProcess          004120b0 f   LIBCMTD:crt0dat.obj
 0001:000110d0       __lockexit                 004120d0 f   LIBCMTD:crt0dat.obj
 0001:000110f0       __unlockexit               004120f0 f   LIBCMTD:crt0dat.obj
 0001:00011110       __init_pointers            00412110 f   LIBCMTD:crt0dat.obj
 0001:000111d0       __initterm_e               004121d0 f   LIBCMTD:crt0dat.obj
 0001:00011210       __get_wpgmptr              00412210 f   LIBCMTD:crt0dat.obj
 0001:00011300       __get_pgmptr               00412300 f   LIBCMTD:crt0dat.obj
 0001:000113f0       __initp_misc_winsig        004123f0 f   LIBCMTD:winsig.obj
 0001:00011420       _signal                    00412420 f   LIBCMTD:winsig.obj
 0001:000118c0       _raise                     004128c0 f   LIBCMTD:winsig.obj
 0001:00011c30       ___get_sigabrt             00412c30 f   LIBCMTD:winsig.obj
 0001:00011c50       ___fpecode                 00412c50 f   LIBCMTD:winsig.obj
 0001:00011c60       ___pxcptinfoptrs           00412c60 f   LIBCMTD:winsig.obj
 0001:00011c70       ___crtMessageBoxW          00412c70 f   LIBCMTD:crtmboxw.obj
 0001:00011e90       __swprintf                 00412e90 f   LIBCMTD:swprintf.obj
 0001:00012060       ___swprintf_l              00413060 f   LIBCMTD:swprintf.obj
 0001:00012090       _swprintf_s                00413090 f   LIBCMTD:swprintf.obj
 0001:000120c0       __snwprintf_s              004130c0 f   LIBCMTD:swprintf.obj
 0001:000120f0       __swprintf_p               004130f0 f   LIBCMTD:swprintf.obj
 0001:00012120       __swprintf_s_l             00413120 f   LIBCMTD:swprintf.obj
 0001:00012150       __snwprintf_s_l            00413150 f   LIBCMTD:swprintf.obj
 0001:00012180       __swprintf_p_l             00413180 f   LIBCMTD:swprintf.obj
 0001:000121b0       __scwprintf                004131b0 f   LIBCMTD:swprintf.obj
 0001:000121d0       __scwprintf_p              004131d0 f   LIBCMTD:swprintf.obj
 0001:000121f0       __scwprintf_l              004131f0 f   LIBCMTD:swprintf.obj
 0001:00012220       __scwprintf_p_l            00413220 f   LIBCMTD:swprintf.obj
 0001:00012250       _wcslen                    00413250 f   LIBCMTD:wcslen.obj
 0001:00012280       _wcscpy_s                  00413280 f   LIBCMTD:wcscpy_s.obj
 0001:00012560       __alloca_probe             00413560     LIBCMTD:chkstk.obj
 0001:00012560       __chkstk                   00413560 f   LIBCMTD:chkstk.obj
 0001:00012590       ___updatetmbcinfo          00413590 f   LIBCMTD:mbctype.obj
 0001:000126a0       __setmbcp                  004136a0 f   LIBCMTD:mbctype.obj
 0001:00012a50       __setmbcp_nolock           00413a50 f   LIBCMTD:mbctype.obj
 0001:00013240       __getmbcp                  00414240 f   LIBCMTD:mbctype.obj
 0001:000132b0       ___initmbctable            004142b0 f   LIBCMTD:mbctype.obj
 0001:000132e0       ____setlc_active_func      004142e0 f   LIBCMTD:setlocal.obj
 0001:000132f0       ____unguarded_readlc_active_add_func 004142f0 f   LIBCMTD:setlocal.obj
 0001:00013300       ___freetlocinfo            00414300 f   LIBCMTD:setlocal.obj
 0001:000135e0       ___addlocaleref            004145e0 f   LIBCMTD:setlocal.obj
 0001:00013700       ___removelocaleref         00414700 f   LIBCMTD:setlocal.obj
 0001:00013830       ___updatetlocinfo          00414830 f   LIBCMTD:setlocal.obj
 0001:00013980       __configthreadlocale       00414980 f   LIBCMTD:setlocal.obj
 0001:00013a90       __locterm                  00414a90 f   LIBCMTD:setlocal.obj
 0001:00013b30       __free_locale              00414b30 f   LIBCMTD:setlocal.obj
 0001:00013c70       ___free_locale             00414c70 f   LIBCMTD:setlocal.obj
 0001:00013c90       __create_locale            00414c90 f   LIBCMTD:setlocal.obj
 0001:00013ec0       ___create_locale           00414ec0 f   LIBCMTD:setlocal.obj
 0001:00013ee0       __get_current_locale       00414ee0 f   LIBCMTD:setlocal.obj
 0001:00014000       ___get_current_locale      00415000 f   LIBCMTD:setlocal.obj
 0001:00014010       _setlocale                 00415010 f   LIBCMTD:setlocal.obj
 0001:00014f20       __expandlocale             00415f20 f   LIBCMTD:setlocal.obj
 0001:000151d0       ___init_dummy              004161d0 f   LIBCMTD:setlocal.obj
 0001:000151e0       __strcats                  004161e0 f   LIBCMTD:setlocal.obj
 0001:00015260       ___lc_strtolc              00416260 f   LIBCMTD:setlocal.obj
 0001:00015460       ___lc_lctostr              00416460 f   LIBCMTD:setlocal.obj
 0001:00015500       _strcpy_s                  00416500 f   LIBCMTD:strcpy_s.obj
 0001:000157e0       _memcpy                    004167e0 f   LIBCMTD:memcpy.obj
 0001:00015b50       _memset                    00416b50 f   LIBCMTD:memset.obj
 0001:00015bd0       _memmove                   00416bd0 f   LIBCMTD:memmove.obj
 0001:00015f40       ?__CxxUnhandledExceptionFilter@@YGJPAU_EXCEPTION_POINTERS@@@Z 00416f40 f   LIBCMTD:unhandld.obj
 0001:00015fb0       ___CxxSetUnhandledExceptionFilter 00416fb0 f   LIBCMTD:unhandld.obj
 0001:00015fd0       ___security_init_cookie    00416fd0 f   LIBCMTD:gs_support.obj
 0001:000160b0       __initp_misc_winxfltr      004170b0 f   LIBCMTD:winxfltr.obj
 0001:000160c0       ___CppXcptFilter           004170c0 f   LIBCMTD:winxfltr.obj
 0001:000160f0       __XcptFilter               004170f0 f   LIBCMTD:winxfltr.obj
 0001:00016320       __wincmdln                 00417320 f   LIBCMTD:wincmdln.obj
 0001:000163f0       __setenvp                  004173f0 f   LIBCMTD:stdenvp.obj
 0001:00016590       __setargv                  00417590 f   LIBCMTD:stdargv.obj
 0001:000166b0       __set_pgmptr               004176b0 f i LIBCMTD:stdargv.obj
 0001:00016a20       ___crtGetEnvironmentStringsA 00417a20 f   LIBCMTD:a_env.obj
 0001:00016c40       __ioinit                   00417c40 f   LIBCMTD:ioinit.obj
 0001:000170e0       __ioterm                   004180e0 f   LIBCMTD:ioinit.obj
 0001:00017180       __RTC_Initialize           00418180 f   LIBCMTD:_initsect_.obj
 0001:000171b0       __RTC_Terminate            004181b0 f   LIBCMTD:_initsect_.obj
 0001:000171e0       ___heap_select             004181e0 f   LIBCMTD:heapinit.obj
 0001:00017200       __heap_init                00418200 f   LIBCMTD:heapinit.obj
 0001:00017280       __heap_term                00418280 f   LIBCMTD:heapinit.obj
 0001:00017320       __get_heap_handle          00418320 f   LIBCMTD:heapinit.obj
 0001:00017360       ?_RTC_GetSrcLine@@YAHPAEPA_WKPAH1K@Z 00418360 f   LIBCMTD:_pdblkup_.obj
 0001:00017800       __CrtSetReportHook2        00418800 f   LIBCMTD:dbgrpt.obj
 0001:00017b20       __CrtDbgReport             00418b20 f   LIBCMTD:dbgrpt.obj
 0001:00017b60       __CrtDbgReportV            00418b60 f i LIBCMTD:dbgrpt.obj
 0001:00017b90       ___crtMessageWindowA       00418b90 f   LIBCMTD:dbgrpt.obj
 0001:00017f90       ___unDName                 00418f90 f   LIBCMTD:undname.obj
 0001:00018070       ?Constructor@HeapManager@@QAEXP6APAXI@ZP6AXPAX@Z@Z 00419070 f i LIBCMTD:undname.obj
 0001:000180b0       ?Destructor@HeapManager@@QAEXXZ 004190b0 f i LIBCMTD:undname.obj
 0001:00018100       ___unDNameEx               00419100 f   LIBCMTD:undname.obj
 0001:000181e0       ??0UnDecorator@@QAE@PADPBDHP6APADJ@ZK@Z 004191e0 f i LIBCMTD:undname.obj
 0001:00018280       ??BUnDecorator@@QAEPADXZ   00419280 f i LIBCMTD:undname.obj
 0001:000184b0       ?dbGetString@DName@@QBEPADXZ 004194b0 f   LIBCMTD:undname.obj
 0001:000184e0       ?getDecoratedName@UnDecorator@@CA?AVDName@@XZ 004194e0 f   LIBCMTD:undname.obj
 0001:000187f0       ?getSymbolName@UnDecorator@@CA?AVDName@@XZ 004197f0 f i LIBCMTD:undname.obj
 0001:00018870       ?getZName@UnDecorator@@CA?AVDName@@_N0@Z 00419870 f   LIBCMTD:undname.obj
 0001:00018b10       ?getOperatorName@UnDecorator@@CA?AVDName@@_NPA_N@Z 00419b10 f i LIBCMTD:undname.obj
 0001:00019480       ?getStringEncoding@UnDecorator@@CA?AVDName@@PADH@Z 0041a480 f   LIBCMTD:undname.obj
 0001:00019580       ?getScope@UnDecorator@@CA?AVDName@@XZ 0041a580 f   LIBCMTD:undname.obj
 0001:00019960       ?getSignedDimension@UnDecorator@@CA?AVDName@@XZ 0041a960 f   LIBCMTD:undname.obj
 0001:000199e0       ?getDimension@UnDecorator@@CA?AVDName@@_N@Z 0041a9e0 f   LIBCMTD:undname.obj
 0001:00019c90       ?getNumberOfDimensions@UnDecorator@@CAHXZ 0041ac90 f   LIBCMTD:undname.obj
 0001:00019d90       ?getTemplateName@UnDecorator@@CA?AVDName@@_N@Z 0041ad90 f   LIBCMTD:undname.obj
 0001:00019f50       ?getTemplateArgumentList@UnDecorator@@CA?AVDName@@XZ 0041af50 f   LIBCMTD:undname.obj
 0001:0001a1d0       ?getTemplateConstant@UnDecorator@@CA?AVDName@@XZ 0041b1d0 f   LIBCMTD:undname.obj
 0001:0001a660       ?composeDeclaration@UnDecorator@@CA?AVDName@@ABV2@@Z 0041b660 f i LIBCMTD:undname.obj
 0001:0001bc60       ?getTypeEncoding@UnDecorator@@CAHXZ 0041cc60 f i LIBCMTD:undname.obj
 0001:0001c6a0       ?getBasedType@UnDecorator@@CA?AVDName@@XZ 0041d6a0 f   LIBCMTD:undname.obj
 0001:0001c760       ?getScopedName@UnDecorator@@CA?AVDName@@XZ 0041d760 f   LIBCMTD:undname.obj
 0001:0001c880       ?getCallingConvention@UnDecorator@@CA?AVDName@@XZ 0041d880 f   LIBCMTD:undname.obj
 0001:0001c9e0       ?getReturnType@UnDecorator@@CA?AVDName@@PAV2@@Z 0041d9e0 f   LIBCMTD:undname.obj
 0001:0001ca30       ?getDataType@UnDecorator@@CA?AVDName@@PAV2@@Z 0041da30 f   LIBCMTD:undname.obj
 0001:0001cb40       ?getPrimaryDataType@UnDecorator@@CA?AVDName@@ABV2@@Z 0041db40 f   LIBCMTD:undname.obj
 0001:0001cdf0       ?getArgumentTypes@UnDecorator@@CA?AVDName@@XZ 0041ddf0 f   LIBCMTD:undname.obj
 0001:0001cf50       ?getArgumentList@UnDecorator@@CA?AVDName@@XZ 0041df50 f   LIBCMTD:undname.obj
 0001:0001d0a0       ?getThrowTypes@UnDecorator@@CA?AVDName@@XZ 0041e0a0 f   LIBCMTD:undname.obj
 0001:0001d150       ?getBasicDataType@UnDecorator@@CA?AVDName@@ABV2@@Z 0041e150 f   LIBCMTD:undname.obj
 0001:0001d700       ?getECSUDataType@UnDecorator@@CA?AVDName@@XZ 0041e700 f   LIBCMTD:undname.obj
 0001:0001d8d0       ?getECSUName@UnDecorator@@CA?AVDName@@XZ 0041e8d0 f i LIBCMTD:undname.obj
 0001:0001d8f0       ?getEnumType@UnDecorator@@CA?AVDName@@XZ 0041e8f0 f i LIBCMTD:undname.obj
 0001:0001da40       ?getFunctionIndirectType@UnDecorator@@CA?AVDName@@ABV2@@Z 0041ea40 f   LIBCMTD:undname.obj
 0001:0001de80       ?getPtrRefType@UnDecorator@@CA?AVDName@@ABV2@0D@Z 0041ee80 f   LIBCMTD:undname.obj
 0001:0001dfe0       ?getExtendedDataIndirectType@UnDecorator@@CA?AVDName@@AADAA_NH@Z 0041efe0 f   LIBCMTD:undname.obj
 0001:0001e1f0       ?getDataIndirectType@UnDecorator@@CA?AVDName@@ABV2@D0H@Z 0041f1f0 f   LIBCMTD:undname.obj
 0001:0001e8f0       ?getPtrRefDataType@UnDecorator@@CA?AVDName@@ABV2@H@Z 0041f8f0 f i LIBCMTD:undname.obj
 0001:0001ea30       ?getArrayType@UnDecorator@@CA?AVDName@@ABV2@@Z 0041fa30 f i LIBCMTD:undname.obj
 0001:0001ec60       ?getLexicalFrame@UnDecorator@@CA?AVDName@@XZ 0041fc60 f i LIBCMTD:undname.obj
 0001:0001eca0       ?getThisType@UnDecorator@@CA?AVDName@@XZ 0041fca0 f i LIBCMTD:undname.obj
 0001:0001ece0       ?getPointerType@UnDecorator@@CA?AVDName@@ABV2@0@Z 0041fce0 f i LIBCMTD:undname.obj
 0001:0001ed00       ?getPointerTypeArray@UnDecorator@@CA?AVDName@@ABV2@0@Z 0041fd00 f i LIBCMTD:undname.obj
 0001:0001ed20       ?getReferenceType@UnDecorator@@CA?AVDName@@ABV2@0@Z 0041fd20 f i LIBCMTD:undname.obj
 0001:0001ed40       ?getDisplacement@UnDecorator@@CA?AVDName@@XZ 0041fd40 f i LIBCMTD:undname.obj
 0001:0001ed60       ?getCallIndex@UnDecorator@@CA?AVDName@@XZ 0041fd60 f i LIBCMTD:undname.obj
 0001:0001ed80       ?getGuardNumber@UnDecorator@@CA?AVDName@@XZ 0041fd80 f i LIBCMTD:undname.obj
 0001:0001eda0       ?getVbTableType@UnDecorator@@CA?AVDName@@ABV2@@Z 0041fda0 f i LIBCMTD:undname.obj
 0001:0001edc0       ?getVCallThunkType@UnDecorator@@CA?AVDName@@XZ 0041fdc0 f i LIBCMTD:undname.obj
 0001:0001ee20       ?getVfTableType@UnDecorator@@CA?AVDName@@ABV2@@Z 0041fe20 f i LIBCMTD:undname.obj
 0001:0001efe0       ?getStorageConvention@UnDecorator@@CA?AVDName@@XZ 0041ffe0 f i LIBCMTD:undname.obj
 0001:0001f000       ?getDataIndirectType@UnDecorator@@CA?AVDName@@XZ 00420000 f i LIBCMTD:undname.obj
 0001:0001f040       ?getVdispMapType@UnDecorator@@CA?AVDName@@ABV2@@Z 00420040 f i LIBCMTD:undname.obj
 0001:0001f0b0       ?getExternalDataType@UnDecorator@@CA?AVDName@@ABV2@@Z 004200b0 f i LIBCMTD:undname.obj
 0001:0001f140       ?doMSKeywords@UnDecorator@@SAHXZ 00420140 f i LIBCMTD:undname.obj
 0001:0001f160       ?doPtr64@UnDecorator@@SAHXZ 00420160 f i LIBCMTD:undname.obj
 0001:0001f180       ?doFunctionReturns@UnDecorator@@SAHXZ 00420180 f i LIBCMTD:undname.obj
 0001:0001f1a0       ?doAllocationModel@UnDecorator@@SAHXZ 004201a0 f i LIBCMTD:undname.obj
 0001:0001f1c0       ?doAllocationLanguage@UnDecorator@@SAHXZ 004201c0 f i LIBCMTD:undname.obj
 0001:0001f1e0       ?doThisTypes@UnDecorator@@SAHXZ 004201e0 f i LIBCMTD:undname.obj
 0001:0001f200       ?doAccessSpecifiers@UnDecorator@@SAHXZ 00420200 f i LIBCMTD:undname.obj
 0001:0001f220       ?doThrowTypes@UnDecorator@@SAHXZ 00420220 f i LIBCMTD:undname.obj
 0001:0001f240       ?doMemberTypes@UnDecorator@@SAHXZ 00420240 f i LIBCMTD:undname.obj
 0001:0001f260       ?doNameOnly@UnDecorator@@SAHXZ 00420260 f i LIBCMTD:undname.obj
 0001:0001f280       ?doTypeOnly@UnDecorator@@SAHXZ 00420280 f i LIBCMTD:undname.obj
 0001:0001f2a0       ?haveTemplateParameters@UnDecorator@@SAHXZ 004202a0 f i LIBCMTD:undname.obj
 0001:0001f2c0       ?doEcsu@UnDecorator@@SAHXZ 004202c0 f i LIBCMTD:undname.obj
 0001:0001f2e0       ?doEllipsis@UnDecorator@@SAHXZ 004202e0 f i LIBCMTD:undname.obj
 0001:0001f300       ?UScore@UnDecorator@@SAPBDW4Tokens@@@Z 00420300 f   LIBCMTD:undname.obj
 0001:0001f330       ?doUnderScore@UnDecorator@@SAHXZ 00420330 f i LIBCMTD:undname.obj
 0001:0001f350       ??2@YAPAXIAAVHeapManager@@H@Z 00420350 f i LIBCMTD:undname.obj
 0001:0001f370       ?getMemory@HeapManager@@QAEPAXIH@Z 00420370 f   LIBCMTD:undname.obj
 0001:0001f480       ??0Block@HeapManager@@QAE@XZ 00420480 f i LIBCMTD:undname.obj
 0001:0001f4a0       ??H@YA?AVDName@@DABV0@@Z   004204a0 f i LIBCMTD:undname.obj
 0001:0001f4d0       ??H@YA?AVDName@@W4DNameStatus@@ABV0@@Z 004204d0 f i LIBCMTD:undname.obj
 0001:0001f500       ??H@YA?AVDName@@PBDABV0@@Z 00420500 f i LIBCMTD:undname.obj
 0001:0001f530       ??0DName@@QAE@XZ           00420530 f i LIBCMTD:undname.obj
 0001:0001f5f0       ??0DName@@QAE@D@Z          004205f0 f   LIBCMTD:undname.obj
 0001:0001f6d0       ??0DName@@QAE@ABV0@@Z      004206d0 f i LIBCMTD:undname.obj
 0001:0001f700       ??0DName@@QAE@PAV0@@Z      00420700 f   LIBCMTD:undname.obj
 0001:0001f830       ??0DName@@QAE@PBD@Z        00420830 f   LIBCMTD:undname.obj
 0001:0001f910       ??0DName@@QAE@AAPBDD@Z     00420910 f   LIBCMTD:undname.obj
 0001:0001fbd0       ?doNoIdentCharCheck@UnDecorator@@SAHXZ 00420bd0 f i LIBCMTD:undname.obj
 0001:0001fbf0       ??0DName@@QAE@_K@Z         00420bf0 f   LIBCMTD:undname.obj
 0001:0001fd30       ??0DName@@QAE@_J@Z         00420d30 f   LIBCMTD:undname.obj
 0001:0001feb0       ??0DName@@QAE@W4DNameStatus@@@Z 00420eb0 f   LIBCMTD:undname.obj
 0001:0001ffd0       ?isValid@DName@@QBEHXZ     00420fd0 f i LIBCMTD:undname.obj
 0001:00020000       ?isEmpty@DName@@QBEHXZ     00421000 f i LIBCMTD:undname.obj
 0001:00020020       ?status@DName@@QBE?AW4DNameStatus@@XZ 00421020 f i LIBCMTD:undname.obj
 0001:00020040       ?setPtrRef@DName@@QAEAAV1@XZ 00421040 f i LIBCMTD:undname.obj
 0001:00020070       ?isPtrRef@DName@@QBEHXZ    00421070 f i LIBCMTD:undname.obj
 0001:00020090       ?isUDC@DName@@QBEHXZ       00421090 f i LIBCMTD:undname.obj
 0001:000200d0       ?setIsUDC@DName@@QAEXXZ    004210d0 f i LIBCMTD:undname.obj
 0001:00020100       ?isUDTThunk@DName@@QBEHXZ  00421100 f i LIBCMTD:undname.obj
 0001:00020140       ?setIsArray@DName@@QAEXXZ  00421140 f i LIBCMTD:undname.obj
 0001:00020160       ?isArray@DName@@QBEHXZ     00421160 f i LIBCMTD:undname.obj
 0001:00020180       ?isNoTE@DName@@QBEHXZ      00421180 f i LIBCMTD:undname.obj
 0001:000201a0       ?setIsNoTE@DName@@QAEXXZ   004211a0 f i LIBCMTD:undname.obj
 0001:000201c0       ?isPinPtr@DName@@QBEHXZ    004211c0 f i LIBCMTD:undname.obj
 0001:000201e0       ?setIsPinPtr@DName@@QAEXXZ 004211e0 f i LIBCMTD:undname.obj
 0001:00020200       ?isComArray@DName@@QBEHXZ  00421200 f i LIBCMTD:undname.obj
 0001:00020220       ?setIsComArray@DName@@QAEXXZ 00421220 f i LIBCMTD:undname.obj
 0001:00020240       ?isVCallThunk@DName@@QBEHXZ 00421240 f i LIBCMTD:undname.obj
 0001:00020260       ?setIsVCallThunk@DName@@QAEXXZ 00421260 f i LIBCMTD:undname.obj
 0001:00020280       ?length@DName@@QBEHXZ      00421280 f i LIBCMTD:undname.obj
 0001:000202b0       ?getLastChar@DName@@QBEDXZ 004212b0 f i LIBCMTD:undname.obj
 0001:000202e0       ?getString@DName@@QBEPADPADH@Z 004212e0 f i LIBCMTD:undname.obj
 0001:00020370       ?getString@DName@@QBEPADPAD0@Z 00421370 f i LIBCMTD:undname.obj
 0001:000203b0       ??HDName@@QBE?AV0@D@Z      004213b0 f   LIBCMTD:undname.obj
 0001:000203f0       ??HDName@@QBE?AV0@PBD@Z    004213f0 f   LIBCMTD:undname.obj
 0001:00020430       ??HDName@@QBE?AV0@ABV0@@Z  00421430 f   LIBCMTD:undname.obj
 0001:00020470       ??HDName@@QBE?AV0@PAV0@@Z  00421470 f   LIBCMTD:undname.obj
 0001:000204b0       ??HDName@@QBE?AV0@W4DNameStatus@@@Z 004214b0 f   LIBCMTD:undname.obj
 0001:000204f0       ?append@DName@@AAEXPAVDNameNode@@@Z 004214f0 f   LIBCMTD:undname.obj
 0001:00020580       ??YDName@@QAEAAV0@D@Z      00421580 f   LIBCMTD:undname.obj
 0001:00020610       ??YDName@@QAEAAV0@PBD@Z    00421610 f   LIBCMTD:undname.obj
 0001:000206b0       ??YDName@@QAEAAV0@ABV0@@Z  004216b0 f   LIBCMTD:undname.obj
 0001:00020720       ??YDName@@QAEAAV0@PAV0@@Z  00421720 f   LIBCMTD:undname.obj
 0001:000207e0       ??YDName@@QAEAAV0@W4DNameStatus@@@Z 004217e0 f   LIBCMTD:undname.obj
 0001:00020850       ??_5DName@@QAEAAV0@ABV0@@Z 00421850 f   LIBCMTD:undname.obj
 0001:000208b0       ??4DName@@QAEAAV0@D@Z      004218b0 f i LIBCMTD:undname.obj
 0001:00020990       ??4DName@@QAEAAV0@PBD@Z    00421990 f   LIBCMTD:undname.obj
 0001:00020a70       ??4DName@@QAEAAV0@ABV0@@Z  00421a70 f   LIBCMTD:undname.obj
 0001:00020aa0       ??4DName@@QAEAAV0@PAV0@@Z  00421aa0 f   LIBCMTD:undname.obj
 0001:00020be0       ??4DName@@QAEAAV0@W4DNameStatus@@@Z 00421be0 f   LIBCMTD:undname.obj
 0001:00020ce0       ?doPchar@DName@@AAEXPBDH@Z 00421ce0 f   LIBCMTD:undname.obj
 0001:00020e20       ?isFull@Replicator@@QBEHXZ 00421e20 f i LIBCMTD:undname.obj
 0001:00020e40       ??0Replicator@@QAE@XZ      00421e40 f i LIBCMTD:undname.obj
 0001:00020e60       ??YReplicator@@QAEAAV0@ABVDName@@@Z 00421e60 f   LIBCMTD:undname.obj
 0001:00020ef0       ??AReplicator@@QBE?AVDName@@H@Z 00421ef0 f   LIBCMTD:undname.obj
 0001:00020f60       ??0DNameNode@@IAE@XZ       00421f60 f   LIBCMTD:undname.obj
 0001:00020f80       ??0charNode@@QAE@D@Z       00421f80 f   LIBCMTD:undname.obj
 0001:00020fb0       ?length@charNode@@UBEHXZ   00421fb0 f i LIBCMTD:undname.obj
 0001:00020fd0       ?getLastChar@charNode@@UBEDXZ 00421fd0 f i LIBCMTD:undname.obj
 0001:00020ff0       ?getString@charNode@@UBEPADPAD0@Z 00421ff0 f i LIBCMTD:undname.obj
 0001:00021020       ??0pcharNode@@QAE@PBDH@Z   00422020 f   LIBCMTD:undname.obj
 0001:000210b0       ?length@pcharNode@@UBEHXZ  004220b0 f i LIBCMTD:undname.obj
 0001:000210d0       ?getLastChar@pcharNode@@UBEDXZ 004220d0 f i LIBCMTD:undname.obj
 0001:00021110       ?getString@pcharNode@@UBEPADPAD0@Z 00422110 f i LIBCMTD:undname.obj
 0001:00021140       ?getStringHelper@@YAPADPAD00H@Z 00422140 f i LIBCMTD:undname.obj
 0001:00021180       ??0pDNameNode@@QAE@PAVDName@@@Z 00422180 f   LIBCMTD:undname.obj
 0001:000211e0       ?length@pDNameNode@@UBEHXZ 004221e0 f i LIBCMTD:undname.obj
 0001:00021220       ?getLastChar@pDNameNode@@UBEDXZ 00422220 f i LIBCMTD:undname.obj
 0001:00021250       ?getString@pDNameNode@@UBEPADPAD0@Z 00422250 f i LIBCMTD:undname.obj
 0001:00021290       ??0DNameStatusNode@@AAE@W4DNameStatus@@@Z 00422290 f   LIBCMTD:undname.obj
 0001:000212e0       ?length@DNameStatusNode@@UBEHXZ 004222e0 f i LIBCMTD:undname.obj
 0001:00021300       ?getLastChar@DNameStatusNode@@UBEDXZ 00422300 f i LIBCMTD:undname.obj
 0001:00021320       ?getString@DNameStatusNode@@UBEPADPAD0@Z 00422320 f i LIBCMTD:undname.obj
 0001:00021360       ?make@DNameStatusNode@@SAPAV1@W4DNameStatus@@@Z 00422360 f i LIBCMTD:undname.obj
 0001:00021410       ??0pairNode@@QAE@PAVDNameNode@@0@Z 00422410 f   LIBCMTD:undname.obj
 0001:00021450       ?length@pairNode@@UBEHXZ   00422450 f i LIBCMTD:undname.obj
 0001:000214a0       ?getLastChar@pairNode@@UBEDXZ 004224a0 f i LIBCMTD:undname.obj
 0001:000214f0       ?getString@pairNode@@UBEPADPAD0@Z 004224f0 f i LIBCMTD:undname.obj
 0001:00021630       _V6_HeapAlloc              00422630 f   LIBCMTD:malloc.obj
 0001:000216d0       __malloc_base              004226d0 f   LIBCMTD:malloc.obj
 0001:00021760       __heap_alloc_base          00422760 f i LIBCMTD:malloc.obj
 0001:00021820       __free_base                00422820 f   LIBCMTD:free.obj
 0001:00021944       __local_unwind4            00422944 f   LIBCMTD:exsup4.obj
 0001:00021a1a       __seh_longjmp_unwind4@4    00422a1a f   LIBCMTD:exsup4.obj
 0001:00021a36       @_EH4_CallFilterFunc@8     00422a36 f   LIBCMTD:exsup4.obj
 0001:00021a4d       @_EH4_TransferToHandler@8  00422a4d f   LIBCMTD:exsup4.obj
 0001:00021a66       @_EH4_GlobalUnwind@4       00422a66 f   LIBCMTD:exsup4.obj
 0001:00021a80       @_EH4_LocalUnwind@16       00422a80 f   LIBCMTD:exsup4.obj
 0001:00021aa0       __set_error_mode           00422aa0 f   LIBCMTD:errmode.obj
 0001:00021b60       ___set_app_type            00422b60 f   LIBCMTD:errmode.obj
 0001:00021b70       ___get_app_type            00422b70 f   LIBCMTD:errmode.obj
 0001:00021b80       ___crtMessageBoxA          00422b80 f   LIBCMTD:crtmbox.obj
 0001:00021da0       _strcat_s                  00422da0 f   LIBCMTD:strcat_s.obj
 0001:00022180       _strncpy_s                 00423180 f   LIBCMTD:strncpy_s.obj
 0001:00022570       __isalpha_l                00423570 f i LIBCMTD:_ctype.obj
 0001:00022600       _isalpha                   00423600 f i LIBCMTD:_ctype.obj
 0001:00022640       __isupper_l                00423640 f i LIBCMTD:_ctype.obj
 0001:000226c0       _isupper                   004236c0 f i LIBCMTD:_ctype.obj
 0001:000226f0       __islower_l                004236f0 f i LIBCMTD:_ctype.obj
 0001:00022770       _islower                   00423770 f i LIBCMTD:_ctype.obj
 0001:000227a0       __isdigit_l                004237a0 f i LIBCMTD:_ctype.obj
 0001:00022820       _isdigit                   00423820 f i LIBCMTD:_ctype.obj
 0001:00022850       __isxdigit_l               00423850 f i LIBCMTD:_ctype.obj
 0001:000228e0       _isxdigit                  004238e0 f i LIBCMTD:_ctype.obj
 0001:00022920       __isspace_l                00423920 f i LIBCMTD:_ctype.obj
 0001:000229a0       _isspace                   004239a0 f i LIBCMTD:_ctype.obj
 0001:000229d0       __ispunct_l                004239d0 f i LIBCMTD:_ctype.obj
 0001:00022a50       _ispunct                   00423a50 f i LIBCMTD:_ctype.obj
 0001:00022a80       __isalnum_l                00423a80 f i LIBCMTD:_ctype.obj
 0001:00022b10       _isalnum                   00423b10 f i LIBCMTD:_ctype.obj
 0001:00022b50       __isprint_l                00423b50 f i LIBCMTD:_ctype.obj
 0001:00022be0       _isprint                   00423be0 f i LIBCMTD:_ctype.obj
 0001:00022c20       __isgraph_l                00423c20 f i LIBCMTD:_ctype.obj
 0001:00022cb0       _isgraph                   00423cb0 f i LIBCMTD:_ctype.obj
 0001:00022cf0       __iscntrl_l                00423cf0 f i LIBCMTD:_ctype.obj
 0001:00022d70       _iscntrl                   00423d70 f i LIBCMTD:_ctype.obj
 0001:00022da0       ___isascii                 00423da0 f i LIBCMTD:_ctype.obj
 0001:00022dc0       ___toascii                 00423dc0 f i LIBCMTD:_ctype.obj
 0001:00022dd0       __iscsymf_l                00423dd0 f i LIBCMTD:_ctype.obj
 0001:00022e10       ___iscsymf                 00423e10 f i LIBCMTD:_ctype.obj
 0001:00022e50       __iscsym_l                 00423e50 f i LIBCMTD:_ctype.obj
 0001:00022e90       ___iscsym                  00423e90 f i LIBCMTD:_ctype.obj
 0001:00022ed0       ___crtGetLocaleInfoW       00423ed0 f   LIBCMTD:w_loc.obj
 0001:00022f40       ___crtGetLocaleInfoA       00423f40 f   LIBCMTD:a_loc.obj
 0001:00023120       __MarkAllocaS              00424120 f i LIBCMTD:a_loc.obj
 0001:00023150       __freea                    00424150 f i LIBCMTD:a_loc.obj
 0001:000231c0       ?_ValidateRead@@YAHPBXI@Z  004241c0 f   LIBCMTD:validate.obj
 0001:000231f0       ?_ValidateWrite@@YAHPAXI@Z 004241f0 f   LIBCMTD:validate.obj
 0001:00023220       ?_ValidateExecute@@YAHP6GHXZ@Z 00424220 f   LIBCMTD:validate.obj
 0001:00023244       __global_unwind2           00424244 f   LIBCMTD:exsup.obj
 0001:000232a9       __local_unwind2            004242a9 f   LIBCMTD:exsup.obj
 0001:0002332d       __abnormal_termination     0042432d f   LIBCMTD:exsup.obj
 0001:00023350       __NLG_Notify1              00424350 f   LIBCMTD:exsup.obj
 0001:00023359       __NLG_Notify               00424359 f   LIBCMTD:exsup.obj
 0001:00023370       __NLG_Dispatch2            00424370     LIBCMTD:exsup.obj
 0001:00023370       __NLG_Dispatch             00424370     LIBCMTD:exsup.obj
 0001:00023378       __NLG_Call                 00424378 f   LIBCMTD:exsup.obj
 0001:0002337a       __NLG_Return2              0042437a     LIBCMTD:exsup.obj
 0001:00023380       __CrtDefaultAllocHook      00424380 f   LIBCMTD:dbghook.obj
 0001:00023390       __crt_debugger_hook        00424390 f   LIBCMTD:dbghook.obj
 0001:000233b0       __initp_misc_initcrit      004243b0 f   LIBCMTD:initcrit.obj
 0001:000233c0       ___crtInitCritSecAndSpinCount 004243c0 f   LIBCMTD:initcrit.obj
 0001:00023470       __expand_base              00424470 f   LIBCMTD:expand.obj
[...]
 0004:00000710       __imp_?SetName@CControlUI@DuiLib@@UAEXPBD@Z 00484710     duilib_d:DuiLib_d.dll
 0004:00000714       __imp_?GetClass@CContainerUI@DuiLib@@UBEPBDXZ 00484714     duilib_d:DuiLib_d.dll
 0004:00000718       __imp_?GetInterface@CContainerUI@DuiLib@@UAEPAXPBD@Z 00484718     duilib_d:DuiLib_d.dll
 0004:0000071c       __imp_?GetControlFlags@CControlUI@DuiLib@@UBEIXZ 0048471c     duilib_d:DuiLib_d.dll
 0004:00000720       __imp_?Activate@CControlUI@DuiLib@@UAE_NXZ 00484720     duilib_d:DuiLib_d.dll
 0004:00000724       __imp_?GetManager@CControlUI@DuiLib@@UBEPAVCPaintManagerUI@2@XZ 00484724     duilib_d:DuiLib_d.dll
 0004:00000728       __imp_?SetManager@CContainerUI@DuiLib@@UAEXPAVCPaintManagerUI@2@PAVCControlUI@2@_N@Z 00484728     duilib_d:DuiLib_d.dll
 0004:0000072c       __imp_?GetParent@CControlUI@DuiLib@@UBEPAV12@XZ 0048472c     duilib_d:DuiLib_d.dll
 0004:00000730       __imp_?GetText@CControlUI@DuiLib@@UBE?AVCDuiString@2@XZ 00484730     duilib_d:DuiLib_d.dll
 0004:00000734       __imp_?SetText@CControlUI@DuiLib@@UAEXPBD@Z 00484734     duilib_d:DuiLib_d.dll
 0004:00000738       __imp_?GetPos@CControlUI@DuiLib@@UBEABUtagRECT@@XZ 00484738     duilib_d:DuiLib_d.dll
 0004:0000073c       __imp_?SetPos@CContainerUI@DuiLib@@UAEXUtagRECT@@@Z 0048473c     duilib_d:DuiLib_d.dll
 0004:00000740       __imp_?GetWidth@CControlUI@DuiLib@@UBEHXZ 00484740     duilib_d:DuiLib_d.dll
 0004:00000744       __imp_?GetHeight@CControlUI@DuiLib@@UBEHXZ 00484744     duilib_d:DuiLib_d.dll
 0004:00000748       __imp_?GetX@CControlUI@DuiLib@@UBEHXZ 00484748     duilib_d:DuiLib_d.dll
 0004:0000074c       __imp_?GetY@CControlUI@DuiLib@@UBEHXZ 0048474c     duilib_d:DuiLib_d.dll
 0004:00000750       __imp_?GetPadding@CControlUI@DuiLib@@UBE?AUtagRECT@@XZ 00484750     duilib_d:DuiLib_d.dll
 0004:00000754       __imp_?SetPadding@CControlUI@DuiLib@@UAEXUtagRECT@@@Z 00484754     duilib_d:DuiLib_d.dll
 0004:00000758       __imp_?GetFixedXY@CControlUI@DuiLib@@UBE?AUtagSIZE@@XZ 00484758     duilib_d:DuiLib_d.dll
 0004:0000075c       __imp_?SetFixedXY@CControlUI@DuiLib@@UAEXUtagSIZE@@@Z 0048475c     duilib_d:DuiLib_d.dll
 0004:00000760       __imp_?GetFixedWidth@CControlUI@DuiLib@@UBEHXZ 00484760     duilib_d:DuiLib_d.dll
 0004:00000764       __imp_?SetFixedWidth@CControlUI@DuiLib@@UAEXH@Z 00484764     duilib_d:DuiLib_d.dll
 0004:00000768       __imp_?GetFixedHeight@CControlUI@DuiLib@@UBEHXZ 00484768     duilib_d:DuiLib_d.dll
 0004:0000076c       __imp_?SetFixedHeight@CControlUI@DuiLib@@UAEXH@Z 0048476c     duilib_d:DuiLib_d.dll
 0004:00000770       __imp_?GetMinWidth@CControlUI@DuiLib@@UBEHXZ 00484770     duilib_d:DuiLib_d.dll
 0004:00000774       __imp_?SetMinWidth@CControlUI@DuiLib@@UAEXH@Z 00484774     duilib_d:DuiLib_d.dll
 0004:00000778       __imp_?GetMaxWidth@CControlUI@DuiLib@@UBEHXZ 00484778     duilib_d:DuiLib_d.dll
 0004:0000077c       __imp_?SetMaxWidth@CControlUI@DuiLib@@UAEXH@Z 0048477c     duilib_d:DuiLib_d.dll
 0004:00000780       __imp_?GetMinHeight@CControlUI@DuiLib@@UBEHXZ 00484780     duilib_d:DuiLib_d.dll
 0004:00000784       __imp_?SetMinHeight@CControlUI@DuiLib@@UAEXH@Z 00484784     duilib_d:DuiLib_d.dll
 0004:00000788       __imp_?GetMaxHeight@CControlUI@DuiLib@@UBEHXZ 00484788     duilib_d:DuiLib_d.dll
 0004:0000078c       __imp_?SetMaxHeight@CControlUI@DuiLib@@UAEXH@Z 0048478c     duilib_d:DuiLib_d.dll
 0004:00000790       __imp_?SetRelativePos@CControlUI@DuiLib@@UAEXUtagSIZE@@0@Z 00484790     duilib_d:DuiLib_d.dll
 0004:00000794       __imp_?SetRelativeParentSize@CControlUI@DuiLib@@UAEXUtagSIZE@@@Z 00484794     duilib_d:DuiLib_d.dll
 0004:00000798       __imp_?GetRelativePos@CControlUI@DuiLib@@UBE?AUtagTRelativePosUI@2@XZ 00484798     duilib_d:DuiLib_d.dll
 0004:0000079c       __imp_?IsRelativePos@CControlUI@DuiLib@@UBE_NXZ 0048479c     duilib_d:DuiLib_d.dll
 0004:000007a0       __imp_?GetToolTip@CControlUI@DuiLib@@UBE?AVCDuiString@2@XZ 004847a0     duilib_d:DuiLib_d.dll
 0004:000007a4       __imp_?SetToolTip@CControlUI@DuiLib@@UAEXPBD@Z 004847a4     duilib_d:DuiLib_d.dll
 0004:000007a8       __imp_?GetShortcut@CControlUI@DuiLib@@UBEDXZ 004847a8     duilib_d:DuiLib_d.dll
 0004:000007ac       __imp_?SetShortcut@CControlUI@DuiLib@@UAEXD@Z 004847ac     duilib_d:DuiLib_d.dll
 0004:000007b0       __imp_?IsContextMenuUsed@CControlUI@DuiLib@@UBE_NXZ 004847b0     duilib_d:DuiLib_d.dll
 0004:000007b4       __imp_?SetContextMenuUsed@CControlUI@DuiLib@@UAEX_N@Z 004847b4     duilib_d:DuiLib_d.dll
 0004:000007b8       __imp_?GetUserData@CControlUI@DuiLib@@UAEABVCDuiString@2@XZ 004847b8     duilib_d:DuiLib_d.dll
 0004:000007bc       __imp_?SetUserData@CControlUI@DuiLib@@UAEXPBD@Z 004847bc     duilib_d:DuiLib_d.dll
 0004:000007c0       __imp_?GetTag@CControlUI@DuiLib@@UBEIXZ 004847c0     duilib_d:DuiLib_d.dll
 0004:000007c4       __imp_?SetTag@CControlUI@DuiLib@@UAEXI@Z 004847c4     duilib_d:DuiLib_d.dll
 0004:000007c8       __imp_?IsVisible@CControlUI@DuiLib@@UBE_NXZ 004847c8     duilib_d:DuiLib_d.dll
 0004:000007cc       __imp_?SetVisible@CContainerUI@DuiLib@@UAEX_N@Z 004847cc     duilib_d:DuiLib_d.dll
 0004:000007d0       __imp_?SetInternVisible@CContainerUI@DuiLib@@UAEX_N@Z 004847d0     duilib_d:DuiLib_d.dll
 0004:000007d4       __imp_?IsEnabled@CControlUI@DuiLib@@UBE_NXZ 004847d4     duilib_d:DuiLib_d.dll
 0004:000007d8       __imp_?SetEnabled@CControlUI@DuiLib@@UAEX_N@Z 004847d8     duilib_d:DuiLib_d.dll
 0004:000007dc       __imp_?IsMouseEnabled@CControlUI@DuiLib@@UBE_NXZ 004847dc     duilib_d:DuiLib_d.dll
 0004:000007e0       __imp_?SetMouseEnabled@CContainerUI@DuiLib@@UAEX_N@Z 004847e0     duilib_d:DuiLib_d.dll
 0004:000007e4       __imp_?IsKeyboardEnabled@CControlUI@DuiLib@@UBE_NXZ 004847e4     duilib_d:DuiLib_d.dll
 0004:000007e8       __imp_?SetKeyboardEnabled@CControlUI@DuiLib@@UAEX_N@Z 004847e8     duilib_d:DuiLib_d.dll
 0004:000007ec       __imp_?IsFocused@CControlUI@DuiLib@@UBE_NXZ 004847ec     duilib_d:DuiLib_d.dll
 0004:000007f0       __imp_?SetFocus@CControlUI@DuiLib@@UAEXXZ 004847f0     duilib_d:DuiLib_d.dll
 0004:000007f4       __imp_?IsFloat@CControlUI@DuiLib@@UBE_NXZ 004847f4     duilib_d:DuiLib_d.dll
 0004:000007f8       __imp_?SetFloat@CControlUI@DuiLib@@UAEX_N@Z 004847f8     duilib_d:DuiLib_d.dll
 0004:000007fc       __imp_?FindControl@CContainerUI@DuiLib@@UAEPAVCControlUI@2@P6GPAV32@PAV32@PAX@Z1I@Z 004847fc     duilib_d:DuiLib_d.dll
 0004:00000800       __imp_?Init@CControlUI@DuiLib@@UAEXXZ 00484800     duilib_d:DuiLib_d.dll
 0004:00000804       __imp_?DoInit@CControlUI@DuiLib@@UAEXXZ 00484804     duilib_d:DuiLib_d.dll
 0004:00000808       __imp_?Event@CControlUI@DuiLib@@UAEXAAUtagTEventUI@2@@Z 00484808     duilib_d:DuiLib_d.dll
 0004:0000080c       __imp_?DoEvent@CContainerUI@DuiLib@@UAEXAAUtagTEventUI@2@@Z 0048480c     duilib_d:DuiLib_d.dll
 0004:00000810       __imp_?SetAttribute@CContainerUI@DuiLib@@UAEXPBD0@Z 00484810     duilib_d:DuiLib_d.dll
 0004:00000814       __imp_?EstimateSize@CControlUI@DuiLib@@UAE?AUtagSIZE@@U3@@Z 00484814     duilib_d:DuiLib_d.dll
 0004:00000818       __imp_?DoPaint@CContainerUI@DuiLib@@UAEXPAUHDC__@@ABUtagRECT@@@Z 00484818     duilib_d:DuiLib_d.dll
 0004:0000081c       __imp_?PaintBkColor@CControlUI@DuiLib@@UAEXPAUHDC__@@@Z 0048481c     duilib_d:DuiLib_d.dll
 0004:00000820       __imp_?PaintBkImage@CControlUI@DuiLib@@UAEXPAUHDC__@@@Z 00484820     duilib_d:DuiLib_d.dll
 0004:00000824       __imp_?PaintStatusImage@CControlUI@DuiLib@@UAEXPAUHDC__@@@Z 00484824     duilib_d:DuiLib_d.dll
 0004:00000828       __imp_?PaintText@CControlUI@DuiLib@@UAEXPAUHDC__@@@Z 00484828     duilib_d:DuiLib_d.dll
 0004:0000082c       __imp_?PaintBorder@CControlUI@DuiLib@@UAEXPAUHDC__@@@Z 0048482c     duilib_d:DuiLib_d.dll
 0004:00000830       __imp_?DoPostPaint@CControlUI@DuiLib@@UAEXPAUHDC__@@ABUtagRECT@@@Z 00484830     duilib_d:DuiLib_d.dll
 0004:00000834       __imp_?GetInset@CContainerUI@DuiLib@@UBE?AUtagRECT@@XZ 00484834     duilib_d:DuiLib_d.dll
 0004:00000838       __imp_?SetInset@CContainerUI@DuiLib@@UAEXUtagRECT@@@Z 00484838     duilib_d:DuiLib_d.dll
 0004:0000083c       __imp_?GetChildPadding@CContainerUI@DuiLib@@UBEHXZ 0048483c     duilib_d:DuiLib_d.dll
 0004:00000840       __imp_?SetChildPadding@CContainerUI@DuiLib@@UAEXH@Z 00484840     duilib_d:DuiLib_d.dll
 0004:00000844       __imp_?LineLeft@CContainerUI@DuiLib@@UAEXXZ 00484844     duilib_d:DuiLib_d.dll
 0004:00000848       __imp_?SetAutoDestroy@CContainerUI@DuiLib@@UAEX_N@Z 00484848     duilib_d:DuiLib_d.dll
 0004:0000084c       __imp_?IsDelayedDestroy@CContainerUI@DuiLib@@UBE_NXZ 0048484c     duilib_d:DuiLib_d.dll
 0004:00000850       __imp_?SetDelayedDestroy@CContainerUI@DuiLib@@UAEX_N@Z 00484850     duilib_d:DuiLib_d.dll
 0004:00000854       __imp_?IsMouseChildEnabled@CContainerUI@DuiLib@@UBE_NXZ 00484854     duilib_d:DuiLib_d.dll
 0004:00000858       __imp_?SetMouseChildEnabled@CContainerUI@DuiLib@@UAEX_N@Z 00484858     duilib_d:DuiLib_d.dll
 0004:0000085c       __imp_?FindSelectable@CContainerUI@DuiLib@@UBEHH_N@Z 0048485c     duilib_d:DuiLib_d.dll
 0004:00000860       __imp_?GetScrollPos@CContainerUI@DuiLib@@UBE?AUtagSIZE@@XZ 00484860     duilib_d:DuiLib_d.dll
 0004:00000864       __imp_?GetScrollRange@CContainerUI@DuiLib@@UBE?AUtagSIZE@@XZ 00484864     duilib_d:DuiLib_d.dll
 0004:00000868       __imp_?SetScrollPos@CContainerUI@DuiLib@@UAEXUtagSIZE@@@Z 00484868     duilib_d:DuiLib_d.dll
 0004:0000086c       __imp_?LineUp@CContainerUI@DuiLib@@UAEXXZ 0048486c     duilib_d:DuiLib_d.dll
 0004:00000870       __imp_?LineDown@CContainerUI@DuiLib@@UAEXXZ 00484870     duilib_d:DuiLib_d.dll
 0004:00000874       __imp_?PageUp@CContainerUI@DuiLib@@UAEXXZ 00484874     duilib_d:DuiLib_d.dll
 0004:00000878       __imp_?PageDown@CContainerUI@DuiLib@@UAEXXZ 00484878     duilib_d:DuiLib_d.dll
 0004:0000087c       __imp_?HomeUp@CContainerUI@DuiLib@@UAEXXZ 0048487c     duilib_d:DuiLib_d.dll
 0004:00000880       __imp_?EndDown@CContainerUI@DuiLib@@UAEXXZ 00484880     duilib_d:DuiLib_d.dll
 0004:00000884       \177DuiLib_d_NULL_THUNK_DATA 00484884     duilib_d:DuiLib_d.dll
 0004:00000924       __imp__CreateRoundRectRgn@24 00484924     gdi32:GDI32.dll
 0004:00000928       __imp__DeleteObject@4      00484928     gdi32:GDI32.dll
 0004:0000092c       \177GDI32_NULL_THUNK_DATA  0048492c     gdi32:GDI32.dll
 0004:00000958       __imp__GetConsoleMode@8    00484958     kernel32:KERNEL32.dll
 0004:0000095c       __imp__GetConsoleCP@0      0048495c     kernel32:KERNEL32.dll
 0004:00000960       __imp__SetFilePointer@16   00484960     kernel32:KERNEL32.dll
 0004:00000964       __imp__GetTimeZoneInformation@4 00484964     kernel32:KERNEL32.dll
 0004:00000968       __imp__SetStdHandle@8      00484968     kernel32:KERNEL32.dll
 0004:0000096c       __imp__WriteConsoleA@20    0048496c     kernel32:KERNEL32.dll
 0004:00000970       __imp__GetConsoleOutputCP@0 00484970     kernel32:KERNEL32.dll
 0004:00000974       __imp__CreateFileA@28      00484974     kernel32:KERNEL32.dll
 0004:00000978       __imp__CloseHandle@4       00484978     kernel32:KERNEL32.dll
 0004:0000097c       __imp__FlushFileBuffers@4  0048497c     kernel32:KERNEL32.dll
 0004:00000980       __imp__CompareStringA@24   00484980     kernel32:KERNEL32.dll
 0004:00000984       __imp__CompareStringW@24   00484984     kernel32:KERNEL32.dll
 0004:00000988       __imp__SetEnvironmentVariableA@8 00484988     kernel32:KERNEL32.dll
 0004:0000098c       __imp__InitializeCriticalSection@4 0048498c     kernel32:KERNEL32.dll
 0004:00000990       __imp__ReadFile@20         00484990     kernel32:KERNEL32.dll
 0004:00000994       __imp__RtlUnwind@16        00484994     kernel32:KERNEL32.dll
 0004:00000998       __imp__GetModuleFileNameW@12 00484998     kernel32:KERNEL32.dll
 0004:0000099c       __imp__RaiseException@16   0048499c     kernel32:KERNEL32.dll
 0004:000009a0       __imp__GetCommandLineA@0   004849a0     kernel32:KERNEL32.dll
 0004:000009a4       __imp__GetStartupInfoA@4   004849a4     kernel32:KERNEL32.dll
 0004:000009a8       __imp__IsDebuggerPresent@0 004849a8     kernel32:KERNEL32.dll
 0004:000009ac       __imp__DebugBreak@0        004849ac     kernel32:KERNEL32.dll
 0004:000009b0       __imp__WideCharToMultiByte@32 004849b0     kernel32:KERNEL32.dll
 0004:000009b4       __imp__MultiByteToWideChar@24 004849b4     kernel32:KERNEL32.dll
 0004:000009b8       __imp__lstrlenA@4          004849b8     kernel32:KERNEL32.dll
 0004:000009bc       __imp__GetProcAddress@8    004849bc     kernel32:KERNEL32.dll
 0004:000009c0       __imp__LoadLibraryA@4      004849c0     kernel32:KERNEL32.dll
 0004:000009c4       __imp__UnhandledExceptionFilter@4 004849c4     kernel32:KERNEL32.dll
 0004:000009c8       __imp__SetUnhandledExceptionFilter@4 004849c8     kernel32:KERNEL32.dll
 0004:000009cc       __imp__GetModuleFileNameA@12 004849cc     kernel32:KERNEL32.dll
 0004:000009d0       __imp__WriteFile@20        004849d0     kernel32:KERNEL32.dll
 0004:000009d4       __imp__GetStdHandle@4      004849d4     kernel32:KERNEL32.dll
 0004:000009d8       __imp__TlsGetValue@4       004849d8     kernel32:KERNEL32.dll
 0004:000009dc       __imp__GetModuleHandleW@4  004849dc     kernel32:KERNEL32.dll
 0004:000009e0       __imp__TlsAlloc@0          004849e0     kernel32:KERNEL32.dll
 0004:000009e4       __imp__TlsSetValue@8       004849e4     kernel32:KERNEL32.dll
 0004:000009e8       __imp__GetCurrentThreadId@0 004849e8     kernel32:KERNEL32.dll
 0004:000009ec       __imp__TlsFree@4           004849ec     kernel32:KERNEL32.dll
 0004:000009f0       __imp__InterlockedIncrement@4 004849f0     kernel32:KERNEL32.dll
 0004:000009f4       __imp__SetLastError@4      004849f4     kernel32:KERNEL32.dll
 0004:000009f8       __imp__GetLastError@0      004849f8     kernel32:KERNEL32.dll
 0004:000009fc       __imp__InterlockedDecrement@4 004849fc     kernel32:KERNEL32.dll
 0004:00000a00       __imp__GetCurrentThread@0  00484a00     kernel32:KERNEL32.dll
 0004:00000a04       __imp__TerminateProcess@8  00484a04     kernel32:KERNEL32.dll
 0004:00000a08       __imp__GetCurrentProcess@0 00484a08     kernel32:KERNEL32.dll
 0004:00000a0c       __imp__DeleteCriticalSection@4 00484a0c     kernel32:KERNEL32.dll
 0004:00000a10       __imp__EnterCriticalSection@4 00484a10     kernel32:KERNEL32.dll
 0004:00000a14       __imp__LeaveCriticalSection@4 00484a14     kernel32:KERNEL32.dll
 0004:00000a18       __imp__FatalAppExitA@8     00484a18     kernel32:KERNEL32.dll
 0004:00000a1c       __imp__HeapValidate@12     00484a1c     kernel32:KERNEL32.dll
 0004:00000a20       __imp__IsBadReadPtr@8      00484a20     kernel32:KERNEL32.dll
 0004:00000a24       __imp__OutputDebugStringA@4 00484a24     kernel32:KERNEL32.dll
 0004:00000a28       __imp__WriteConsoleW@20    00484a28     kernel32:KERNEL32.dll
 0004:00000a2c       __imp__GetFileType@4       00484a2c     kernel32:KERNEL32.dll
 0004:00000a30       __imp__OutputDebugStringW@4 00484a30     kernel32:KERNEL32.dll
 0004:00000a34       __imp__Sleep@4             00484a34     kernel32:KERNEL32.dll
 0004:00000a38       __imp__ExitProcess@4       00484a38     kernel32:KERNEL32.dll
 0004:00000a3c       __imp__SetConsoleCtrlHandler@8 00484a3c     kernel32:KERNEL32.dll
 0004:00000a40       __imp__LoadLibraryW@4      00484a40     kernel32:KERNEL32.dll
 0004:00000a44       __imp__GetACP@0            00484a44     kernel32:KERNEL32.dll
 0004:00000a48       __imp__GetOEMCP@0          00484a48     kernel32:KERNEL32.dll
 0004:00000a4c       __imp__GetCPInfo@8         00484a4c     kernel32:KERNEL32.dll
 0004:00000a50       __imp__IsValidCodePage@4   00484a50     kernel32:KERNEL32.dll
 0004:00000a54       __imp__QueryPerformanceCounter@4 00484a54     kernel32:KERNEL32.dll
 0004:00000a58       __imp__GetTickCount@0      00484a58     kernel32:KERNEL32.dll
 0004:00000a5c       __imp__GetCurrentProcessId@0 00484a5c     kernel32:KERNEL32.dll
 0004:00000a60       __imp__GetSystemTimeAsFileTime@4 00484a60     kernel32:KERNEL32.dll
 0004:00000a64       __imp__FreeEnvironmentStringsA@4 00484a64     kernel32:KERNEL32.dll
 0004:00000a68       __imp__GetEnvironmentStrings@0 00484a68     kernel32:KERNEL32.dll
 0004:00000a6c       __imp__FreeEnvironmentStringsW@4 00484a6c     kernel32:KERNEL32.dll
 0004:00000a70       __imp__GetEnvironmentStringsW@0 00484a70     kernel32:KERNEL32.dll
 0004:00000a74       __imp__SetHandleCount@4    00484a74     kernel32:KERNEL32.dll
 0004:00000a78       __imp__HeapDestroy@4       00484a78     kernel32:KERNEL32.dll
 0004:00000a7c       __imp__HeapCreate@12       00484a7c     kernel32:KERNEL32.dll
 0004:00000a80       __imp__HeapFree@12         00484a80     kernel32:KERNEL32.dll
 0004:00000a84       __imp__VirtualFree@12      00484a84     kernel32:KERNEL32.dll
 0004:00000a88       __imp__HeapAlloc@12        00484a88     kernel32:KERNEL32.dll
 0004:00000a8c       __imp__GetProcessHeap@0    00484a8c     kernel32:KERNEL32.dll
 0004:00000a90       __imp__VirtualQuery@12     00484a90     kernel32:KERNEL32.dll
 0004:00000a94       __imp__FreeLibrary@4       00484a94     kernel32:KERNEL32.dll
 0004:00000a98       __imp__GetLocaleInfoW@16   00484a98     kernel32:KERNEL32.dll
 0004:00000a9c       __imp__GetLocaleInfoA@16   00484a9c     kernel32:KERNEL32.dll
 0004:00000aa0       __imp__InitializeCriticalSectionAndSpinCount@8 00484aa0     kernel32:KERNEL32.dll
 0004:00000aa4       __imp__HeapSize@12         00484aa4     kernel32:KERNEL32.dll
 0004:00000aa8       __imp__HeapReAlloc@16      00484aa8     kernel32:KERNEL32.dll
 0004:00000aac       __imp__VirtualAlloc@16     00484aac     kernel32:KERNEL32.dll
 0004:00000ab0       __imp__InterlockedExchange@8 00484ab0     kernel32:KERNEL32.dll
 0004:00000ab4       __imp__LCMapStringA@24     00484ab4     kernel32:KERNEL32.dll
 0004:00000ab8       __imp__LCMapStringW@24     00484ab8     kernel32:KERNEL32.dll
 0004:00000abc       __imp__GetStringTypeA@20   00484abc     kernel32:KERNEL32.dll
 0004:00000ac0       __imp__GetStringTypeW@16   00484ac0     kernel32:KERNEL32.dll
 0004:00000ac4       __imp__GetTimeFormatA@24   00484ac4     kernel32:KERNEL32.dll
 0004:00000ac8       __imp__GetDateFormatA@24   00484ac8     kernel32:KERNEL32.dll
 0004:00000acc       __imp__IsValidLocale@8     00484acc     kernel32:KERNEL32.dll
 0004:00000ad0       __imp__EnumSystemLocalesA@8 00484ad0     kernel32:KERNEL32.dll
 0004:00000ad4       __imp__GetUserDefaultLCID@0 00484ad4     kernel32:KERNEL32.dll
 0004:00000ad8       \177KERNEL32_NULL_THUNK_DATA 00484ad8     kernel32:KERNEL32.dll
 0004:00000b50       __imp__ScreenToClient@8    00484b50     user32:USER32.dll
 0004:00000b54       __imp__PostQuitMessage@4   00484b54     user32:USER32.dll
 0004:00000b58       __imp__SetWindowLongA@12   00484b58     user32:USER32.dll
 0004:00000b5c       __imp__MonitorFromWindow@8 00484b5c     user32:USER32.dll
 0004:00000b60       __imp__GetMonitorInfoA@8   00484b60     user32:USER32.dll
 0004:00000b64       __imp__GetWindowRect@8     00484b64     user32:USER32.dll
 0004:00000b68       __imp__SetWindowRgn@12     00484b68     user32:USER32.dll
 0004:00000b6c       __imp__ShowWindow@8        00484b6c     user32:USER32.dll
 0004:00000b70       __imp__GetClientRect@8     00484b70     user32:USER32.dll
 0004:00000b74       __imp__IsZoomed@4          00484b74     user32:USER32.dll
 0004:00000b78       __imp__IsIconic@4          00484b78     user32:USER32.dll
 0004:00000b7c       __imp__GetWindowLongA@8    00484b7c     user32:USER32.dll
 0004:00000b80       \177USER32_NULL_THUNK_DATA 00484b80     user32:USER32.dll
 0004:00000bb4       __imp__CoInitialize@4      00484bb4     ole32:ole32.dll
 0004:00000bb8       __imp__CoUninitialize@0    00484bb8     ole32:ole32.dll
 0004:00000bbc       \177ole32_NULL_THUNK_DATA  00484bbc     ole32:ole32.dll

 entry point at        0001:00007050

