 360Safe_d

 Timestamp is 50777524 (Fri Oct 12 09:40:52 2012)

 Preferred load address is 00400000

 Start         Length     Name                   Class
 0001:00000000 00044332H .text                   CODE
 0001:00044340 00000233H .text$x                 CODE
 0001:00044580 00000011H .text$yd                CODE
 0002:00000000 00000420H .idata$5                DATA
 0002:00000420 00000004H .CRT$XCA                DATA
 0002:00000424 00000004H .CRT$XCZ                DATA
 0002:00000428 00000004H .CRT$XIA                DATA
 0002:0000042c 00000010H .CRT$XIC                DATA
 0002:0000043c 00000004H .CRT$XIY                DATA
 0002:00000440 00000004H .CRT$XIZ                DATA
 0002:00000444 00000004H .CRT$XPA                DATA
 0002:00000448 00000008H .CRT$XPX                DATA
 0002:00000450 00000004H .CRT$XPXA               DATA
 0002:00000454 00000004H .CRT$XPZ                DATA
 0002:00000458 00000004H .CRT$XTA                DATA
 0002:0000045c 00000004H .CRT$XTZ                DATA
 0002:00000460 0000c358H .rdata                  DATA
 0002:0000c7b8 0000005fH .rdata$debug            DATA
 0002:0000c818 000004c8H .rdata$r                DATA
 0002:0000cce0 00000040H .rdata$sxdata           DATA
 0002:0000cd20 00000004H .rtc$IAA                DATA
 0002:0000cd24 00000004H .rtc$IMZ                DATA
 0002:0000cd28 00000004H .rtc$IZZ                DATA
 0002:0000cd2c 00000004H .rtc$TAA                DATA
 0002:0000cd30 00000004H .rtc$TMZ                DATA
 0002:0000cd34 00000004H .rtc$TZZ                DATA
 0002:0000cd38 00000da4H .xdata$x                DATA
 0002:0000dadc 00000064H .idata$2                DATA
 0002:0000db40 00000014H .idata$3                DATA
 0002:0000db54 00000420H .idata$4                DATA
 0002:0000df74 0000242cH .idata$6                DATA
 0002:000103a0 00000000H .edata                  DATA
 0003:00000000 00001170H .data                   DATA
 0003:00001180 00001d30H .bss                    DATA

  Address         Publics by Value              Rva+Base       Lib:Object

 0000:00000000       __except_list              00000000     <absolute>
 0000:00000010       ___safe_se_handler_count   00000010     <absolute>
 0000:00000000       ___ImageBase               00400000     <linker-defined>
 0001:00000000       _WinMain@16                00401000 f   360Safe.obj
 0001:000001f0       ??0C360SafeFrameWnd@@QAE@XZ 004011f0 f i 360Safe.obj
 0001:00000260       ??0INotifyUI@DuiLib@@QAE@XZ 00401260 f i 360Safe.obj
 0001:00000280       ?GetWindowClassName@C360SafeFrameWnd@@UBEPBDXZ 00401280 f i 360Safe.obj
 0001:000002a0       ?GetClassStyle@C360SafeFrameWnd@@UBEIXZ 004012a0 f i 360Safe.obj
 0001:000002c0       ?OnFinalMessage@C360SafeFrameWnd@@UAEXPAUHWND__@@@Z 004012c0 f i 360Safe.obj
 0001:00000320       ?Notify@C360SafeFrameWnd@@UAEXAAUtagTNotifyUI@DuiLib@@@Z 00401320 f i 360Safe.obj
 0001:00000710       ?OnPrepare@C360SafeFrameWnd@@QAEXXZ 00401710 f i 360Safe.obj
 0001:00000730       ?HandleMessage@C360SafeFrameWnd@@UAEJIIJ@Z 00401730 f i 360Safe.obj
 0001:00000aa0       ?OnCreate@C360SafeFrameWnd@@QAEJIIJAAH@Z 00401aa0 f i 360Safe.obj
 0001:00000cf0       ??0STRINGorID@DuiLib@@QAE@PBD@Z 00401cf0 f i 360Safe.obj
 0001:00000d10       ?Init@C360SafeFrameWnd@@QAEXXZ 00401d10 f i 360Safe.obj
 0001:00000dc0       ?OnClose@C360SafeFrameWnd@@QAEJIIJAAH@Z 00401dc0 f i 360Safe.obj
 0001:00000de0       ?OnDestroy@C360SafeFrameWnd@@QAEJIIJAAH@Z 00401de0 f i 360Safe.obj
 0001:00000e20       ?OnNcActivate@C360SafeFrameWnd@@QAEJIIJAAH@Z 00401e20 f i 360Safe.obj
 0001:00000e80       ?OnNcCalcSize@C360SafeFrameWnd@@QAEJIIJAAH@Z 00401e80 f i 360Safe.obj
 0001:00000ea0       ?OnNcPaint@C360SafeFrameWnd@@QAEJIIJAAH@Z 00401ea0 f i 360Safe.obj
 0001:00000ec0       ?OnNcHitTest@C360SafeFrameWnd@@QAEJIIJAAH@Z 00401ec0 f i 360Safe.obj
 0001:000010c0       __tcscmp                   004020c0 f i 360Safe.obj
 0001:000010e0       ?OnSize@C360SafeFrameWnd@@QAEJIIJAAH@Z 004020e0 f i 360Safe.obj
 0001:00001280       ?OnGetMinMaxInfo@C360SafeFrameWnd@@QAEJIIJAAH@Z 00402280 f i 360Safe.obj
 0001:000013c0       ?OnSysCommand@C360SafeFrameWnd@@QAEJIIJAAH@Z 004023c0 f i 360Safe.obj
 0001:00001590       ??_GC360SafeFrameWnd@@QAEPAXI@Z 00402590 f i 360Safe.obj
 0001:000015d0       ??0CDialogBuilderCallbackEx@@QAE@XZ 004025d0 f i 360Safe.obj
 0001:00001600       ??0IDialogBuilderCallback@DuiLib@@QAE@XZ 00402600 f i 360Safe.obj
 0001:00001620       ?CreateControl@CDialogBuilderCallbackEx@@UAEPAVCControlUI@DuiLib@@PBD@Z 00402620 f i 360Safe.obj
 0001:000016d0       ??0ComputerExamineUI@@QAE@XZ 004026d0 f i 360Safe.obj
 0001:00001860       ??_EComputerExamineUI@@UAEPAXI@Z 00402860 f i 360Safe.obj
 0001:00001860       ??_GComputerExamineUI@@UAEPAXI@Z 00402860 f i 360Safe.obj
 0001:000018a0       ??1ComputerExamineUI@@UAE@XZ 004028a0 f i 360Safe.obj
 0001:000018d0       ??1C360SafeFrameWnd@@QAE@XZ 004028d0 f i 360Safe.obj
 0001:00001904       _ShowWindow@8              00402904 f   user32:USER32.dll
 0001:0000190a       _PostQuitMessage@4         0040290a f   user32:USER32.dll
 0001:00001910       _SetWindowLongA@12         00402910 f   user32:USER32.dll
 0001:00001916       _GetWindowLongA@8          00402916 f   user32:USER32.dll
 0001:0000191c       _IsIconic@4                0040291c f   user32:USER32.dll
 0001:00001922       _GetClientRect@8           00402922 f   user32:USER32.dll
 0001:00001928       _ScreenToClient@8          00402928 f   user32:USER32.dll
 0001:0000192e       _SetWindowRgn@12           0040292e f   user32:USER32.dll
 0001:00001934       _GetWindowRect@8           00402934 f   user32:USER32.dll
 0001:0000193a       _GetMonitorInfoA@8         0040293a f   user32:USER32.dll
 0001:00001940       _MonitorFromWindow@8       00402940 f   user32:USER32.dll
 0001:00001946       _IsZoomed@4                00402946 f   user32:USER32.dll
 0001:0000194c       _DeleteObject@4            0040294c f   gdi32:GDI32.dll
 0001:00001952       _CreateRoundRectRgn@24     00402952 f   gdi32:GDI32.dll
 0001:00001958       _CoUninitialize@0          00402958 f   ole32:ole32.dll
 0001:0000195e       _CoInitialize@4            0040295e f   ole32:ole32.dll
 0001:00001964       ?MessageLoop@CPaintManagerUI@DuiLib@@SAXXZ 00402964 f   duilib_d:DuiLib_d.dll
 0001:0000196a       ??BCWindowWnd@DuiLib@@QBEPAUHWND__@@XZ 0040296a f   duilib_d:DuiLib_d.dll
 0001:00001970       ?CenterWindow@CWindowWnd@DuiLib@@QAEXXZ 00402970 f   duilib_d:DuiLib_d.dll
 0001:00001976       ?Create@CWindowWnd@DuiLib@@QAEPAUHWND__@@PAU3@PBDKKHHHHPAUHMENU__@@@Z 00402976 f   duilib_d:DuiLib_d.dll
 0001:0000197c       ?SetResourceZip@CPaintManagerUI@DuiLib@@SAXPBD_N@Z 0040297c f   duilib_d:DuiLib_d.dll
 0001:00001982       ??1CDuiString@DuiLib@@QAE@XZ 00402982 f   duilib_d:DuiLib_d.dll
 0001:00001988       ?SetResourcePath@CPaintManagerUI@DuiLib@@SAXPBD@Z 00402988 f   duilib_d:DuiLib_d.dll
 0001:0000198e       ??BCDuiString@DuiLib@@QBEPBDXZ 0040298e f   duilib_d:DuiLib_d.dll
 0001:00001994       ??HCDuiString@DuiLib@@QBE?AV01@PBD@Z 00402994 f   duilib_d:DuiLib_d.dll
 0001:0000199a       ?GetInstancePath@CPaintManagerUI@DuiLib@@SA?AVCDuiString@2@XZ 0040299a f   duilib_d:DuiLib_d.dll
 0001:000019a0       ?SetInstance@CPaintManagerUI@DuiLib@@SAXPAUHINSTANCE__@@@Z 004029a0 f   duilib_d:DuiLib_d.dll
 0001:000019a6       ??0CPaintManagerUI@DuiLib@@QAE@XZ 004029a6 f   duilib_d:DuiLib_d.dll
 0001:000019ac       ??0CWindowWnd@DuiLib@@QAE@XZ 004029ac f   duilib_d:DuiLib_d.dll
 0001:000019b2       ?GetSuperClassName@CWindowWnd@DuiLib@@MBEPBDXZ 004029b2 f   duilib_d:DuiLib_d.dll
 0001:000019b8       ?SelectItem@CTabLayoutUI@DuiLib@@QAE_NH@Z 004029b8 f   duilib_d:DuiLib_d.dll
 0001:000019be       ?FindControl@CPaintManagerUI@DuiLib@@QBEPAVCControlUI@2@PBD@Z 004029be f   duilib_d:DuiLib_d.dll
 0001:000019c4       ?SendMessageA@CWindowWnd@DuiLib@@QAEJIIJ@Z 004029c4 f   duilib_d:DuiLib_d.dll
 0001:000019ca       ??8CDuiString@DuiLib@@QBE_NPBD@Z 004029ca f   duilib_d:DuiLib_d.dll
 0001:000019d0       ?HandleMessage@CWindowWnd@DuiLib@@MAEJIIJ@Z 004029d0 f   duilib_d:DuiLib_d.dll
 0001:000019d6       ?MessageHandler@CPaintManagerUI@DuiLib@@QAE_NIIJAAJ@Z 004029d6 f   duilib_d:DuiLib_d.dll
 0001:000019dc       ??1CDialogBuilder@DuiLib@@QAE@XZ 004029dc f   duilib_d:DuiLib_d.dll
 0001:000019e2       ?AddNotifier@CPaintManagerUI@DuiLib@@QAE_NPAVINotifyUI@2@@Z 004029e2 f   duilib_d:DuiLib_d.dll
 0001:000019e8       ?AttachDialog@CPaintManagerUI@DuiLib@@QAE_NPAVCControlUI@2@@Z 004029e8 f   duilib_d:DuiLib_d.dll
 0001:000019ee       ?Create@CDialogBuilder@DuiLib@@QAEPAVCControlUI@2@VSTRINGorID@2@PBDPAVIDialogBuilderCallback@2@PAVCPaintManagerUI@2@PAV32@@Z 004029ee f   duilib_d:DuiLib_d.dll
 0001:000019f4       ??0CDialogBuilder@DuiLib@@QAE@XZ 004029f4 f   duilib_d:DuiLib_d.dll
 0001:000019fa       ?Init@CPaintManagerUI@DuiLib@@QAEXPAUHWND__@@@Z 004029fa f   duilib_d:DuiLib_d.dll
 0001:00001a00       ?FindControl@CPaintManagerUI@DuiLib@@QBEPAVCControlUI@2@UtagPOINT@@@Z 00402a00 f   duilib_d:DuiLib_d.dll
 0001:00001a06       ?GetCaptionRect@CPaintManagerUI@DuiLib@@QAEAAUtagRECT@@XZ 00402a06 f   duilib_d:DuiLib_d.dll
 0001:00001a0c       ?Offset@CDuiRect@DuiLib@@QAEXHH@Z 00402a0c f   duilib_d:DuiLib_d.dll
 0001:00001a12       ??0CDuiRect@DuiLib@@QAE@XZ 00402a12 f   duilib_d:DuiLib_d.dll
 0001:00001a18       ?GetRoundCorner@CPaintManagerUI@DuiLib@@QBE?AUtagSIZE@@XZ 00402a18 f   duilib_d:DuiLib_d.dll
 0001:00001a1e       ??0CDuiRect@DuiLib@@QAE@ABUtagRECT@@@Z 00402a1e f   duilib_d:DuiLib_d.dll
 0001:00001a24       ??1CContainerUI@DuiLib@@UAE@XZ 00402a24 f   duilib_d:DuiLib_d.dll
 0001:00001a2a       ?RemoveAll@CContainerUI@DuiLib@@UAEXXZ 00402a2a f   duilib_d:DuiLib_d.dll
 0001:00001a30       ?Add@CContainerUI@DuiLib@@UAE_NPAVCControlUI@2@@Z 00402a30 f   duilib_d:DuiLib_d.dll
 0001:00001a36       ??0CContainerUI@DuiLib@@QAE@XZ 00402a36 f   duilib_d:DuiLib_d.dll
 0001:00001a3c       ?GetName@CControlUI@DuiLib@@UBE?AVCDuiString@2@XZ 00402a3c f   duilib_d:DuiLib_d.dll
 0001:00001a42       ?SetName@CControlUI@DuiLib@@UAEXPBD@Z 00402a42 f   duilib_d:DuiLib_d.dll
 0001:00001a48       ?GetClass@CContainerUI@DuiLib@@UBEPBDXZ 00402a48 f   duilib_d:DuiLib_d.dll
 0001:00001a4e       ?GetInterface@CContainerUI@DuiLib@@UAEPAXPBD@Z 00402a4e f   duilib_d:DuiLib_d.dll
 0001:00001a54       ?GetControlFlags@CControlUI@DuiLib@@UBEIXZ 00402a54 f   duilib_d:DuiLib_d.dll
 0001:00001a5a       ?Activate@CControlUI@DuiLib@@UAE_NXZ 00402a5a f   duilib_d:DuiLib_d.dll
 0001:00001a60       ?GetManager@CControlUI@DuiLib@@UBEPAVCPaintManagerUI@2@XZ 00402a60 f   duilib_d:DuiLib_d.dll
 0001:00001a66       ?SetManager@CContainerUI@DuiLib@@UAEXPAVCPaintManagerUI@2@PAVCControlUI@2@_N@Z 00402a66 f   duilib_d:DuiLib_d.dll
 0001:00001a6c       ?GetParent@CControlUI@DuiLib@@UBEPAV12@XZ 00402a6c f   duilib_d:DuiLib_d.dll
 0001:00001a72       ?GetText@CControlUI@DuiLib@@UBE?AVCDuiString@2@XZ 00402a72 f   duilib_d:DuiLib_d.dll
 0001:00001a78       ?SetText@CControlUI@DuiLib@@UAEXPBD@Z 00402a78 f   duilib_d:DuiLib_d.dll
 0001:00001a7e       ?GetPos@CControlUI@DuiLib@@UBEABUtagRECT@@XZ 00402a7e f   duilib_d:DuiLib_d.dll
 0001:00001a84       ?SetPos@CContainerUI@DuiLib@@UAEXUtagRECT@@@Z 00402a84 f   duilib_d:DuiLib_d.dll
 0001:00001a8a       ?GetWidth@CControlUI@DuiLib@@UBEHXZ 00402a8a f   duilib_d:DuiLib_d.dll
 0001:00001a90       ?GetHeight@CControlUI@DuiLib@@UBEHXZ 00402a90 f   duilib_d:DuiLib_d.dll
 0001:00001a96       ?GetX@CControlUI@DuiLib@@UBEHXZ 00402a96 f   duilib_d:DuiLib_d.dll
 0001:00001a9c       ?GetY@CControlUI@DuiLib@@UBEHXZ 00402a9c f   duilib_d:DuiLib_d.dll
 0001:00001aa2       ?GetPadding@CControlUI@DuiLib@@UBE?AUtagRECT@@XZ 00402aa2 f   duilib_d:DuiLib_d.dll
 0001:00001aa8       ?SetPadding@CControlUI@DuiLib@@UAEXUtagRECT@@@Z 00402aa8 f   duilib_d:DuiLib_d.dll
 0001:00001aae       ?GetFixedXY@CControlUI@DuiLib@@UBE?AUtagSIZE@@XZ 00402aae f   duilib_d:DuiLib_d.dll
 0001:00001ab4       ?SetFixedXY@CControlUI@DuiLib@@UAEXUtagSIZE@@@Z 00402ab4 f   duilib_d:DuiLib_d.dll
 0001:00001aba       ?GetFixedWidth@CControlUI@DuiLib@@UBEHXZ 00402aba f   duilib_d:DuiLib_d.dll
 0001:00001ac0       ?SetFixedWidth@CControlUI@DuiLib@@UAEXH@Z 00402ac0 f   duilib_d:DuiLib_d.dll
 0001:00001ac6       ?GetFixedHeight@CControlUI@DuiLib@@UBEHXZ 00402ac6 f   duilib_d:DuiLib_d.dll
 0001:00001acc       ?SetFixedHeight@CControlUI@DuiLib@@UAEXH@Z 00402acc f   duilib_d:DuiLib_d.dll
 0001:00001ad2       ?GetMinWidth@CControlUI@DuiLib@@UBEHXZ 00402ad2 f   duilib_d:DuiLib_d.dll
 0001:00001ad8       ?SetMinWidth@CControlUI@DuiLib@@UAEXH@Z 00402ad8 f   duilib_d:DuiLib_d.dll
 0001:00001ade       ?GetMaxWidth@CControlUI@DuiLib@@UBEHXZ 00402ade f   duilib_d:DuiLib_d.dll
 0001:00001ae4       ?SetMaxWidth@CControlUI@DuiLib@@UAEXH@Z 00402ae4 f   duilib_d:DuiLib_d.dll
 0001:00001aea       ?GetMinHeight@CControlUI@DuiLib@@UBEHXZ 00402aea f   duilib_d:DuiLib_d.dll
 0001:00001af0       ?SetMinHeight@CControlUI@DuiLib@@UAEXH@Z 00402af0 f   duilib_d:DuiLib_d.dll
 0001:00001af6       ?GetMaxHeight@CControlUI@DuiLib@@UBEHXZ 00402af6 f   duilib_d:DuiLib_d.dll
 0001:00001afc       ?SetMaxHeight@CControlUI@DuiLib@@UAEXH@Z 00402afc f   duilib_d:DuiLib_d.dll
 0001:00001b02       ?SetRelativePos@CControlUI@DuiLib@@UAEXUtagSIZE@@0@Z 00402b02 f   duilib_d:DuiLib_d.dll
 0001:00001b08       ?SetRelativeParentSize@CControlUI@DuiLib@@UAEXUtagSIZE@@@Z 00402b08 f   duilib_d:DuiLib_d.dll
 0001:00001b0e       ?GetRelativePos@CControlUI@DuiLib@@UBE?AUtagTRelativePosUI@2@XZ 00402b0e f   duilib_d:DuiLib_d.dll
 0001:00001b14       ?IsRelativePos@CControlUI@DuiLib@@UBE_NXZ 00402b14 f   duilib_d:DuiLib_d.dll
 0001:00001b1a       ?GetToolTip@CControlUI@DuiLib@@UBE?AVCDuiString@2@XZ 00402b1a f   duilib_d:DuiLib_d.dll
 0001:00001b20       ?SetToolTip@CControlUI@DuiLib@@UAEXPBD@Z 00402b20 f   duilib_d:DuiLib_d.dll
 0001:00001b26       ?GetShortcut@CControlUI@DuiLib@@UBEDXZ 00402b26 f   duilib_d:DuiLib_d.dll
 0001:00001b2c       ?SetShortcut@CControlUI@DuiLib@@UAEXD@Z 00402b2c f   duilib_d:DuiLib_d.dll
 0001:00001b32       ?IsContextMenuUsed@CControlUI@DuiLib@@UBE_NXZ 00402b32 f   duilib_d:DuiLib_d.dll
 0001:00001b38       ?SetContextMenuUsed@CControlUI@DuiLib@@UAEX_N@Z 00402b38 f   duilib_d:DuiLib_d.dll
 0001:00001b3e       ?GetUserData@CControlUI@DuiLib@@UAEABVCDuiString@2@XZ 00402b3e f   duilib_d:DuiLib_d.dll
 0001:00001b44       ?SetUserData@CControlUI@DuiLib@@UAEXPBD@Z 00402b44 f   duilib_d:DuiLib_d.dll
 0001:00001b4a       ?GetTag@CControlUI@DuiLib@@UBEIXZ 00402b4a f   duilib_d:DuiLib_d.dll
 0001:00001b50       ?SetTag@CControlUI@DuiLib@@UAEXI@Z 00402b50 f   duilib_d:DuiLib_d.dll
 0001:00001b56       ?IsVisible@CControlUI@DuiLib@@UBE_NXZ 00402b56 f   duilib_d:DuiLib_d.dll
 0001:00001b5c       ?SetVisible@CContainerUI@DuiLib@@UAEX_N@Z 00402b5c f   duilib_d:DuiLib_d.dll
 0001:00001b62       ?SetInternVisible@CContainerUI@DuiLib@@UAEX_N@Z 00402b62 f   duilib_d:DuiLib_d.dll
 0001:00001b68       ?IsEnabled@CControlUI@DuiLib@@UBE_NXZ 00402b68 f   duilib_d:DuiLib_d.dll
 0001:00001b6e       ?SetEnabled@CControlUI@DuiLib@@UAEX_N@Z 00402b6e f   duilib_d:DuiLib_d.dll
 0001:00001b74       ?IsMouseEnabled@CControlUI@DuiLib@@UBE_NXZ 00402b74 f   duilib_d:DuiLib_d.dll
 0001:00001b7a       ?SetMouseEnabled@CContainerUI@DuiLib@@UAEX_N@Z 00402b7a f   duilib_d:DuiLib_d.dll
 0001:00001b80       ?IsKeyboardEnabled@CControlUI@DuiLib@@UBE_NXZ 00402b80 f   duilib_d:DuiLib_d.dll
 0001:00001b86       ?SetKeyboardEnabled@CControlUI@DuiLib@@UAEX_N@Z 00402b86 f   duilib_d:DuiLib_d.dll
 0001:00001b8c       ?IsFocused@CControlUI@DuiLib@@UBE_NXZ 00402b8c f   duilib_d:DuiLib_d.dll
 0001:00001b92       ?SetFocus@CControlUI@DuiLib@@UAEXXZ 00402b92 f   duilib_d:DuiLib_d.dll
 0001:00001b98       ?IsFloat@CControlUI@DuiLib@@UBE_NXZ 00402b98 f   duilib_d:DuiLib_d.dll
 0001:00001b9e       ?SetFloat@CControlUI@DuiLib@@UAEX_N@Z 00402b9e f   duilib_d:DuiLib_d.dll
 0001:00001ba4       ?FindControl@CContainerUI@DuiLib@@UAEPAVCControlUI@2@P6GPAV32@PAV32@PAX@Z1I@Z 00402ba4 f   duilib_d:DuiLib_d.dll
 0001:00001baa       ?Init@CControlUI@DuiLib@@UAEXXZ 00402baa f   duilib_d:DuiLib_d.dll
 0001:00001bb0       ?DoInit@CControlUI@DuiLib@@UAEXXZ 00402bb0 f   duilib_d:DuiLib_d.dll
 0001:00001bb6       ?Event@CControlUI@DuiLib@@UAEXAAUtagTEventUI@2@@Z 00402bb6 f   duilib_d:DuiLib_d.dll
 0001:00001bbc       ?DoEvent@CContainerUI@DuiLib@@UAEXAAUtagTEventUI@2@@Z 00402bbc f   duilib_d:DuiLib_d.dll
 0001:00001bc2       ?SetAttribute@CContainerUI@DuiLib@@UAEXPBD0@Z 00402bc2 f   duilib_d:DuiLib_d.dll
 0001:00001bc8       ?EstimateSize@CControlUI@DuiLib@@UAE?AUtagSIZE@@U3@@Z 00402bc8 f   duilib_d:DuiLib_d.dll
 0001:00001bce       ?DoPaint@CContainerUI@DuiLib@@UAEXPAUHDC__@@ABUtagRECT@@@Z 00402bce f   duilib_d:DuiLib_d.dll
 0001:00001bd4       ?PaintBkColor@CControlUI@DuiLib@@UAEXPAUHDC__@@@Z 00402bd4 f   duilib_d:DuiLib_d.dll
 0001:00001bda       ?PaintBkImage@CControlUI@DuiLib@@UAEXPAUHDC__@@@Z 00402bda f   duilib_d:DuiLib_d.dll
 0001:00001be0       ?PaintStatusImage@CControlUI@DuiLib@@UAEXPAUHDC__@@@Z 00402be0 f   duilib_d:DuiLib_d.dll
 0001:00001be6       ?PaintText@CControlUI@DuiLib@@UAEXPAUHDC__@@@Z 00402be6 f   duilib_d:DuiLib_d.dll
 0001:00001bec       ?PaintBorder@CControlUI@DuiLib@@UAEXPAUHDC__@@@Z 00402bec f   duilib_d:DuiLib_d.dll
 0001:00001bf2       ?DoPostPaint@CControlUI@DuiLib@@UAEXPAUHDC__@@ABUtagRECT@@@Z 00402bf2 f   duilib_d:DuiLib_d.dll
 0001:00001bf8       ?GetInset@CContainerUI@DuiLib@@UBE?AUtagRECT@@XZ 00402bf8 f   duilib_d:DuiLib_d.dll
 0001:00001bfe       ?SetInset@CContainerUI@DuiLib@@UAEXUtagRECT@@@Z 00402bfe f   duilib_d:DuiLib_d.dll
 0001:00001c04       ?GetChildPadding@CContainerUI@DuiLib@@UBEHXZ 00402c04 f   duilib_d:DuiLib_d.dll
 0001:00001c0a       ?SetChildPadding@CContainerUI@DuiLib@@UAEXH@Z 00402c0a f   duilib_d:DuiLib_d.dll
 0001:00001c10       ?IsAutoDestroy@CContainerUI@DuiLib@@UBE_NXZ 00402c10 f   duilib_d:DuiLib_d.dll
 0001:00001c16       ?SetAutoDestroy@CContainerUI@DuiLib@@UAEX_N@Z 00402c16 f   duilib_d:DuiLib_d.dll
 0001:00001c1c       ?IsDelayedDestroy@CContainerUI@DuiLib@@UBE_NXZ 00402c1c f   duilib_d:DuiLib_d.dll
 0001:00001c22       ?SetDelayedDestroy@CContainerUI@DuiLib@@UAEX_N@Z 00402c22 f   duilib_d:DuiLib_d.dll
 0001:00001c28       ?IsMouseChildEnabled@CContainerUI@DuiLib@@UBE_NXZ 00402c28 f   duilib_d:DuiLib_d.dll
 0001:00001c2e       ?SetMouseChildEnabled@CContainerUI@DuiLib@@UAEX_N@Z 00402c2e f   duilib_d:DuiLib_d.dll
 0001:00001c34       ?FindSelectable@CContainerUI@DuiLib@@UBEHH_N@Z 00402c34 f   duilib_d:DuiLib_d.dll
 0001:00001c3a       ?GetScrollPos@CContainerUI@DuiLib@@UBE?AUtagSIZE@@XZ 00402c3a f   duilib_d:DuiLib_d.dll
 0001:00001c40       ?GetScrollRange@CContainerUI@DuiLib@@UBE?AUtagSIZE@@XZ 00402c40 f   duilib_d:DuiLib_d.dll
 0001:00001c46       ?SetScrollPos@CContainerUI@DuiLib@@UAEXUtagSIZE@@@Z 00402c46 f   duilib_d:DuiLib_d.dll
 0001:00001c4c       ?LineUp@CContainerUI@DuiLib@@UAEXXZ 00402c4c f   duilib_d:DuiLib_d.dll
 0001:00001c52       ?LineDown@CContainerUI@DuiLib@@UAEXXZ 00402c52 f   duilib_d:DuiLib_d.dll
 0001:00001c58       ?PageUp@CContainerUI@DuiLib@@UAEXXZ 00402c58 f   duilib_d:DuiLib_d.dll
 0001:00001c5e       ?PageDown@CContainerUI@DuiLib@@UAEXXZ 00402c5e f   duilib_d:DuiLib_d.dll
 0001:00001c64       ?HomeUp@CContainerUI@DuiLib@@UAEXXZ 00402c64 f   duilib_d:DuiLib_d.dll
 0001:00001c6a       ?EndDown@CContainerUI@DuiLib@@UAEXXZ 00402c6a f   duilib_d:DuiLib_d.dll
 0001:00001c70       ?LineLeft@CContainerUI@DuiLib@@UAEXXZ 00402c70 f   duilib_d:DuiLib_d.dll
 0001:00001c76       ?LineRight@CContainerUI@DuiLib@@UAEXXZ 00402c76 f   duilib_d:DuiLib_d.dll
 0001:00001c7c       ?PageLeft@CContainerUI@DuiLib@@UAEXXZ 00402c7c f   duilib_d:DuiLib_d.dll
 0001:00001c82       ?PageRight@CContainerUI@DuiLib@@UAEXXZ 00402c82 f   duilib_d:DuiLib_d.dll
 0001:00001c88       ?HomeLeft@CContainerUI@DuiLib@@UAEXXZ 00402c88 f   duilib_d:DuiLib_d.dll
 0001:00001c8e       ?EndRight@CContainerUI@DuiLib@@UAEXXZ 00402c8e f   duilib_d:DuiLib_d.dll
 0001:00001c94       ?EnableScrollBar@CContainerUI@DuiLib@@UAEX_N0@Z 00402c94 f   duilib_d:DuiLib_d.dll
 0001:00001c9a       ?GetVerticalScrollBar@CContainerUI@DuiLib@@UBEPAVCScrollBarUI@2@XZ 00402c9a f   duilib_d:DuiLib_d.dll
 0001:00001ca0       ?GetHorizontalScrollBar@CContainerUI@DuiLib@@UBEPAVCScrollBarUI@2@XZ 00402ca0 f   duilib_d:DuiLib_d.dll
 0001:00001ca6       ?SetFloatPos@CContainerUI@DuiLib@@MAEXH@Z 00402ca6 f   duilib_d:DuiLib_d.dll
 0001:00001cac       ?ProcessScrollBar@CContainerUI@DuiLib@@MAEXUtagRECT@@HH@Z 00402cac f   duilib_d:DuiLib_d.dll
 0001:00001cb2       ?GetItemAt@CContainerUI@DuiLib@@UBEPAVCControlUI@2@H@Z 00402cb2 f   duilib_d:DuiLib_d.dll
 0001:00001cb8       ?GetItemIndex@CContainerUI@DuiLib@@UBEHPAVCControlUI@2@@Z 00402cb8 f   duilib_d:DuiLib_d.dll
 0001:00001cbe       ?SetItemIndex@CContainerUI@DuiLib@@UAE_NPAVCControlUI@2@H@Z 00402cbe f   duilib_d:DuiLib_d.dll
 0001:00001cc4       ?GetCount@CContainerUI@DuiLib@@UBEHXZ 00402cc4 f   duilib_d:DuiLib_d.dll
 0001:00001cca       ?AddAt@CContainerUI@DuiLib@@UAE_NPAVCControlUI@2@H@Z 00402cca f   duilib_d:DuiLib_d.dll
 0001:00001cd0       ?Remove@CContainerUI@DuiLib@@UAE_NPAVCControlUI@2@@Z 00402cd0 f   duilib_d:DuiLib_d.dll
 0001:00001cd6       ?RemoveAt@CContainerUI@DuiLib@@UAE_NH@Z 00402cd6 f   duilib_d:DuiLib_d.dll
 0001:00001cdc       ??1CPaintManagerUI@DuiLib@@QAE@XZ 00402cdc f   duilib_d:DuiLib_d.dll
 0001:00001cf0       ??2@YAPAXI@Z               00402cf0 f   LIBCMTD:new.obj
 0001:00001d70       ??0bad_alloc@std@@QAE@XZ   00402d70 f i LIBCMTD:new.obj
 0001:00001da0       ??1bad_alloc@std@@UAE@XZ   00402da0 f i LIBCMTD:new.obj
 0001:00001dc0       ??_Gbad_alloc@std@@UAEPAXI@Z 00402dc0 f i LIBCMTD:new.obj
 0001:00001dc0       ??_Ebad_alloc@std@@UAEPAXI@Z 00402dc0 f i LIBCMTD:new.obj
 0001:00001df0       ??0bad_alloc@std@@QAE@ABV01@@Z 00402df0 f i LIBCMTD:new.obj
 0001:00001e20       __RTC_CheckEsp             00402e20 f   LIBCMTD:_stack_.obj
 0001:00001e50       @_RTC_CheckStackVars@8     00402e50 f   LIBCMTD:_stack_.obj
 0001:00001eb0       @_RTC_AllocaHelper@12      00402eb0 f   LIBCMTD:_stack_.obj
 0001:00001ef0       @_RTC_CheckStackVars2@12   00402ef0 f   LIBCMTD:_stack_.obj
 0001:00001fd0       __RTC_InitBase             00402fd0 f   LIBCMTD:_init_.obj
 0001:00002000       __RTC_Shutdown             00403000 f   LIBCMTD:_init_.obj
 0001:00002020       ?name@type_info@@QBEPBDPAU__type_info_node@@@Z 00403020 f   LIBCMTD:typinfo.obj
 0001:00002040       ??1type_info@@UAE@XZ       00403040 f   LIBCMTD:typinfo.obj
 0001:00002070       ??_Etype_info@@UAEPAXI@Z   00403070 f i LIBCMTD:typinfo.obj
 0001:00002070       ??_Gtype_info@@UAEPAXI@Z   00403070 f i LIBCMTD:typinfo.obj
 0001:000020a0       ?_name_internal_method@type_info@@QBEPBDPAU__type_info_node@@@Z 004030a0 f   LIBCMTD:typinfo.obj
 0001:000020c0       ?_type_info_dtor_internal_method@type_info@@QAEXXZ 004030c0 f   LIBCMTD:typinfo.obj
 0001:000020e0       ??8type_info@@QBE_NABV0@@Z 004030e0 f   LIBCMTD:typinfo.obj
 0001:00002110       ??9type_info@@QBE_NABV0@@Z 00403110 f   LIBCMTD:typinfo.obj
 0001:00002140       ?before@type_info@@QBEHABV1@@Z 00403140 f   LIBCMTD:typinfo.obj
 0001:00002170       ?raw_name@type_info@@QBEPBDXZ 00403170 f   LIBCMTD:typinfo.obj
 0001:00002190       ??0type_info@@AAE@ABV0@@Z  00403190 f   LIBCMTD:typinfo.obj
 0001:000021b0       ??4type_info@@AAEAAV0@ABV0@@Z 004031b0 f   LIBCMTD:typinfo.obj
 0001:000021d0       __purecall                 004031d0 f   LIBCMTD:purevirt.obj
 0001:00002210       __set_purecall_handler     00403210 f   LIBCMTD:purevirt.obj
 0001:00002250       __get_purecall_handler     00403250 f   LIBCMTD:purevirt.obj
 0001:00002270       ?_JumpToContinuation@@YGXPAXPAUEHRegistrationNode@@@Z 00403270 f   LIBCMTD:_trnsctrl_.obj
 0001:000022b0       ?_CallMemberFunction0@@YGXPAX0@Z 004032b0 f   LIBCMTD:_trnsctrl_.obj
 0001:000022c0       ?_CallMemberFunction1@@YGXPAX00@Z 004032c0 f   LIBCMTD:_trnsctrl_.obj
 0001:000022d0       ?_CallMemberFunction2@@YGXPAX00H@Z 004032d0 f   LIBCMTD:_trnsctrl_.obj
 0001:000022e0       ?_UnwindNestedFrames@@YGXPAUEHRegistrationNode@@PAUEHExceptionRecord@@@Z 004032e0 f   LIBCMTD:_trnsctrl_.obj
 0001:00002340       ___CxxFrameHandler         00403340 f   LIBCMTD:_trnsctrl_.obj
 0001:00002380       ___CxxFrameHandler3        00403380 f   LIBCMTD:_trnsctrl_.obj
 0001:000023c0       ___CxxFrameHandler2        004033c0 f   LIBCMTD:_trnsctrl_.obj
 0001:00002400       ___CxxLongjmpUnwind@4      00403400 f   LIBCMTD:_trnsctrl_.obj
 0001:00002430       ?_CallCatchBlock2@@YAPAXPAUEHRegistrationNode@@PBU_s_FuncInfo@@PAXHK@Z 00403430 f   LIBCMTD:_trnsctrl_.obj
 0001:000024f0       ?_CallSETranslator@@YAHPAUEHExceptionRecord@@PAUEHRegistrationNode@@PAX2PBU_s_FuncInfo@@H1@Z 004034f0 f   LIBCMTD:_trnsctrl_.obj
 0001:00002690       ?_GetRangeOfTrysToCheck@@YAPBU_s_TryBlockMapEntry@@PBU_s_FuncInfo@@HHPAI1@Z 00403690 f   LIBCMTD:_trnsctrl_.obj
 0001:00002710       __CreateFrameInfo          00403710 f   LIBCMTD:_trnsctrl_.obj
 0001:00002740       __IsExceptionObjectToBeDestroyed 00403740 f   LIBCMTD:_trnsctrl_.obj
 0001:00002770       __FindAndUnlinkFrame       00403770 f   LIBCMTD:_trnsctrl_.obj
 0001:000027d0       @__security_check_cookie@4 004037d0 f   LIBCMTD:secchk.obj
 0001:000027e0       __CrtSetReportHookW2       004037e0 f   LIBCMTD:dbgrptw.obj
 0001:00002b00       __CrtDbgReportW            00403b00 f   LIBCMTD:dbgrptw.obj
 0001:00002b40       __CrtDbgReportWV           00403b40 f i LIBCMTD:dbgrptw.obj
 0001:00002b70       ___crtMessageWindowW       00403b70 f   LIBCMTD:dbgrptw.obj
 0001:00002f70       __invoke_watson_if_error   00403f70 f i LIBCMTD:dbgrptw.obj
 0001:00002fa0       __invoke_watson_if_oneof   00403fa0 f i LIBCMTD:dbgrptw.obj
 0001:00002ff0       ?_CrtDbgReportW@@YAHHPBGH00ZZ 00403ff0 f   LIBCMTD:dbgrptw.obj
 0001:00003030       __mbscmp_l                 00404030 f   LIBCMTD:mbscmp.obj
 0001:00003280       ??0_LocaleUpdate@@QAE@PAUlocaleinfo_struct@@@Z 00404280 f i LIBCMTD:mbscmp.obj
 0001:00003360       ??1_LocaleUpdate@@QAE@XZ   00404360 f i LIBCMTD:mbscmp.obj
 0001:00003390       ?GetLocaleT@_LocaleUpdate@@QAEPAUlocaleinfo_struct@@XZ 00404390 f i LIBCMTD:mbscmp.obj
 0001:000033a0       __mbscmp                   004043a0 f   LIBCMTD:mbscmp.obj
 0001:000033c0       ??3@YAXPAX@Z               004043c0 f   LIBCMTD:dbgdel.obj
 0001:000034b0       _WinMainCRTStartup         004044b0 f   LIBCMTD:wincrt0.obj
 0001:00003760       __onexit                   00404760 f   LIBCMTD:onexit.obj
 0001:00003930       _atexit                    00404930 f   LIBCMTD:onexit.obj
 0001:00003950       ___onexitinit              00404950 f   LIBCMTD:onexit.obj
 0001:000039b0       __initp_heap_handler       004049b0 f   LIBCMTD:handler.obj
 0001:000039c0       ?_set_new_handler@@YAP6AHI@ZP6AHI@Z@Z 004049c0 f   LIBCMTD:handler.obj
 0001:00003a10       ?_set_new_handler@@YAP6AHI@ZH@Z 00404a10 f   LIBCMTD:handler.obj
 0001:00003a50       ?_query_new_handler@@YAP6AHI@ZXZ 00404a50 f   LIBCMTD:handler.obj
 0001:00003a70       __callnewh                 00404a70 f   LIBCMTD:handler.obj
 0001:00003ab0       _malloc                    00404ab0 f   LIBCMTD:dbgmalloc.obj
 0001:00003ae0       __CxxThrowException@8      00404ae0 f   LIBCMTD:throw.obj
 0001:00003b40       ??0exception@std@@QAE@XZ   00404b40 f   LIBCMTD:stdexcpt.obj
 0001:00003b70       ??_Gexception@std@@UAEPAXI@Z 00404b70 f i LIBCMTD:stdexcpt.obj
 0001:00003b70       ??_Eexception@std@@UAEPAXI@Z 00404b70 f i LIBCMTD:stdexcpt.obj
 0001:00003ba0       ??0exception@std@@QAE@ABQBD@Z 00404ba0 f   LIBCMTD:stdexcpt.obj
 0001:00003c30       ??0exception@std@@QAE@ABQBDH@Z 00404c30 f   LIBCMTD:stdexcpt.obj
 0001:00003c60       ??0exception@std@@QAE@ABV01@@Z 00404c60 f   LIBCMTD:stdexcpt.obj
 0001:00003d00       ??4exception@std@@QAEAAV01@ABV01@@Z 00404d00 f   LIBCMTD:stdexcpt.obj
 0001:00003db0       ??1exception@std@@UAE@XZ   00404db0 f   LIBCMTD:stdexcpt.obj
 0001:00003de0       ?what@exception@std@@UBEPBDXZ 00404de0 f   LIBCMTD:stdexcpt.obj
 0001:00003e10       ??0bad_cast@std@@QAE@PBD@Z 00404e10 f   LIBCMTD:stdexcpt.obj
 0001:00003e40       ??_Ebad_cast@std@@UAEPAXI@Z 00404e40 f i LIBCMTD:stdexcpt.obj
 0001:00003e40       ??_Gbad_cast@std@@UAEPAXI@Z 00404e40 f i LIBCMTD:stdexcpt.obj
 0001:00003e70       ??0bad_cast@std@@QAE@ABV01@@Z 00404e70 f   LIBCMTD:stdexcpt.obj
 0001:00003ea0       ??1bad_cast@std@@UAE@XZ    00404ea0 f   LIBCMTD:stdexcpt.obj
 0001:00003ec0       ??0bad_typeid@std@@QAE@PBD@Z 00404ec0 f   LIBCMTD:stdexcpt.obj
 0001:00003ef0       ??_Gbad_typeid@std@@UAEPAXI@Z 00404ef0 f i LIBCMTD:stdexcpt.obj
 0001:00003ef0       ??_Ebad_typeid@std@@UAEPAXI@Z 00404ef0 f i LIBCMTD:stdexcpt.obj
 0001:00003f20       ??0bad_typeid@std@@QAE@ABV01@@Z 00404f20 f   LIBCMTD:stdexcpt.obj
 0001:00003f50       ??1bad_typeid@std@@UAE@XZ  00404f50 f   LIBCMTD:stdexcpt.obj
 0001:00003f70       ??0__non_rtti_object@std@@QAE@PBD@Z 00404f70 f   LIBCMTD:stdexcpt.obj
 0001:00003fa0       ??_E__non_rtti_object@std@@UAEPAXI@Z 00404fa0 f i LIBCMTD:stdexcpt.obj
 0001:00003fa0       ??_G__non_rtti_object@std@@UAEPAXI@Z 00404fa0 f i LIBCMTD:stdexcpt.obj
 0001:00003fd0       ??0__non_rtti_object@std@@QAE@ABV01@@Z 00404fd0 f   LIBCMTD:stdexcpt.obj
 0001:00004000       ??1__non_rtti_object@std@@UAE@XZ 00405000 f   LIBCMTD:stdexcpt.obj
 0001:00004020       _DebuggerKnownHandle       00405020 f   LIBCMTD:_error_.obj
 0001:000040e0       ?_RTC_Failure@@YAXPAXH@Z   004050e0 f   LIBCMTD:_error_.obj
 0001:000043f0       ?_RTC_StackFailure@@YAXPAXPBD@Z 004053f0 f   LIBCMTD:_error_.obj
 0001:000044f0       ?_RTC_AllocaFailure@@YAXPAXPAU_RTC_ALLOCA_NODE@@H@Z 004054f0 f   LIBCMTD:_error_.obj
 0001:000046a0       __RTC_UninitUse            004056a0 f   LIBCMTD:_error_.obj
 0001:00004790       __RTC_NumErrors            00405790 f   LIBCMTD:_userapi_.obj
 0001:000047a0       __RTC_GetErrDesc           004057a0 f   LIBCMTD:_userapi_.obj
 0001:000047c0       __RTC_SetErrorType         004057c0 f   LIBCMTD:_userapi_.obj
 0001:000047f0       __RTC_SetErrorFunc         004057f0 f   LIBCMTD:_userapi_.obj
 0001:00004810       __RTC_SetErrorFuncW        00405810 f   LIBCMTD:_userapi_.obj
 0001:00004830       ?_RTC_GetErrorFunc@@YAP6AHHPBDH00ZZPBX@Z 00405830 f   LIBCMTD:_userapi_.obj
 0001:00004840       ?_RTC_GetErrorFuncW@@YAP6AHHPB_WH00ZZPBX@Z 00405840 f   LIBCMTD:_userapi_.obj
 0001:00004850       __chkesp                   00405850 f   LIBCMTD:chkesp.obj
 0001:00004890       __CRT_RTC_INIT             00405890 f   LIBCMTD:chkesp.obj
 0001:000048a0       __CRT_RTC_INITW            004058a0 f   LIBCMTD:chkesp.obj
 0001:000048b0       ?_Type_info_dtor@type_info@@CAXPAV1@@Z 004058b0 f   LIBCMTD:typname.obj
 0001:000049c0       ?_Name_base@type_info@@CAPBDPBV1@PAU__type_info_node@@@Z 004059c0 f   LIBCMTD:typname.obj
 0001:00004b60       ?_Type_info_dtor_internal@type_info@@CAXPAV1@@Z 00405b60 f   LIBCMTD:typname.obj
 0001:00004c70       ___unDNameHelper           00405c70 f   LIBCMTD:typname.obj
 0001:00004cb0       ?_Name_base_internal@type_info@@CAPBDPBV1@PAU__type_info_node@@@Z 00405cb0 f   LIBCMTD:typname.obj
 0001:00004e70       ___clean_type_info_names_internal 00405e70 f   LIBCMTD:typname.obj
 0001:00004f30       _strcmp                    00405f30 f   LIBCMTD:strcmp.obj
 0001:00004fc0       _abort                     00405fc0 f   LIBCMTD:abort.obj
 0001:00005100       __set_abort_behavior       00406100 f   LIBCMTD:abort.obj
 0001:00005130       __FF_MSGBANNER             00406130 f   LIBCMTD:crt0msg.obj
 0001:00005180       __NMSG_WRITE               00406180 f   LIBCMTD:crt0msg.obj
 0001:00005420       __GET_RTERRMSG             00406420 f   LIBCMTD:crt0msg.obj
 0001:00005470       __encode_pointer           00406470 f   LIBCMTD:tidtable.obj
 0001:00005510       __crt_wait_module_handle   00406510 f i LIBCMTD:tidtable.obj
 0001:00005540       __encoded_null             00406540 f   LIBCMTD:tidtable.obj
 0001:00005560       __decode_pointer           00406560 f   LIBCMTD:tidtable.obj
 0001:00005600       ___crtTlsAlloc@4           00406600 f   LIBCMTD:tidtable.obj
 0001:00005610       ___fls_getvalue@4          00406610 f   LIBCMTD:tidtable.obj
 0001:00005630       ___get_flsindex            00406630 f   LIBCMTD:tidtable.obj
 0001:00005640       ___set_flsgetvalue         00406640 f   LIBCMTD:tidtable.obj
 0001:00005690       ___fls_setvalue@8          00406690 f   LIBCMTD:tidtable.obj
 0001:000056c0       __mtinit                   004066c0 f   LIBCMTD:tidtable.obj
 0001:000058d0       __mtterm                   004068d0 f   LIBCMTD:tidtable.obj
 0001:00005930       __initptd                  00406930 f   LIBCMTD:tidtable.obj
 0001:00005a90       __getptd_noexit            00406a90 f   LIBCMTD:tidtable.obj
 0001:00005b50       __getptd                   00406b50 f   LIBCMTD:tidtable.obj
 0001:00005b80       __freefls@4                00406b80 f   LIBCMTD:tidtable.obj
 0001:00005d90       __freeptd                  00406d90 f   LIBCMTD:tidtable.obj
 0001:00005e10       ___threadid                00406e10 f   LIBCMTD:tidtable.obj
 0001:00005e20       ___threadhandle            00406e20 f   LIBCMTD:tidtable.obj
 0001:00005e30       ___getlocaleinfo           00406e30 f   LIBCMTD:inithelp.obj
 0001:000060d0       __initp_misc_purevirt      004070d0 f   LIBCMTD:inithelp.obj
 0001:000060e0       ___InternalCxxFrameHandler 004070e0 f   LIBCMTD:frame.obj
 0001:000066e0       ??0bad_exception@std@@QAE@PBD@Z 004076e0 f i LIBCMTD:frame.obj
 0001:00006710       ??1bad_exception@std@@UAE@XZ 00407710 f i LIBCMTD:frame.obj
 0001:00006730       ??_Ebad_exception@std@@UAEPAXI@Z 00407730 f i LIBCMTD:frame.obj
 0001:00006730       ??_Gbad_exception@std@@UAEPAXI@Z 00407730 f i LIBCMTD:frame.obj
 0001:00006760       ??0bad_exception@std@@QAE@ABV01@@Z 00407760 f i LIBCMTD:frame.obj
 0001:00006910       ___TypeMatch               00407910 f   LIBCMTD:frame.obj
 0001:000069c0       ___FrameUnwindFilter       004079c0 f   LIBCMTD:frame.obj
 0001:00006a40       ___FrameUnwindToState      00407a40 f   LIBCMTD:frame.obj
 0001:00006f80       ___BuildCatchObjectHelper  00407f80 f   LIBCMTD:frame.obj
 0001:000071f0       ___BuildCatchObject        004081f0 f   LIBCMTD:frame.obj
 0001:00007300       ___DestructExceptionObject 00408300 f   LIBCMTD:frame.obj
 0001:000073b0       ___AdjustPointer           004083b0 f   LIBCMTD:frame.obj
 0001:00007400       ?__uncaught_exception@@YA_NXZ 00408400 f   LIBCMTD:frame.obj
 0001:00007420       ___CxxExceptionFilter      00408420 f   LIBCMTD:frame.obj
 0001:00007610       ___CxxRegisterExceptionObject 00408610 f   LIBCMTD:frame.obj
 0001:00007740       ___CxxDetectRethrow        00408740 f   LIBCMTD:frame.obj
 0001:000077d0       ___CxxUnregisterExceptionObject 004087d0 f   LIBCMTD:frame.obj
 0001:00007950       ___CxxQueryExceptionSize   00408950 f   LIBCMTD:frame.obj
 0001:00007960       ___CxxCallUnwindDtor       00408960 f   LIBCMTD:frame.obj
 0001:000079e0       ___CxxCallUnwindDelDtor    004089e0 f   LIBCMTD:frame.obj
 0001:00007a60       ___CxxCallUnwindStdDelDtor 00408a60 f   LIBCMTD:frame.obj
 0001:00007ae0       ___CxxCallUnwindVecDtor    00408ae0 f   LIBCMTD:frame.obj
 0001:00007d10       ?_is_exception_typeof@@YAHABVtype_info@@PAU_EXCEPTION_POINTERS@@@Z 00408d10 f   LIBCMTD:frame.obj
 0001:00007df0       __CallSettingFrame@12      00408df0 f   LIBCMTD:lowhelpr.obj
 0001:00007e17       __NLG_Return               00408e17     LIBCMTD:lowhelpr.obj
 0001:00007e40       __initp_eh_hooks           00408e40 f   LIBCMTD:hooks.obj
 0001:00007e60       ?terminate@@YAXXZ          00408e60 f   LIBCMTD:hooks.obj
 0001:00007ee0       ?unexpected@@YAXXZ         00408ee0 f   LIBCMTD:hooks.obj
 0001:00007f10       ?_inconsistency@@YAXXZ     00408f10 f   LIBCMTD:hooks.obj
 0001:00007fa0       ___report_gsfailure        00408fa0 f   LIBCMTD:gs_report.obj
 0001:000080b0       __mtinitlocks              004090b0 f   LIBCMTD:mlock.obj
 0001:00008140       __mtdeletelocks            00409140 f   LIBCMTD:mlock.obj
 0001:00008200       __mtinitlocknum            00409200 f   LIBCMTD:mlock.obj
 0001:00008350       __lock                     00409350 f   LIBCMTD:mlock.obj
 0001:00008390       __unlock                   00409390 f   LIBCMTD:mlock.obj
 0001:000083b0       __lockerr_exit             004093b0 f   LIBCMTD:mlock.obj
 0001:000083d0       __malloc_dbg               004093d0 f   LIBCMTD:dbgheap.obj
 0001:00008400       __nh_malloc                00409400 f   LIBCMTD:dbgheap.obj
 0001:00008420       __nh_malloc_dbg            00409420 f   LIBCMTD:dbgheap.obj
 0001:000084f0       __heap_alloc               004094f0 f   LIBCMTD:dbgheap.obj
 0001:000088c0       __heap_alloc_dbg           004098c0 f   LIBCMTD:dbgheap.obj
 0001:00008920       __calloc_dbg_impl          00409920 f   LIBCMTD:dbgheap.obj
 0001:000089f0       __calloc_dbg               004099f0 f   LIBCMTD:dbgheap.obj
 0001:00008a50       __recalloc                 00409a50 f   LIBCMTD:dbgheap.obj
 0001:00008a80       __realloc_dbg              00409a80 f   LIBCMTD:dbgheap.obj
 0001:00009120       __recalloc_dbg             0040a120 f   LIBCMTD:dbgheap.obj
 0001:00009220       __expand                   0040a220 f   LIBCMTD:dbgheap.obj
 0001:00009250       __expand_dbg               0040a250 f   LIBCMTD:dbgheap.obj
 0001:00009360       __free_nolock              0040a360 f   LIBCMTD:dbgheap.obj
 0001:00009380       __free_dbg                 0040a380 f   LIBCMTD:dbgheap.obj
 0001:00009400       __free_dbg_nolock          0040a400 f   LIBCMTD:dbgheap.obj
 0001:000098e0       __msize                    0040a8e0 f   LIBCMTD:dbgheap.obj
 0001:00009900       __msize_dbg                0040a900 f   LIBCMTD:dbgheap.obj
 0001:00009af0       __CrtSetBreakAlloc         0040aaf0 f   LIBCMTD:dbgheap.obj
 0001:00009b10       __CrtSetDbgBlockType       0040ab10 f   LIBCMTD:dbgheap.obj
 0001:00009c00       __CrtSetAllocHook          0040ac00 f   LIBCMTD:dbgheap.obj
 0001:00009c20       __CrtGetAllocHook          0040ac20 f   LIBCMTD:dbgheap.obj
 0001:00009c80       __CrtCheckMemory           0040ac80 f   LIBCMTD:dbgheap.obj
 0001:0000a0e0       __CrtSetDbgFlag            0040b0e0 f   LIBCMTD:dbgheap.obj
 0001:0000a230       __CrtDoForAllClientObjects 0040b230 f   LIBCMTD:dbgheap.obj
 0001:0000a350       __CrtIsValidPointer        0040b350 f   LIBCMTD:dbgheap.obj
 0001:0000a360       __CrtIsValidHeapPointer    0040b360 f   LIBCMTD:dbgheap.obj
 0001:0000a400       __CrtIsMemoryBlock         0040b400 f   LIBCMTD:dbgheap.obj
 0001:0000a570       __CrtReportBlockType       0040b570 f   LIBCMTD:dbgheap.obj
 0001:0000a5a0       __CrtSetDumpClient         0040b5a0 f   LIBCMTD:dbgheap.obj
 0001:0000a5c0       __CrtGetDumpClient         0040b5c0 f   LIBCMTD:dbgheap.obj
 0001:0000a5d0       __CrtMemCheckpoint         0040b5d0 f   LIBCMTD:dbgheap.obj
 0001:0000a7f0       __CrtMemDifference         0040b7f0 f   LIBCMTD:dbgheap.obj
 0001:0000aa10       __CrtMemDumpAllObjectsSince 0040ba10 f   LIBCMTD:dbgheap.obj
 0001:0000af00       __CrtDumpMemoryLeaks       0040bf00 f   LIBCMTD:dbgheap.obj
 0001:0000af80       __CrtMemDumpStatistics     0040bf80 f   LIBCMTD:dbgheap.obj
 0001:0000b090       __aligned_malloc           0040c090 f   LIBCMTD:dbgheap.obj
 0001:0000b0b0       __aligned_malloc_dbg       0040c0b0 f   LIBCMTD:dbgheap.obj
 0001:0000b0e0       __aligned_realloc          0040c0e0 f   LIBCMTD:dbgheap.obj
 0001:0000b110       __aligned_recalloc         0040c110 f   LIBCMTD:dbgheap.obj
 0001:0000b140       __aligned_realloc_dbg      0040c140 f   LIBCMTD:dbgheap.obj
 0001:0000b170       __aligned_recalloc_dbg     0040c170 f   LIBCMTD:dbgheap.obj
 0001:0000b1a0       __aligned_offset_malloc    0040c1a0 f   LIBCMTD:dbgheap.obj
 0001:0000b1c0       __aligned_offset_malloc_dbg 0040c1c0 f   LIBCMTD:dbgheap.obj
 0001:0000b360       __aligned_offset_realloc   0040c360 f   LIBCMTD:dbgheap.obj
 0001:0000b390       __aligned_offset_recalloc  0040c390 f   LIBCMTD:dbgheap.obj
 0001:0000b3c0       __aligned_offset_realloc_dbg 0040c3c0 f   LIBCMTD:dbgheap.obj
 0001:0000b690       __aligned_offset_recalloc_dbg 0040c690 f   LIBCMTD:dbgheap.obj
 0001:0000b7a0       __aligned_free             0040c7a0 f   LIBCMTD:dbgheap.obj
 0001:0000b7c0       __aligned_free_dbg         0040c7c0 f   LIBCMTD:dbgheap.obj
 0001:0000b870       __CrtSetDebugFillThreshold 0040c870 f   LIBCMTD:dbgheap.obj
 0001:0000b890       __CrtSetCheckCount         0040c890 f   LIBCMTD:dbgheap.obj
 0001:0000b8b0       __CrtGetCheckCount         0040c8b0 f   LIBCMTD:dbgheap.obj
 0001:0000b8c0       __aligned_msize            0040c8c0 f   LIBCMTD:dbgheap.obj
 0001:0000b8e0       __aligned_msize_dbg        0040c8e0 f   LIBCMTD:dbgheap.obj
 0001:0000b9f0       __CrtDbgBreak              0040c9f0 f   LIBCMTD:dbgrptt.obj
 0001:0000ba00       __CrtSetReportMode         0040ca00 f   LIBCMTD:dbgrptt.obj
 0001:0000bb40       __CrtSetReportFile         0040cb40 f   LIBCMTD:dbgrptt.obj
 0001:0000bc40       __CrtSetReportHook         0040cc40 f   LIBCMTD:dbgrptt.obj
 0001:0000bc60       __CrtGetReportHook         0040cc60 f   LIBCMTD:dbgrptt.obj
 0001:0000bc70       __VCrtDbgReportA           0040cc70 f   LIBCMTD:dbgrptt.obj
 0001:0000c4a0       __VCrtDbgReportW           0040d4a0 f   LIBCMTD:dbgrptt.obj
 0001:0000cdd0       __initp_misc_invarg        0040ddd0 f   LIBCMTD:invarg.obj
 0001:0000cde0       __invalid_parameter        0040dde0 f   LIBCMTD:invarg.obj
 0001:0000ce50       __invoke_watson            0040de50 f   LIBCMTD:invarg.obj
 0001:0000cfa0       __set_invalid_parameter_handler 0040dfa0 f   LIBCMTD:invarg.obj
 0001:0000d000       __get_invalid_parameter_handler 0040e000 f   LIBCMTD:invarg.obj
 0001:0000d030       ?_invalid_parameter@@YAXPBG00II@Z 0040e030 f   LIBCMTD:invarg.obj
 0001:0000d060       ?_invoke_watson@@YAXPBG00II@Z 0040e060 f   LIBCMTD:invarg.obj
 0001:0000d090       __dosmaperr                0040e090 f   LIBCMTD:dosmap.obj
 0001:0000d0c0       __get_errno_from_oserr     0040e0c0 f   LIBCMTD:dosmap.obj
 0001:0000d140       __set_errno                0040e140 f   LIBCMTD:dosmap.obj
 0001:0000d170       __get_errno                0040e170 f   LIBCMTD:dosmap.obj
 0001:0000d1f0       __set_doserrno             0040e1f0 f   LIBCMTD:dosmap.obj
 0001:0000d220       __get_doserrno             0040e220 f   LIBCMTD:dosmap.obj
 0001:0000d2a0       __errno                    0040e2a0 f   LIBCMTD:dosmap.obj
 0001:0000d2d0       ___doserrno                0040e2d0 f   LIBCMTD:dosmap.obj
 0001:0000d300       __except_handler4          0040e300 f   LIBCMTD:chandler4.obj
 0001:0000d520       __crt_waiting_on_module_handle 0040e520 f   LIBCMTD:crt0dat.obj
 0001:0000d580       __cinit                    0040e580 f   LIBCMTD:crt0dat.obj
 0001:0000d620       _exit                      0040e620 f   LIBCMTD:crt0dat.obj
 0001:0000d640       __exit                     0040e640 f   LIBCMTD:crt0dat.obj
 0001:0000d660       __cexit                    0040e660 f   LIBCMTD:crt0dat.obj
 0001:0000d680       __c_exit                   0040e680 f   LIBCMTD:crt0dat.obj
 0001:0000d6a0       __amsg_exit                0040e6a0 f   LIBCMTD:crt0dat.obj
 0001:0000d6e0       ___freeCrtMemory           0040e6e0 f   LIBCMTD:crt0dat.obj
 0001:0000da30       ___crtCorExitProcess       0040ea30 f   LIBCMTD:crt0dat.obj
 0001:0000da70       ___crtExitProcess          0040ea70 f   LIBCMTD:crt0dat.obj
 0001:0000da90       __lockexit                 0040ea90 f   LIBCMTD:crt0dat.obj
 0001:0000dab0       __unlockexit               0040eab0 f   LIBCMTD:crt0dat.obj
 0001:0000dad0       __init_pointers            0040ead0 f   LIBCMTD:crt0dat.obj
 0001:0000db90       __initterm_e               0040eb90 f   LIBCMTD:crt0dat.obj
 0001:0000dbd0       __get_wpgmptr              0040ebd0 f   LIBCMTD:crt0dat.obj
 0001:0000dcc0       __get_pgmptr               0040ecc0 f   LIBCMTD:crt0dat.obj
 0001:0000ddb0       __initp_misc_winsig        0040edb0 f   LIBCMTD:winsig.obj
 0001:0000dde0       _signal                    0040ede0 f   LIBCMTD:winsig.obj
 0001:0000e280       _raise                     0040f280 f   LIBCMTD:winsig.obj
 0001:0000e5f0       ___get_sigabrt             0040f5f0 f   LIBCMTD:winsig.obj
 0001:0000e610       ___fpecode                 0040f610 f   LIBCMTD:winsig.obj
 0001:0000e620       ___pxcptinfoptrs           0040f620 f   LIBCMTD:winsig.obj
 0001:0000e630       ___crtMessageBoxW          0040f630 f   LIBCMTD:crtmboxw.obj
 0001:0000e850       __swprintf                 0040f850 f   LIBCMTD:swprintf.obj
 0001:0000ea20       ___swprintf_l              0040fa20 f   LIBCMTD:swprintf.obj
 0001:0000ea50       _swprintf_s                0040fa50 f   LIBCMTD:swprintf.obj
 0001:0000ea80       __snwprintf_s              0040fa80 f   LIBCMTD:swprintf.obj
 0001:0000eab0       __swprintf_p               0040fab0 f   LIBCMTD:swprintf.obj
 0001:0000eae0       __swprintf_s_l             0040fae0 f   LIBCMTD:swprintf.obj
 0001:0000eb10       __snwprintf_s_l            0040fb10 f   LIBCMTD:swprintf.obj
 0001:0000eb40       __swprintf_p_l             0040fb40 f   LIBCMTD:swprintf.obj
 0001:0000eb70       __scwprintf                0040fb70 f   LIBCMTD:swprintf.obj
 0001:0000eb90       __scwprintf_p              0040fb90 f   LIBCMTD:swprintf.obj
 0001:0000ebb0       __scwprintf_l              0040fbb0 f   LIBCMTD:swprintf.obj
 0001:0000ebe0       __scwprintf_p_l            0040fbe0 f   LIBCMTD:swprintf.obj
 0001:0000ec10       _memcpy_s                  0040fc10 f   LIBCMTD:memcpy_s.obj
 0001:0000eda0       _wcslen                    0040fda0 f   LIBCMTD:wcslen.obj
 0001:0000edd0       _wcscpy_s                  0040fdd0 f   LIBCMTD:wcscpy_s.obj
 0001:0000f0b0       __chkstk                   004100b0 f   LIBCMTD:chkstk.obj
 0001:0000f0b0       __alloca_probe             004100b0     LIBCMTD:chkstk.obj
 0001:0000f0e0       ___updatetmbcinfo          004100e0 f   LIBCMTD:mbctype.obj
 0001:0000f1f0       __setmbcp                  004101f0 f   LIBCMTD:mbctype.obj
 0001:0000f5a0       __setmbcp_nolock           004105a0 f   LIBCMTD:mbctype.obj
 0001:0000fd90       __getmbcp                  00410d90 f   LIBCMTD:mbctype.obj
 0001:0000fe00       ___initmbctable            00410e00 f   LIBCMTD:mbctype.obj
 0001:0000fe30       ____setlc_active_func      00410e30 f   LIBCMTD:setlocal.obj
 0001:0000fe40       ____unguarded_readlc_active_add_func 00410e40 f   LIBCMTD:setlocal.obj
 0001:0000fe50       ___freetlocinfo            00410e50 f   LIBCMTD:setlocal.obj
 0001:00010130       ___addlocaleref            00411130 f   LIBCMTD:setlocal.obj
 0001:00010250       ___removelocaleref         00411250 f   LIBCMTD:setlocal.obj
 0001:00010380       ___updatetlocinfo          00411380 f   LIBCMTD:setlocal.obj
 0001:000104d0       __configthreadlocale       004114d0 f   LIBCMTD:setlocal.obj
 0001:000105e0       __locterm                  004115e0 f   LIBCMTD:setlocal.obj
 0001:00010680       __free_locale              00411680 f   LIBCMTD:setlocal.obj
 0001:000107c0       ___free_locale             004117c0 f   LIBCMTD:setlocal.obj
 0001:000107e0       __create_locale            004117e0 f   LIBCMTD:setlocal.obj
 0001:00010a10       ___create_locale           00411a10 f   LIBCMTD:setlocal.obj
 0001:00010a30       __get_current_locale       00411a30 f   LIBCMTD:setlocal.obj
 0001:00010b50       ___get_current_locale      00411b50 f   LIBCMTD:setlocal.obj
 0001:00010b60       _setlocale                 00411b60 f   LIBCMTD:setlocal.obj
 0001:00011a70       __expandlocale             00412a70 f   LIBCMTD:setlocal.obj
 0001:00011d20       ___init_dummy              00412d20 f   LIBCMTD:setlocal.obj
 0001:00011d30       __strcats                  00412d30 f   LIBCMTD:setlocal.obj
 0001:00011db0       ___lc_strtolc              00412db0 f   LIBCMTD:setlocal.obj
 0001:00011fb0       ___lc_lctostr              00412fb0 f   LIBCMTD:setlocal.obj
 0001:00012050       ?__CxxUnhandledExceptionFilter@@YGJPAU_EXCEPTION_POINTERS@@@Z 00413050 f   LIBCMTD:unhandld.obj
 0001:000120c0       ___CxxSetUnhandledExceptionFilter 004130c0 f   LIBCMTD:unhandld.obj
 0001:000120e0       ___security_init_cookie    004130e0 f   LIBCMTD:gs_support.obj
 0001:000121c0       __initp_misc_winxfltr      004131c0 f   LIBCMTD:winxfltr.obj
 0001:000121d0       ___CppXcptFilter           004131d0 f   LIBCMTD:winxfltr.obj
 0001:00012200       __XcptFilter               00413200 f   LIBCMTD:winxfltr.obj
 0001:00012430       __wincmdln                 00413430 f   LIBCMTD:wincmdln.obj
 0001:00012500       __setenvp                  00413500 f   LIBCMTD:stdenvp.obj
 0001:000126a0       __setargv                  004136a0 f   LIBCMTD:stdargv.obj
 0001:000127c0       __set_pgmptr               004137c0 f i LIBCMTD:stdargv.obj
 0001:00012b30       ___crtGetEnvironmentStringsA 00413b30 f   LIBCMTD:a_env.obj
 0001:00012d50       __ioinit                   00413d50 f   LIBCMTD:ioinit.obj
 0001:000131f0       __ioterm                   004141f0 f   LIBCMTD:ioinit.obj
 0001:00013290       __RTC_Initialize           00414290 f   LIBCMTD:_initsect_.obj
 0001:000132c0       __RTC_Terminate            004142c0 f   LIBCMTD:_initsect_.obj
 0001:000132f0       ___heap_select             004142f0 f   LIBCMTD:heapinit.obj
 0001:00013310       __heap_init                00414310 f   LIBCMTD:heapinit.obj
 0001:00013390       __heap_term                00414390 f   LIBCMTD:heapinit.obj
 0001:00013430       __get_heap_handle          00414430 f   LIBCMTD:heapinit.obj
 0001:00013470       _strcpy_s                  00414470 f   LIBCMTD:strcpy_s.obj
 0001:00013750       _strlen                    00414750 f   LIBCMTD:strlen.obj
 0001:000137e0       _free                      004147e0 f   LIBCMTD:dbgfree.obj
 0001:00013800       ?_RTC_GetSrcLine@@YAHPAEPA_WKPAH1K@Z 00414800 f   LIBCMTD:_pdblkup_.obj
 0001:00013ca0       __CrtSetReportHook2        00414ca0 f   LIBCMTD:dbgrpt.obj
 0001:00013fc0       __CrtDbgReport             00414fc0 f   LIBCMTD:dbgrpt.obj
 0001:00014000       __CrtDbgReportV            00415000 f i LIBCMTD:dbgrpt.obj
 0001:00014030       ___crtMessageWindowA       00415030 f   LIBCMTD:dbgrpt.obj
 0001:00014430       ___unDName                 00415430 f   LIBCMTD:undname.obj
 0001:00014510       ?Constructor@HeapManager@@QAEXP6APAXI@ZP6AXPAX@Z@Z 00415510 f i LIBCMTD:undname.obj
 0001:00014550       ?Destructor@HeapManager@@QAEXXZ 00415550 f i LIBCMTD:undname.obj
 0001:000145a0       ___unDNameEx               004155a0 f   LIBCMTD:undname.obj
 0001:00014680       ??0UnDecorator@@QAE@PADPBDHP6APADJ@ZK@Z 00415680 f i LIBCMTD:undname.obj
 0001:00014720       ??BUnDecorator@@QAEPADXZ   00415720 f i LIBCMTD:undname.obj
 0001:00014950       ?dbGetString@DName@@QBEPADXZ 00415950 f   LIBCMTD:undname.obj
 0001:00014980       ?getDecoratedName@UnDecorator@@CA?AVDName@@XZ 00415980 f   LIBCMTD:undname.obj
 0001:00014c90       ?getSymbolName@UnDecorator@@CA?AVDName@@XZ 00415c90 f i LIBCMTD:undname.obj
 0001:00014d10       ?getZName@UnDecorator@@CA?AVDName@@_N0@Z 00415d10 f   LIBCMTD:undname.obj
 0001:00014fb0       ?getOperatorName@UnDecorator@@CA?AVDName@@_NPA_N@Z 00415fb0 f i LIBCMTD:undname.obj
 0001:00015920       ?getStringEncoding@UnDecorator@@CA?AVDName@@PADH@Z 00416920 f   LIBCMTD:undname.obj
 0001:00015a20       ?getScope@UnDecorator@@CA?AVDName@@XZ 00416a20 f   LIBCMTD:undname.obj
 0001:00015e00       ?getSignedDimension@UnDecorator@@CA?AVDName@@XZ 00416e00 f   LIBCMTD:undname.obj
 0001:00015e80       ?getDimension@UnDecorator@@CA?AVDName@@_N@Z 00416e80 f   LIBCMTD:undname.obj
 0001:00016130       ?getNumberOfDimensions@UnDecorator@@CAHXZ 00417130 f   LIBCMTD:undname.obj
 0001:00016230       ?getTemplateName@UnDecorator@@CA?AVDName@@_N@Z 00417230 f   LIBCMTD:undname.obj
 0001:000163f0       ?getTemplateArgumentList@UnDecorator@@CA?AVDName@@XZ 004173f0 f   LIBCMTD:undname.obj
 0001:00016670       ?getTemplateConstant@UnDecorator@@CA?AVDName@@XZ 00417670 f   LIBCMTD:undname.obj
 0001:00016b00       ?composeDeclaration@UnDecorator@@CA?AVDName@@ABV2@@Z 00417b00 f i LIBCMTD:undname.obj
 0001:00018100       ?getTypeEncoding@UnDecorator@@CAHXZ 00419100 f i LIBCMTD:undname.obj
 0001:00018b40       ?getBasedType@UnDecorator@@CA?AVDName@@XZ 00419b40 f   LIBCMTD:undname.obj
 0001:00018c00       ?getScopedName@UnDecorator@@CA?AVDName@@XZ 00419c00 f   LIBCMTD:undname.obj
 0001:00018d20       ?getCallingConvention@UnDecorator@@CA?AVDName@@XZ 00419d20 f   LIBCMTD:undname.obj
 0001:00018e80       ?getReturnType@UnDecorator@@CA?AVDName@@PAV2@@Z 00419e80 f   LIBCMTD:undname.obj
 0001:00018ed0       ?getDataType@UnDecorator@@CA?AVDName@@PAV2@@Z 00419ed0 f   LIBCMTD:undname.obj
 0001:00018fe0       ?getPrimaryDataType@UnDecorator@@CA?AVDName@@ABV2@@Z 00419fe0 f   LIBCMTD:undname.obj
 0001:00019290       ?getArgumentTypes@UnDecorator@@CA?AVDName@@XZ 0041a290 f   LIBCMTD:undname.obj
 0001:000193f0       ?getArgumentList@UnDecorator@@CA?AVDName@@XZ 0041a3f0 f   LIBCMTD:undname.obj
 0001:00019540       ?getThrowTypes@UnDecorator@@CA?AVDName@@XZ 0041a540 f   LIBCMTD:undname.obj
 0001:000195f0       ?getBasicDataType@UnDecorator@@CA?AVDName@@ABV2@@Z 0041a5f0 f   LIBCMTD:undname.obj
 0001:00019ba0       ?getECSUDataType@UnDecorator@@CA?AVDName@@XZ 0041aba0 f   LIBCMTD:undname.obj
 0001:00019d70       ?getECSUName@UnDecorator@@CA?AVDName@@XZ 0041ad70 f i LIBCMTD:undname.obj
 0001:00019d90       ?getEnumType@UnDecorator@@CA?AVDName@@XZ 0041ad90 f i LIBCMTD:undname.obj
 0001:00019ee0       ?getFunctionIndirectType@UnDecorator@@CA?AVDName@@ABV2@@Z 0041aee0 f   LIBCMTD:undname.obj
 0001:0001a320       ?getPtrRefType@UnDecorator@@CA?AVDName@@ABV2@0D@Z 0041b320 f   LIBCMTD:undname.obj
 0001:0001a480       ?getExtendedDataIndirectType@UnDecorator@@CA?AVDName@@AADAA_NH@Z 0041b480 f   LIBCMTD:undname.obj
 0001:0001a690       ?getDataIndirectType@UnDecorator@@CA?AVDName@@ABV2@D0H@Z 0041b690 f   LIBCMTD:undname.obj
 0001:0001ad90       ?getPtrRefDataType@UnDecorator@@CA?AVDName@@ABV2@H@Z 0041bd90 f i LIBCMTD:undname.obj
 0001:0001aed0       ?getArrayType@UnDecorator@@CA?AVDName@@ABV2@@Z 0041bed0 f i LIBCMTD:undname.obj
 0001:0001b100       ?getLexicalFrame@UnDecorator@@CA?AVDName@@XZ 0041c100 f i LIBCMTD:undname.obj
 0001:0001b140       ?getThisType@UnDecorator@@CA?AVDName@@XZ 0041c140 f i LIBCMTD:undname.obj
 0001:0001b180       ?getPointerType@UnDecorator@@CA?AVDName@@ABV2@0@Z 0041c180 f i LIBCMTD:undname.obj
 0001:0001b1a0       ?getPointerTypeArray@UnDecorator@@CA?AVDName@@ABV2@0@Z 0041c1a0 f i LIBCMTD:undname.obj
 0001:0001b1c0       ?getReferenceType@UnDecorator@@CA?AVDName@@ABV2@0@Z 0041c1c0 f i LIBCMTD:undname.obj
 0001:0001b1e0       ?getDisplacement@UnDecorator@@CA?AVDName@@XZ 0041c1e0 f i LIBCMTD:undname.obj
 0001:0001b200       ?getCallIndex@UnDecorator@@CA?AVDName@@XZ 0041c200 f i LIBCMTD:undname.obj
 0001:0001b220       ?getGuardNumber@UnDecorator@@CA?AVDName@@XZ 0041c220 f i LIBCMTD:undname.obj
 0001:0001b240       ?getVbTableType@UnDecorator@@CA?AVDName@@ABV2@@Z 0041c240 f i LIBCMTD:undname.obj
 0001:0001b260       ?getVCallThunkType@UnDecorator@@CA?AVDName@@XZ 0041c260 f i LIBCMTD:undname.obj
 0001:0001b2c0       ?getVfTableType@UnDecorator@@CA?AVDName@@ABV2@@Z 0041c2c0 f i LIBCMTD:undname.obj
 0001:0001b480       ?getStorageConvention@UnDecorator@@CA?AVDName@@XZ 0041c480 f i LIBCMTD:undname.obj
 0001:0001b4a0       ?getDataIndirectType@UnDecorator@@CA?AVDName@@XZ 0041c4a0 f i LIBCMTD:undname.obj
 0001:0001b4e0       ?getVdispMapType@UnDecorator@@CA?AVDName@@ABV2@@Z 0041c4e0 f i LIBCMTD:undname.obj
 0001:0001b550       ?getExternalDataType@UnDecorator@@CA?AVDName@@ABV2@@Z 0041c550 f i LIBCMTD:undname.obj
 0001:0001b5e0       ?doMSKeywords@UnDecorator@@SAHXZ 0041c5e0 f i LIBCMTD:undname.obj
 0001:0001b600       ?doPtr64@UnDecorator@@SAHXZ 0041c600 f i LIBCMTD:undname.obj
 0001:0001b620       ?doFunctionReturns@UnDecorator@@SAHXZ 0041c620 f i LIBCMTD:undname.obj
 0001:0001b640       ?doAllocationModel@UnDecorator@@SAHXZ 0041c640 f i LIBCMTD:undname.obj
 0001:0001b660       ?doAllocationLanguage@UnDecorator@@SAHXZ 0041c660 f i LIBCMTD:undname.obj
 0001:0001b680       ?doThisTypes@UnDecorator@@SAHXZ 0041c680 f i LIBCMTD:undname.obj
 0001:0001b6a0       ?doAccessSpecifiers@UnDecorator@@SAHXZ 0041c6a0 f i LIBCMTD:undname.obj
 0001:0001b6c0       ?doThrowTypes@UnDecorator@@SAHXZ 0041c6c0 f i LIBCMTD:undname.obj
 0001:0001b6e0       ?doMemberTypes@UnDecorator@@SAHXZ 0041c6e0 f i LIBCMTD:undname.obj
 0001:0001b700       ?doNameOnly@UnDecorator@@SAHXZ 0041c700 f i LIBCMTD:undname.obj
 0001:0001b720       ?doTypeOnly@UnDecorator@@SAHXZ 0041c720 f i LIBCMTD:undname.obj
 0001:0001b740       ?haveTemplateParameters@UnDecorator@@SAHXZ 0041c740 f i LIBCMTD:undname.obj
 0001:0001b760       ?doEcsu@UnDecorator@@SAHXZ 0041c760 f i LIBCMTD:undname.obj
 0001:0001b780       ?doEllipsis@UnDecorator@@SAHXZ 0041c780 f i LIBCMTD:undname.obj
 0001:0001b7a0       ?UScore@UnDecorator@@SAPBDW4Tokens@@@Z 0041c7a0 f   LIBCMTD:undname.obj
 0001:0001b7d0       ?doUnderScore@UnDecorator@@SAHXZ 0041c7d0 f i LIBCMTD:undname.obj
 0001:0001b7f0       ??2@YAPAXIAAVHeapManager@@H@Z 0041c7f0 f i LIBCMTD:undname.obj
 0001:0001b810       ?getMemory@HeapManager@@QAEPAXIH@Z 0041c810 f   LIBCMTD:undname.obj
 0001:0001b920       ??0Block@HeapManager@@QAE@XZ 0041c920 f i LIBCMTD:undname.obj
 0001:0001b940       ??H@YA?AVDName@@DABV0@@Z   0041c940 f i LIBCMTD:undname.obj
 0001:0001b970       ??H@YA?AVDName@@W4DNameStatus@@ABV0@@Z 0041c970 f i LIBCMTD:undname.obj
 0001:0001b9a0       ??H@YA?AVDName@@PBDABV0@@Z 0041c9a0 f i LIBCMTD:undname.obj
 0001:0001b9d0       ??0DName@@QAE@XZ           0041c9d0 f i LIBCMTD:undname.obj
 0001:0001ba90       ??0DName@@QAE@D@Z          0041ca90 f   LIBCMTD:undname.obj
 0001:0001bb70       ??0DName@@QAE@ABV0@@Z      0041cb70 f i LIBCMTD:undname.obj
 0001:0001bba0       ??0DName@@QAE@PAV0@@Z      0041cba0 f   LIBCMTD:undname.obj
 0001:0001bcd0       ??0DName@@QAE@PBD@Z        0041ccd0 f   LIBCMTD:undname.obj
 0001:0001bdb0       ??0DName@@QAE@AAPBDD@Z     0041cdb0 f   LIBCMTD:undname.obj
 0001:0001c070       ?doNoIdentCharCheck@UnDecorator@@SAHXZ 0041d070 f i LIBCMTD:undname.obj
 0001:0001c090       ??0DName@@QAE@_K@Z         0041d090 f   LIBCMTD:undname.obj
 0001:0001c1d0       ??0DName@@QAE@_J@Z         0041d1d0 f   LIBCMTD:undname.obj
 0001:0001c350       ??0DName@@QAE@W4DNameStatus@@@Z 0041d350 f   LIBCMTD:undname.obj
 0001:0001c470       ?isValid@DName@@QBEHXZ     0041d470 f i LIBCMTD:undname.obj
 0001:0001c4a0       ?isEmpty@DName@@QBEHXZ     0041d4a0 f i LIBCMTD:undname.obj
 0001:0001c4c0       ?status@DName@@QBE?AW4DNameStatus@@XZ 0041d4c0 f i LIBCMTD:undname.obj
 0001:0001c4e0       ?setPtrRef@DName@@QAEAAV1@XZ 0041d4e0 f i LIBCMTD:undname.obj
 0001:0001c510       ?isPtrRef@DName@@QBEHXZ    0041d510 f i LIBCMTD:undname.obj
 0001:0001c530       ?isUDC@DName@@QBEHXZ       0041d530 f i LIBCMTD:undname.obj
 0001:0001c570       ?setIsUDC@DName@@QAEXXZ    0041d570 f i LIBCMTD:undname.obj
 0001:0001c5a0       ?isUDTThunk@DName@@QBEHXZ  0041d5a0 f i LIBCMTD:undname.obj
 0001:0001c5e0       ?setIsArray@DName@@QAEXXZ  0041d5e0 f i LIBCMTD:undname.obj
 0001:0001c600       ?isArray@DName@@QBEHXZ     0041d600 f i LIBCMTD:undname.obj
 0001:0001c620       ?isNoTE@DName@@QBEHXZ      0041d620 f i LIBCMTD:undname.obj
 0001:0001c640       ?setIsNoTE@DName@@QAEXXZ   0041d640 f i LIBCMTD:undname.obj
 0001:0001c660       ?isPinPtr@DName@@QBEHXZ    0041d660 f i LIBCMTD:undname.obj
 0001:0001c680       ?setIsPinPtr@DName@@QAEXXZ 0041d680 f i LIBCMTD:undname.obj
 0001:0001c6a0       ?isComArray@DName@@QBEHXZ  0041d6a0 f i LIBCMTD:undname.obj
 0001:0001c6c0       ?setIsComArray@DName@@QAEXXZ 0041d6c0 f i LIBCMTD:undname.obj
 0001:0001c6e0       ?isVCallThunk@DName@@QBEHXZ 0041d6e0 f i LIBCMTD:undname.obj
 0001:0001c700       ?setIsVCallThunk@DName@@QAEXXZ 0041d700 f i LIBCMTD:undname.obj
 0001:0001c720       ?length@DName@@QBEHXZ      0041d720 f i LIBCMTD:undname.obj
 0001:0001c750       ?getLastChar@DName@@QBEDXZ 0041d750 f i LIBCMTD:undname.obj
 0001:0001c780       ?getString@DName@@QBEPADPADH@Z 0041d780 f i LIBCMTD:undname.obj
 0001:0001c810       ?getString@DName@@QBEPADPAD0@Z 0041d810 f i LIBCMTD:undname.obj
 0001:0001c850       ??HDName@@QBE?AV0@D@Z      0041d850 f   LIBCMTD:undname.obj
 0001:0001c890       ??HDName@@QBE?AV0@PBD@Z    0041d890 f   LIBCMTD:undname.obj
 0001:0001c8d0       ??HDName@@QBE?AV0@ABV0@@Z  0041d8d0 f   LIBCMTD:undname.obj
 0001:0001c910       ??HDName@@QBE?AV0@PAV0@@Z  0041d910 f   LIBCMTD:undname.obj
 0001:0001c950       ??HDName@@QBE?AV0@W4DNameStatus@@@Z 0041d950 f   LIBCMTD:undname.obj
 0001:0001c990       ?append@DName@@AAEXPAVDNameNode@@@Z 0041d990 f   LIBCMTD:undname.obj
 0001:0001ca20       ??YDName@@QAEAAV0@D@Z      0041da20 f   LIBCMTD:undname.obj
 0001:0001cab0       ??YDName@@QAEAAV0@PBD@Z    0041dab0 f   LIBCMTD:undname.obj
 0001:0001cb50       ??YDName@@QAEAAV0@ABV0@@Z  0041db50 f   LIBCMTD:undname.obj
 0001:0001cbc0       ??YDName@@QAEAAV0@PAV0@@Z  0041dbc0 f   LIBCMTD:undname.obj
 0001:0001cc80       ??YDName@@QAEAAV0@W4DNameStatus@@@Z 0041dc80 f   LIBCMTD:undname.obj
 0001:0001ccf0       ??_5DName@@QAEAAV0@ABV0@@Z 0041dcf0 f   LIBCMTD:undname.obj
 0001:0001cd50       ??4DName@@QAEAAV0@D@Z      0041dd50 f i LIBCMTD:undname.obj
 0001:0001ce30       ??4DName@@QAEAAV0@PBD@Z    0041de30 f   LIBCMTD:undname.obj
 0001:0001cf10       ??4DName@@QAEAAV0@ABV0@@Z  0041df10 f   LIBCMTD:undname.obj
 0001:0001cf50       ??4DName@@QAEAAV0@PAV0@@Z  0041df50 f   LIBCMTD:undname.obj
 0001:0001d090       ??4DName@@QAEAAV0@W4DNameStatus@@@Z 0041e090 f   LIBCMTD:undname.obj
 0001:0001d190       ?doPchar@DName@@AAEXPBDH@Z 0041e190 f   LIBCMTD:undname.obj
 0001:0001d2d0       ?isFull@Replicator@@QBEHXZ 0041e2d0 f i LIBCMTD:undname.obj
 0001:0001d2f0       ??0Replicator@@QAE@XZ      0041e2f0 f i LIBCMTD:undname.obj
 0001:0001d310       ??YReplicator@@QAEAAV0@ABVDName@@@Z 0041e310 f   LIBCMTD:undname.obj
 0001:0001d3a0       ??AReplicator@@QBE?AVDName@@H@Z 0041e3a0 f   LIBCMTD:undname.obj
 0001:0001d410       ??0DNameNode@@IAE@XZ       0041e410 f   LIBCMTD:undname.obj
 0001:0001d430       ??0charNode@@QAE@D@Z       0041e430 f   LIBCMTD:undname.obj
 0001:0001d460       ?length@charNode@@UBEHXZ   0041e460 f i LIBCMTD:undname.obj
 0001:0001d480       ?getLastChar@charNode@@UBEDXZ 0041e480 f i LIBCMTD:undname.obj
 0001:0001d4a0       ?getString@charNode@@UBEPADPAD0@Z 0041e4a0 f i LIBCMTD:undname.obj
 0001:0001d4d0       ??0pcharNode@@QAE@PBDH@Z   0041e4d0 f   LIBCMTD:undname.obj
 0001:0001d560       ?length@pcharNode@@UBEHXZ  0041e560 f i LIBCMTD:undname.obj
 0001:0001d580       ?getLastChar@pcharNode@@UBEDXZ 0041e580 f i LIBCMTD:undname.obj
 0001:0001d5c0       ?getString@pcharNode@@UBEPADPAD0@Z 0041e5c0 f i LIBCMTD:undname.obj
 0001:0001d5f0       ?getStringHelper@@YAPADPAD00H@Z 0041e5f0 f i LIBCMTD:undname.obj
 0001:0001d630       ??0pDNameNode@@QAE@PAVDName@@@Z 0041e630 f   LIBCMTD:undname.obj
 0001:0001d690       ?length@pDNameNode@@UBEHXZ 0041e690 f i LIBCMTD:undname.obj
 0001:0001d6d0       ?getLastChar@pDNameNode@@UBEDXZ 0041e6d0 f i LIBCMTD:undname.obj
 0001:0001d700       ?getString@pDNameNode@@UBEPADPAD0@Z 0041e700 f i LIBCMTD:undname.obj
 0001:0001d740       ??0DNameStatusNode@@AAE@W4DNameStatus@@@Z 0041e740 f   LIBCMTD:undname.obj
 0001:0001d790       ?length@DNameStatusNode@@UBEHXZ 0041e790 f i LIBCMTD:undname.obj
 0001:0001d7b0       ?getLastChar@DNameStatusNode@@UBEDXZ 0041e7b0 f i LIBCMTD:undname.obj
 0001:0001d7d0       ?getString@DNameStatusNode@@UBEPADPAD0@Z 0041e7d0 f i LIBCMTD:undname.obj
 0001:0001d810       ?make@DNameStatusNode@@SAPAV1@W4DNameStatus@@@Z 0041e810 f i LIBCMTD:undname.obj
 0001:0001d8c0       ??0pairNode@@QAE@PAVDNameNode@@0@Z 0041e8c0 f   LIBCMTD:undname.obj
 0001:0001d900       ?length@pairNode@@UBEHXZ   0041e900 f i LIBCMTD:undname.obj
 0001:0001d950       ?getLastChar@pairNode@@UBEDXZ 0041e950 f i LIBCMTD:undname.obj
 0001:0001d9a0       ?getString@pairNode@@UBEPADPAD0@Z 0041e9a0 f i LIBCMTD:undname.obj
 0001:0001dae0       _V6_HeapAlloc              0041eae0 f   LIBCMTD:malloc.obj
 0001:0001db80       __malloc_base              0041eb80 f   LIBCMTD:malloc.obj
 0001:0001dc10       __heap_alloc_base          0041ec10 f i LIBCMTD:malloc.obj
 0001:0001dcd0       __free_base                0041ecd0 f   LIBCMTD:free.obj
 0001:0001ddf4       __local_unwind4            0041edf4 f   LIBCMTD:exsup4.obj
 0001:0001deca       __seh_longjmp_unwind4@4    0041eeca f   LIBCMTD:exsup4.obj
 0001:0001dee6       @_EH4_CallFilterFunc@8     0041eee6 f   LIBCMTD:exsup4.obj
 0001:0001defd       @_EH4_TransferToHandler@8  0041eefd f   LIBCMTD:exsup4.obj
 0001:0001df16       @_EH4_GlobalUnwind@4       0041ef16 f   LIBCMTD:exsup4.obj
 0001:0001df30       @_EH4_LocalUnwind@16       0041ef30 f   LIBCMTD:exsup4.obj
 0001:0001df50       _memset                    0041ef50 f   LIBCMTD:memset.obj
 0001:0001dfd0       __set_error_mode           0041efd0 f   LIBCMTD:errmode.obj
 0001:0001e090       ___set_app_type            0041f090 f   LIBCMTD:errmode.obj
 0001:0001e0a0       ___get_app_type            0041f0a0 f   LIBCMTD:errmode.obj
 0001:0001e0b0       ___crtMessageBoxA          0041f0b0 f   LIBCMTD:crtmbox.obj
 0001:0001e2d0       _strcat_s                  0041f2d0 f   LIBCMTD:strcat_s.obj
 0001:0001e6b0       _strncpy_s                 0041f6b0 f   LIBCMTD:strncpy_s.obj
 0001:0001eaa0       __isalpha_l                0041faa0 f i LIBCMTD:_ctype.obj
 0001:0001eb30       _isalpha                   0041fb30 f i LIBCMTD:_ctype.obj
 0001:0001eb70       __isupper_l                0041fb70 f i LIBCMTD:_ctype.obj
 0001:0001ebf0       _isupper                   0041fbf0 f i LIBCMTD:_ctype.obj
 0001:0001ec20       __islower_l                0041fc20 f i LIBCMTD:_ctype.obj
 0001:0001eca0       _islower                   0041fca0 f i LIBCMTD:_ctype.obj
 0001:0001ecd0       __isdigit_l                0041fcd0 f i LIBCMTD:_ctype.obj
 0001:0001ed50       _isdigit                   0041fd50 f i LIBCMTD:_ctype.obj
 0001:0001ed80       __isxdigit_l               0041fd80 f i LIBCMTD:_ctype.obj
 0001:0001ee10       _isxdigit                  0041fe10 f i LIBCMTD:_ctype.obj
 0001:0001ee50       __isspace_l                0041fe50 f i LIBCMTD:_ctype.obj
 0001:0001eed0       _isspace                   0041fed0 f i LIBCMTD:_ctype.obj
 0001:0001ef00       __ispunct_l                0041ff00 f i LIBCMTD:_ctype.obj
 0001:0001ef80       _ispunct                   0041ff80 f i LIBCMTD:_ctype.obj
 0001:0001efb0       __isalnum_l                0041ffb0 f i LIBCMTD:_ctype.obj
 0001:0001f040       _isalnum                   00420040 f i LIBCMTD:_ctype.obj
 0001:0001f080       __isprint_l                00420080 f i LIBCMTD:_ctype.obj
 0001:0001f110       _isprint                   00420110 f i LIBCMTD:_ctype.obj
 0001:0001f150       __isgraph_l                00420150 f i LIBCMTD:_ctype.obj
 0001:0001f1e0       _isgraph                   004201e0 f i LIBCMTD:_ctype.obj
 0001:0001f220       __iscntrl_l                00420220 f i LIBCMTD:_ctype.obj
 0001:0001f2a0       _iscntrl                   004202a0 f i LIBCMTD:_ctype.obj
 0001:0001f2d0       ___isascii                 004202d0 f i LIBCMTD:_ctype.obj
 0001:0001f2f0       ___toascii                 004202f0 f i LIBCMTD:_ctype.obj
 0001:0001f300       __iscsymf_l                00420300 f i LIBCMTD:_ctype.obj
 0001:0001f340       ___iscsymf                 00420340 f i LIBCMTD:_ctype.obj
 0001:0001f380       __iscsym_l                 00420380 f i LIBCMTD:_ctype.obj
 0001:0001f3c0       ___iscsym                  004203c0 f i LIBCMTD:_ctype.obj
 0001:0001f400       ___crtGetLocaleInfoW       00420400 f   LIBCMTD:w_loc.obj
 0001:0001f470       ___crtGetLocaleInfoA       00420470 f   LIBCMTD:a_loc.obj
 0001:0001f650       __MarkAllocaS              00420650 f i LIBCMTD:a_loc.obj
 0001:0001f680       __freea                    00420680 f i LIBCMTD:a_loc.obj
 0001:0001f6f0       ?_ValidateRead@@YAHPBXI@Z  004206f0 f   LIBCMTD:validate.obj
 0001:0001f720       ?_ValidateWrite@@YAHPAXI@Z 00420720 f   LIBCMTD:validate.obj
 0001:0001f750       ?_ValidateExecute@@YAHP6GHXZ@Z 00420750 f   LIBCMTD:validate.obj
 0001:0001f780       _memmove                   00420780 f   LIBCMTD:memmove.obj
 0001:0001fae8       __global_unwind2           00420ae8 f   LIBCMTD:exsup.obj
 0001:0001fb4d       __local_unwind2            00420b4d f   LIBCMTD:exsup.obj
 0001:0001fbd1       __abnormal_termination     00420bd1 f   LIBCMTD:exsup.obj
 0001:0001fbf4       __NLG_Notify1              00420bf4 f   LIBCMTD:exsup.obj
 0001:0001fbfd       __NLG_Notify               00420bfd f   LIBCMTD:exsup.obj
 0001:0001fc14       __NLG_Dispatch             00420c14     LIBCMTD:exsup.obj
 0001:0001fc14       __NLG_Dispatch2            00420c14     LIBCMTD:exsup.obj
 0001:0001fc1c       __NLG_Call                 00420c1c f   LIBCMTD:exsup.obj
 0001:0001fc1e       __NLG_Return2              00420c1e     LIBCMTD:exsup.obj
 0001:0001fc20       __CrtDefaultAllocHook      00420c20 f   LIBCMTD:dbghook.obj
 0001:0001fc30       __crt_debugger_hook        00420c30 f   LIBCMTD:dbghook.obj
 0001:0001fc50       __initp_misc_initcrit      00420c50 f   LIBCMTD:initcrit.obj
 0001:0001fc60       ___crtInitCritSecAndSpinCount 00420c60 f   LIBCMTD:initcrit.obj
 0001:0001fd10       __expand_base              00420d10 f   LIBCMTD:expand.obj
 0001:00020000       __realloc_base             00421000 f   LIBCMTD:realloc.obj
 0001:000203a0       __heapchk                  004213a0 f   LIBCMTD:heapchk.obj
 0001:00020470       __heapset                  00421470 f   LIBCMTD:heapchk.obj
 0001:00020480       __get_sbh_threshold        00421480 f   LIBCMTD:sbheap.obj
 0001:000204d0       __set_sbh_threshold        004214d0 f   LIBCMTD:sbheap.obj
 0001:00020660       __set_amblksiz             00421660 f   LIBCMTD:sbheap.obj
 0001:00020770       __get_amblksiz             00421770 f   LIBCMTD:sbheap.obj
 0001:00020860       ___sbh_heap_init           00421860 f   LIBCMTD:sbheap.obj
 0001:000208d0       ___sbh_find_block          004218d0 f   LIBCMTD:sbheap.obj
 0001:00020930       ___sbh_verify_block        00421930 f   LIBCMTD:sbheap.obj
 0001:00020990       ___sbh_free_block          00421990 f   LIBCMTD:sbheap.obj
 0001:00020f60       ___sbh_alloc_block         00421f60 f   LIBCMTD:sbheap.obj
 0001:00021480       ___sbh_alloc_new_region    00422480 f   LIBCMTD:sbheap.obj
 0001:00021590       ___sbh_alloc_new_group     00422590 f   LIBCMTD:sbheap.obj
 0001:00021780       ___sbh_resize_block        00422780 f   LIBCMTD:sbheap.obj
 0001:00021d50       ___sbh_heapmin             00422d50 f   LIBCMTD:sbheap.obj
 0001:00021e80       ___sbh_heap_check          00422e80 f   LIBCMTD:sbheap.obj
 0001:00022370       _sprintf                   00423370 f   LIBCMTD:sprintf.obj
 0001:000224f0       __sprintf_l                004234f0 f   LIBCMTD:sprintf.obj
 0001:00022520       _sprintf_s                 00423520 f   LIBCMTD:sprintf.obj
 0001:00022550       __sprintf_s_l              00423550 f   LIBCMTD:sprintf.obj
 0001:00022580       __snprintf_s               00423580 f   LIBCMTD:sprintf.obj
 0001:000225b0       __snprintf_s_l             004235b0 f   LIBCMTD:sprintf.obj
 0001:000225e0       __sprintf_p                004235e0 f   LIBCMTD:sprintf.obj
 0001:00022610       __sprintf_p_l              00423610 f   LIBCMTD:sprintf.obj
 0001:00022640       __scprintf                 00423640 f   LIBCMTD:sprintf.obj
 0001:00022660       __scprintf_p               00423660 f   LIBCMTD:sprintf.obj
 0001:00022680       __scprintf_l               00423680 f   LIBCMTD:sprintf.obj
 0001:000226b0       __scprintf_p_l             004236b0 f   LIBCMTD:sprintf.obj
 0001:000226e0       __chvalidator              004236e0 f   LIBCMTD:isctype.obj
 0001:00022730       __chvalidator_l            00423730 f   LIBCMTD:isctype.obj
 0001:000227e0       __isctype_l                004237e0 f   LIBCMTD:isctype.obj
 0001:00022900       __isctype                  00423900 f   LIBCMTD:isctype.obj
 0001:00022940       _memcpy                    00423940 f   LIBCMTD:memcpy.obj
 0001:00022cb0       __mbstowcs_l_helper        00423cb0 f   LIBCMTD:mbstowcs.obj
 0001:00023000       __mbstowcs_l               00424000 f   LIBCMTD:mbstowcs.obj
 0001:00023020       _mbstowcs                  00424020 f   LIBCMTD:mbstowcs.obj
 0001:00023070       __mbstowcs_s_l             00424070 f   LIBCMTD:mbstowcs.obj
 0001:000233f0       _mbstowcs_s                004243f0 f   LIBCMTD:mbstowcs.obj
 0001:00023420       __vsnprintf_helper         00424420 f   LIBCMTD:vsnprnc.obj
 0001:000235f0       __vsnprintf_c              004245f0 f   LIBCMTD:vsnprnc.obj
 0001:00023640       __vsnprintf_c_l            00424640 f   LIBCMTD:vsnprnc.obj
 0001:00023690       __vsprintf_s_l             00424690 f   LIBCMTD:vsnprnc.obj
 0001:00023900       _vsprintf_s                00424900 f   LIBCMTD:vsnprnc.obj
 0001:00023930       __vsnprintf_s_l            00424930 f   LIBCMTD:vsnprnc.obj
 0001:00023cd0       __vsnprintf_s              00424cd0 f   LIBCMTD:vsnprnc.obj
 0001:00023d00       __vsprintf_p               00424d00 f   LIBCMTD:vsnprnc.obj
 0001:00023d50       __vsprintf_p_l             00424d50 f   LIBCMTD:vsnprnc.obj
 0001:00023da0       __itoa_s                   00424da0 f   LIBCMTD:xtoas.obj
 0001:00024170       __ltoa_s                   00425170 f   LIBCMTD:xtoas.obj
 0001:000241b0       __ultoa_s                  004251b0 f   LIBCMTD:xtoas.obj
 0001:000241d0       __i64toa_s                 004251d0 f   LIBCMTD:xtoas.obj
 0001:000245d0       __ui64toa_s                004255d0 f   LIBCMTD:xtoas.obj
 0001:000245f0       __wcstombs_l_helper        004255f0 f   LIBCMTD:wcstombs.obj
 0001:00024ae0       __wcstombs_l               00425ae0 f   LIBCMTD:wcstombs.obj
 0001:00024b00       _wcstombs                  00425b00 f   LIBCMTD:wcstombs.obj
 0001:00024b20       __wcstombs_s_l             00425b20 f   LIBCMTD:wcstombs.obj
 0001:00024e50       _wcstombs_s                00425e50 f   LIBCMTD:wcstombs.obj
 0001:00024e80       _wcscat_s                  00425e80 f   LIBCMTD:wcscat_s.obj
 0001:00025270       __vswprintf_helper         00426270 f   LIBCMTD:vswprnc.obj
 0001:000254a0       __vswprintf_c              004264a0 f   LIBCMTD:vswprnc.obj
 0001:000254f0       __vswprintf_c_l            004264f0 f   LIBCMTD:vswprnc.obj
 0001:00025540       __vswprintf_s_l            00426540 f   LIBCMTD:vswprnc.obj
 0001:000257b0       _vswprintf_s               004267b0 f   LIBCMTD:vswprnc.obj
 0001:000257e0       __vsnwprintf_s_l           004267e0 f   LIBCMTD:vswprnc.obj
 0001:00025b90       __vsnwprintf_s             00426b90 f   LIBCMTD:vswprnc.obj
 0001:00025bc0       __vswprintf_p              00426bc0 f   LIBCMTD:vswprnc.obj
 0001:00025c10       __vswprintf_p_l            00426c10 f   LIBCMTD:vswprnc.obj
 0001:00025c60       __itow_s                   00426c60 f   LIBCMTD:xtows.obj
 0001:00026040       __ltow_s                   00427040 f   LIBCMTD:xtows.obj
 0001:00026080       __ultow_s                  00427080 f   LIBCMTD:xtows.obj
 0001:000260a0       __i64tow_s                 004270a0 f   LIBCMTD:xtows.obj
 0001:000264c0       __ui64tow_s                004274c0 f   LIBCMTD:xtows.obj
 0001:000264e0       __ValidateImageBase        004274e0 f   LIBCMTD:pesect.obj
 0001:00026540       __FindPESection            00427540 f   LIBCMTD:pesect.obj
 0001:000265c0       __IsNonwritableInCurrentImage 004275c0 f   LIBCMTD:pesect.obj
 0001:000266e0       __initp_misc_cfltcvt_tab   004276e0 f   LIBCMTD:cmiscdat.obj
 0001:00026730       __initp_misc_rand_s        00427730 f   LIBCMTD:rand_s.obj
 0001:00026740       _rand_s                    00427740 f   LIBCMTD:rand_s.obj
 0001:00026960       __flsbuf                   00427960 f   LIBCMTD:_flsbuf.obj
 0001:00026c20       __woutput_l                00427c20 f   LIBCMTD:woutput.obj
 0001:00027df0       _get_int_arg               00428df0 f i LIBCMTD:woutput.obj
 0001:00027e10       _get_int64_arg             00428e10 f i LIBCMTD:woutput.obj
 0001:00027e30       __vswprintf_l              00428e30 f   LIBCMTD:vswprint.obj
 0001:00028000       __vswprintf                00429000 f   LIBCMTD:vswprint.obj
 0001:00028020       ___vswprintf_l             00429020 f   LIBCMTD:vswprint.obj
 0001:00028040       __vscwprintf_helper        00429040 f   LIBCMTD:vswprint.obj
 0001:00028100       __vscwprintf               00429100 f   LIBCMTD:vswprint.obj
 0001:00028120       __vscwprintf_l             00429120 f   LIBCMTD:vswprint.obj
 0001:00028140       __vscwprintf_p             00429140 f   LIBCMTD:vswprint.obj
 0001:00028160       __vscwprintf_p_l           00429160 f   LIBCMTD:vswprint.obj
 0001:00028180       ___crtLCMapStringA         00429180 f   LIBCMTD:a_map.obj
 0001:00028730       ___crtGetStringTypeA       00429730 f   LIBCMTD:a_str.obj
 0001:000289c0       ___pwctype_func            004299c0 f   LIBCMTD:ctype.obj
 0001:000289d0       ___pctype_func             004299d0 f   LIBCMTD:ctype.obj
 0001:00028a20       ___init_time               00429a20 f   LIBCMTD:inittime.obj
 0001:00029140       ___free_lc_time            0042a140 f   LIBCMTD:inittime.obj
 0001:00029450       ___init_numeric            0042a450 f   LIBCMTD:initnum.obj
 0001:000297b0       ___free_lconv_num          0042a7b0 f   LIBCMTD:initnum.obj
 0001:00029820       ___init_monetary           0042a820 f   LIBCMTD:initmon.obj
 0001:00029d20       ___free_lconv_mon          0042ad20 f   LIBCMTD:initmon.obj
 0001:00029e10       ___init_ctype              0042ae10 f   LIBCMTD:initctyp.obj
 0001:0002a3c0       ____mb_cur_max_func        0042b3c0 f   LIBCMTD:initctyp.obj
 0001:0002a410       ____mb_cur_max_l_func      0042b410 f   LIBCMTD:initctyp.obj
 0001:0002a440       ____lc_codepage_func       0042b440 f   LIBCMTD:initctyp.obj
 0001:0002a490       ____lc_collate_cp_func     0042b490 f   LIBCMTD:initctyp.obj
 0001:0002a4e0       ____lc_handle_func         0042b4e0 f   LIBCMTD:initctyp.obj
 0001:0002a530       ___init_collate            0042b530 f   LIBCMTD:initcoll.obj
 0001:0002a540       __Getdays_l                0042b540 f   LIBCMTD:strftime.obj
 0001:0002a700       __Getdays                  0042b700 f   LIBCMTD:strftime.obj
 0001:0002a720       __Getmonths_l              0042b720 f   LIBCMTD:strftime.obj
 0001:0002a8e0       __Getmonths                0042b8e0 f   LIBCMTD:strftime.obj
 0001:0002a900       __Gettnames_l              0042b900 f   LIBCMTD:strftime.obj
 0001:0002ae70       __Gettnames                0042be70 f   LIBCMTD:strftime.obj
 0001:0002ae90       __strftime_l               0042be90 f   LIBCMTD:strftime.obj
 0001:0002aec0       _strftime                  0042bec0 f   LIBCMTD:strftime.obj
 0001:0002aef0       __Strftime                 0042bef0 f   LIBCMTD:strftime.obj
 0001:0002af20       __Strftime_l               0042bf20 f   LIBCMTD:strftime.obj
 0001:0002cd30       _localeconv                0042dd30 f   LIBCMTD:lconv.obj
[...]
 0003:000011a0       ?_pnhHeap@@3P6AHI@ZA       004581a0     LIBCMTD:handler.obj
 0003:000011a4       ?wsprintffp@@3P6AHPADPBDZZA 004581a4     LIBCMTD:_error_.obj
 0003:000014cc       _gpFlsAlloc                004584cc     LIBCMTD:tidtable.obj
 0003:000014d0       _gpFlsGetValue             004584d0     LIBCMTD:tidtable.obj
 0003:000014d4       _gpFlsSetValue             004584d4     LIBCMTD:tidtable.obj
 0003:000014d8       _gpFlsFree                 004584d8     LIBCMTD:tidtable.obj
 0003:000014e4       ___pPurecall               004584e4     LIBCMTD:inithelp.obj
 0003:000014e8       ?__pInconsistency@@3P6AXXZA 004584e8     LIBCMTD:hooks.obj
 0003:00001994       ?_pfnDumpClient@@3P6AXPAXI@ZA 00458994     LIBCMTD:dbgheap.obj
 0003:0000199c       ___crtDebugCheckCount      0045899c     LIBCMTD:dbgheap.obj
 0003:000019a4       ___pInvalidArgHandler      004589a4     LIBCMTD:invarg.obj
 0003:000019a8       __umaskval                 004589a8     LIBCMTD:crt0dat.obj
 0003:000019ac       ___argc                    004589ac     LIBCMTD:crt0dat.obj
 0003:000019b0       ___argv                    004589b0     LIBCMTD:crt0dat.obj
 0003:000019b4       ___wargv                   004589b4     LIBCMTD:crt0dat.obj
 0003:000019b8       __environ                  004589b8     LIBCMTD:crt0dat.obj
 0003:000019bc       ___initenv                 004589bc     LIBCMTD:crt0dat.obj
 0003:000019c0       __wenviron                 004589c0     LIBCMTD:crt0dat.obj
 0003:000019c4       ___winitenv                004589c4     LIBCMTD:crt0dat.obj
 0003:000019c8       __pgmptr                   004589c8     LIBCMTD:crt0dat.obj
 0003:000019cc       __wpgmptr                  004589cc     LIBCMTD:crt0dat.obj
 0003:000019d0       __exitflag                 004589d0     LIBCMTD:crt0dat.obj
 0003:000019d4       __C_Termination_Done       004589d4     LIBCMTD:crt0dat.obj
 0003:000019d8       __C_Exit_Done              004589d8     LIBCMTD:crt0dat.obj
 0003:00001a0c       ___mbulinfo                00458a0c     LIBCMTD:mbctype.obj
 0003:00001a18       ___mbcodepage              00458a18     LIBCMTD:mbctype.obj
 0003:00001a1c       ___ismbcodepage            00458a1c     LIBCMTD:mbctype.obj
 0003:00001a20       ___mblcid                  00458a20     LIBCMTD:mbctype.obj
 0003:00001a24       ___locale_changed          00458a24     LIBCMTD:setlocal.obj
 0003:00001a28       ___lc_handle               00458a28     LIBCMTD:nlsdata2.obj
 0003:00001a40       ___lc_codepage             00458a40     LIBCMTD:nlsdata2.obj
 0003:00001a44       ___lc_collate_cp           00458a44     LIBCMTD:nlsdata2.obj
 0003:00001b54       __crtheap                  00458b54     LIBCMTD:heapinit.obj
 0003:00001b58       __newmode                  00458b58     LIBCMTD:_newmode.obj
 0003:00001b7c       ?pArgList@UnDecorator@@0PAVReplicator@@A 00458b7c     LIBCMTD:undname.obj
 0003:00001b80       ?pZNameList@UnDecorator@@0PAVReplicator@@A 00458b80     LIBCMTD:undname.obj
 0003:00001b84       ?pTemplateArgList@UnDecorator@@0PAVReplicator@@A 00458b84     LIBCMTD:undname.obj
 0003:00001b88       ?gName@UnDecorator@@0PBDB  00458b88     LIBCMTD:undname.obj
 0003:00001b8c       ?name@UnDecorator@@0PBDB   00458b8c     LIBCMTD:undname.obj
 0003:00001b90       ?outputString@UnDecorator@@0PADA 00458b90     LIBCMTD:undname.obj
 0003:00001b94       ?maxStringLength@UnDecorator@@0HA 00458b94     LIBCMTD:undname.obj
 0003:00001b98       ?disableFlags@UnDecorator@@0KA 00458b98     LIBCMTD:undname.obj
 0003:00001b9c       ?m_pGetParameter@UnDecorator@@0P6APADJ@ZA 00458b9c     LIBCMTD:undname.obj
 0003:00001ba0       ?fExplicitTemplateParams@UnDecorator@@0_NA 00458ba0     LIBCMTD:undname.obj
 0003:00001ba1       ?fGetTemplateArgumentList@UnDecorator@@0_NA 00458ba1     LIBCMTD:undname.obj
 0003:00001bf8       ?nodes@?1??make@DNameStatusNode@@SAPAV2@W4DNameStatus@@@Z@4PAV2@A 00458bf8     LIBCMTD:undname.obj
 0003:00001c28       ??_B?1??make@DNameStatusNode@@SAPAV1@W4DNameStatus@@@Z@51 00458c28     LIBCMTD:undname.obj
 0003:00001c50       ___sbh_pHeaderDefer        00458c50     LIBCMTD:sbheap.obj
 0003:00001c60       ___lconv_static_null       00458c60     LIBCMTD:lconv.obj
 0003:00001c64       __cflush                   00458c64     LIBCMTD:_file.obj
 0003:00001d28       __stdbuf                   00458d28     LIBCMTD:_sftbuf.obj
 0003:00001d34       ___piob                    00458d34     <common>
 0003:00001d40       __bufin                    00458d40     <common>
 0003:00002d40       __nstream                  00459d40     <common>
 0003:00002d44       ___sse2_available          00459d44     <common>
 0003:00002d48       ___sbh_initialized         00459d48     <common>
 0003:00002d4c       ___sbh_cntHeaderList       00459d4c     <common>
 0003:00002d50       ___sbh_pHeaderList         00459d50     <common>
 0003:00002d54       ___sbh_threshold           00459d54     <common>
 0003:00002d58       ___sbh_pHeaderScan         00459d58     <common>
 0003:00002d5c       ___sbh_sizeHeaderList      00459d5c     <common>
 0003:00002d60       ___sbh_indGroupDefer       00459d60     <common>
 0003:00002d64       __debugger_hook_dummy      00459d64     <common>
 0003:00002d68       ___active_heap             00459d68     <common>
 0003:00002d6c       __nhandle                  00459d6c     <common>
 0003:00002d80       ___pioinfo                 00459d80     <common>
 0003:00002e80       ___setlc_active            00459e80     <common>
 0003:00002e84       ___unguarded_readlc_active 00459e84     <common>
 0003:00002e88       ___env_initialized         00459e88     <common>
 0003:00002e8c       ___onexitend               00459e8c     <common>
 0003:00002e90       ___onexitbegin             00459e90     <common>
 0003:00002e94       ___mbctype_initialized     00459e94     <common>
 0003:00002e98       __FPinit                   00459e98     <common>
 0003:00002e9c       ___dyn_tls_init_callback   00459e9c     <common>
 0003:00002ea0       __pfnReportHook            00459ea0     <common>
 0003:00002ea4       __pReportHookListW         00459ea4     <common>
 0003:00002ea8       __pReportHookList          00459ea8     <common>
 0003:00002eac       __acmdln                   00459eac     <common>

 entry point at        0001:000034b0

 Static symbols

 0001:000024a0       ?CatchGuardHandler@@YA?AW4_EXCEPTION_DISPOSITION@@PAUEHExceptionRecord@@PAUCatchGuardRN@@PAX2@Z 004034a0 f   LIBCMTD:_trnsctrl_.obj
 0001:000025e0       ?TranslatorGuardHandler@@YA?AW4_EXCEPTION_DISPOSITION@@PAUEHExceptionRecord@@PAUTranslatorGuardRN@@PAX2@Z 004035e0 f   LIBCMTD:_trnsctrl_.obj
 0001:000034d0       ___tmainCRTStartup         004044d0 f   LIBCMTD:wincrt0.obj
 0001:000036b0       _fast_error_exit           004046b0 f   LIBCMTD:wincrt0.obj
 0001:000036e0       _check_managed_app         004046e0 f   LIBCMTD:wincrt0.obj
 0001:000037e0       __onexit_nolock            004047e0 f   LIBCMTD:onexit.obj
 0001:00004050       ?DebuggerProbe@@YAHK@Z     00405050 f   LIBCMTD:_error_.obj
 0001:00004140       ?failwithmessage@@YAXPAXHHPBD@Z 00405140 f   LIBCMTD:_error_.obj
 0001:00004350       ?DebuggerRuntime@@YAHKHPAXPB_W@Z 00405350 f   LIBCMTD:_error_.obj
 0001:00004630       ?_getMemBlockDataString@@YAXPAD00I@Z 00405630 f   LIBCMTD:_error_.obj
 0001:00006240       ?FindHandler@@YAXPAUEHExceptionRecord@@PAUEHRegistrationNode@@PAU_CONTEXT@@PAXPBU_s_FuncInfo@@EH1@Z 00407240 f   LIBCMTD:frame.obj
 0001:00006790       ?FindHandlerForForeignException@@YAXPAUEHExceptionRecord@@PAUEHRegistrationNode@@PAU_CONTEXT@@PAXPBU_s_FuncInfo@@HH1@Z 00407790 f   LIBCMTD:frame.obj
 0001:00006bc0       ?CatchIt@@YAXPAUEHExceptionRecord@@PAUEHRegistrationNode@@PAU_CONTEXT@@PAXPBU_s_FuncInfo@@PBU_s_HandlerType@@PBU_s_CatchableType@@PBU_s_TryBlockMapEntry@@H1E@Z 00407bc0 f   LIBCMTD:frame.obj
 0001:00006c80       ?CallCatchBlock@@YAPAXPAUEHExceptionRecord@@PAUEHRegistrationNode@@PAU_CONTEXT@@PBU_s_FuncInfo@@PAXHK@Z 00407c80 f   LIBCMTD:frame.obj
 0001:00006f10       ?ExFilterRethrow@@YAHPAU_EXCEPTION_POINTERS@@@Z 00407f10 f   LIBCMTD:frame.obj
 0001:00007b70       ?IsInExceptionSpec@@YAEPAUEHExceptionRecord@@PBU_s_ESTypeList@@@Z 00408b70 f   LIBCMTD:frame.obj
 0001:00007c30       ?CallUnexpected@@YAXPBU_s_ESTypeList@@@Z 00408c30 f   LIBCMTD:frame.obj
 0001:00007c7e       __catch$?CallUnexpected@@YAXPBU_s_ESTypeList@@@Z$0 00408c7e f   LIBCMTD:frame.obj
 0001:00007cc0       ?Is_bad_exception_allowed@@YAEPBU_s_ESTypeList@@@Z 00408cc0 f   LIBCMTD:frame.obj
 0001:00008480       __nh_malloc_dbg_impl       00409480 f   LIBCMTD:dbgheap.obj
 0001:00008510       __heap_alloc_dbg_impl      00409510 f   LIBCMTD:dbgheap.obj
 0001:00008b20       _realloc_help              00409b20 f   LIBCMTD:dbgheap.obj
 0001:00009c30       _CheckBytes                0040ac30 f   LIBCMTD:dbgheap.obj
 0001:0000aa50       ?_CrtMemDumpAllObjectsSince_stat@@YAXPBU_CrtMemState@@PAUlocaleinfo_struct@@@Z 0040ba50 f   LIBCMTD:dbgheap.obj
 0001:0000ad60       __printMemBlockData        0040bd60 f   LIBCMTD:dbgheap.obj
 0001:0000d4c0       _ValidateLocalCookies      0040e4c0 f   LIBCMTD:chandler4.obj
 0001:0000d830       _doexit                    0040e830 f   LIBCMTD:crt0dat.obj
 0001:0000db60       __initterm                 0040eb60 f   LIBCMTD:crt0dat.obj
 0001:0000e190       _ctrlevent_capture@4       0040f190 f   LIBCMTD:winsig.obj
 0001:0000e590       _siglookup                 0040f590 f   LIBCMTD:winsig.obj
 0001:0000f490       ?getSystemCP@@YAHH@Z       00410490 f   LIBCMTD:mbctype.obj
 0001:0000f8f0       ?CPtoLCID@@YAHH@Z          004108f0 f   LIBCMTD:mbctype.obj
 0001:0000f970       ?setSBCS@@YAXPAUthreadmbcinfostruct@@@Z 00410970 f   LIBCMTD:mbctype.obj
 0001:0000fa50       ?setSBUpLow@@YAXPAUthreadmbcinfostruct@@@Z 00410a50 f   LIBCMTD:mbctype.obj
 0001:00010450       __updatetlocinfoEx_nolock  00411450 f   LIBCMTD:setlocal.obj
 0001:000109c0       __copytlocinfo_nolock      004119c0 f   LIBCMTD:setlocal.obj
 0001:00010de0       _sync_legacy_variables_lk  00411de0 f   LIBCMTD:setlocal.obj
 0001:00010e60       __setlocale_nolock         00411e60 f   LIBCMTD:setlocal.obj
 0001:00011250       __setlocale_set_cat        00412250 f   LIBCMTD:setlocal.obj
 0001:00011780       __setlocale_get_all        00412780 f   LIBCMTD:setlocal.obj
 0001:000123d0       _xcptlookup                004133d0 f   LIBCMTD:winxfltr.obj
 0001:000127d0       _parse_cmdline             004137d0 f   LIBCMTD:stdargv.obj
 0001:00013ac0       ?GetPdbDll@@YAPAUHINSTANCE__@@XZ 00414ac0 f   LIBCMTD:_pdblkup_.obj
 0001:0001da00       ?und_strlen@@YAIPBD@Z      0041ea00 f   LIBCMTD:undname.obj
 0001:0001da40       ?und_memcpy@@YAXPADPBDI@Z  0041ea40 f   LIBCMTD:undname.obj
 0001:0001da80       ?und_strncmp@@YAIPBD0I@Z   0041ea80 f   LIBCMTD:undname.obj
 0001:0001de84       __unwind_handler4          0041ee84 f   LIBCMTD:exsup4.obj
 0001:0001f450       ?__crtGetLocaleInfoW_stat@@YAHPAUlocaleinfo_struct@@KKPA_WHH@Z 00420450 f   LIBCMTD:w_loc.obj
 0001:0001f4c0       ?__crtGetLocaleInfoA_stat@@YAHPAUlocaleinfo_struct@@KKPADHH@Z 004204c0 f   LIBCMTD:a_loc.obj
 0001:0001fb08       __unwind_handler           00420b08 f   LIBCMTD:exsup.obj
 0001:0001ff30       __is_LFH_enabled           00420f30 f   LIBCMTD:expand.obj
 0001:00023e00       _xtoa_s@20                 00424e00 f   LIBCMTD:xtoas.obj
 0001:00024220       @x64toa_s@24               00425220 f   LIBCMTD:xtoas.obj
 0001:00024a80       ?wcsncnt@@YAIPB_WI@Z       00425a80 f   LIBCMTD:wcstombs.obj
 0001:00025cc0       _xtow_s@20                 00426cc0 f   LIBCMTD:xtows.obj
 0001:000260f0       @x64tow_s@24               004270f0 f   LIBCMTD:xtows.obj
 0001:00027cc0       _write_char                00428cc0 f   LIBCMTD:woutput.obj
 0001:00027d20       _write_multi_char          00428d20 f   LIBCMTD:woutput.obj
 0001:00027d60       _write_string              00428d60 f   LIBCMTD:woutput.obj
 0001:000281e0       ?__crtLCMapStringA_stat@@YAHPAUlocaleinfo_struct@@KKPBDHPADHHH@Z 004291e0 f   LIBCMTD:a_map.obj
 0001:000286e0       ?strncnt@@YAHPBDH@Z        004296e0 f   LIBCMTD:a_map.obj
 0001:00028790       ?__crtGetStringTypeA_stat@@YAHPAUlocaleinfo_struct@@KPBDHPAGHHH@Z 00429790 f   LIBCMTD:a_str.obj
 0001:00028b10       __get_lc_time              00429b10 f   LIBCMTD:inittime.obj
 0001:00029730       _fix_grouping              0042a730 f   LIBCMTD:initnum.obj
 0001:00029ca0       _fix_grouping              0042aca0 f   LIBCMTD:initmon.obj
 0001:0002b390       ?_expandtime@@YAHPAUlocaleinfo_struct@@DPBUtm@@PAPADPAIPAU__lc_time_data@@I@Z 0042c390 f   LIBCMTD:strftime.obj
 0001:0002c360       ?_store_str@@YAXPADPAPADPAI@Z 0042d360 f   LIBCMTD:strftime.obj
 0001:0002c3b0       ?_store_num@@YAXHHPAPADPAII@Z 0042d3b0 f   LIBCMTD:strftime.obj
 0001:0002c460       ?_store_number@@YAXHPAPADPAI@Z 0042d460 f   LIBCMTD:strftime.obj
 0001:0002c510       ?_store_winword@@YAHPAUlocaleinfo_struct@@HPBUtm@@PAPADPAIPAU__lc_time_data@@@Z 0042d510 f   LIBCMTD:strftime.obj
 0001:0002d150       _cmpBYTE                   0042e150 f   LIBCMTD:memcmp.obj
 0001:0002d180       _cmpResult                 0042e180 f   LIBCMTD:memcmp.obj
 0001:0002d1a0       _unaligned_memcmp          0042e1a0 f   LIBCMTD:memcmp.obj
 0001:0002d8b0       _cmpWORD                   0042e8b0 f   LIBCMTD:memcmp.obj
 0001:0002d930       _cmpDWORD                  0042e930 f   LIBCMTD:memcmp.obj
 0001:0002dcb0       _TranslateName             0042ecb0 f   LIBCMTD:getqloc.obj
 0001:0002dd40       _GetLcidFromLangCountry    0042ed40 f   LIBCMTD:getqloc.obj
 0001:0002de00       _LangCountryEnumProc@4     0042ee00 f   LIBCMTD:getqloc.obj
 0001:0002e240       _GetLcidFromLanguage       0042f240 f   LIBCMTD:getqloc.obj
 0001:0002e2c0       _LanguageEnumProc@4        0042f2c0 f   LIBCMTD:getqloc.obj
 0001:0002e460       _GetLcidFromCountry        0042f460 f   LIBCMTD:getqloc.obj
 0001:0002e4b0       _CountryEnumProc@4         0042f4b0 f   LIBCMTD:getqloc.obj
 0001:0002e5b0       _GetLcidFromDefault        0042f5b0 f   LIBCMTD:getqloc.obj
 0001:0002e5f0       _ProcessCodePage           0042f5f0 f   LIBCMTD:getqloc.obj
 0001:0002e6c0       _TestDefaultCountry        0042f6c0 f   LIBCMTD:getqloc.obj
 0001:0002e710       _TestDefaultLanguage       0042f710 f   LIBCMTD:getqloc.obj
 0001:0002e7b0       _LcidFromHexString         0042f7b0 f   LIBCMTD:getqloc.obj
 0001:0002e830       _GetPrimaryLen             0042f830 f   LIBCMTD:getqloc.obj
 0001:0002ebb0       ?x_ismbbtype_l@@YAHPAUlocaleinfo_struct@@IHH@Z 0042fbb0 f   LIBCMTD:ismbbyte.obj
 0001:0002eee0       _fastzero_I                0042fee0 f   LIBCMTD:p4_memset.obj
 0001:0002efc0       _has_osfxsr_set            0042ffc0 f   LIBCMTD:cpu_disp.obj
 0001:0002f180       _fastcopy_I                00430180 f   LIBCMTD:p4_memcpy.obj
 0001:000304d0       _write_char                004314d0 f   LIBCMTD:output.obj
 0001:00030570       _write_multi_char          00431570 f   LIBCMTD:output.obj
 0001:000305b0       _write_string              004315b0 f   LIBCMTD:output.obj
 0001:000321b0       _write_char                004331b0 f   LIBCMTD:outputs.obj
 0001:00032250       _write_multi_char          00433250 f   LIBCMTD:outputs.obj
 0001:00032290       _write_string              00433290 f   LIBCMTD:outputs.obj
 0001:00035fe0       _write_char                00436fe0 f   LIBCMTD:outputp.obj
 0001:00036080       _write_multi_char          00437080 f   LIBCMTD:outputp.obj
 0001:000360c0       _write_string              004370c0 f   LIBCMTD:outputp.obj
 0001:00037370       _write_char                00438370 f   LIBCMTD:woutputs.obj
 0001:000373d0       _write_multi_char          004383d0 f   LIBCMTD:woutputs.obj
 0001:00037410       _write_string              00438410 f   LIBCMTD:woutputs.obj
 0001:0003ad50       _write_char                0043bd50 f   LIBCMTD:woutputp.obj
 0001:0003adb0       _write_multi_char          0043bdb0 f   LIBCMTD:woutputp.obj
 0001:0003adf0       _write_string              0043bdf0 f   LIBCMTD:woutputp.obj
 0001:0003d490       __tzset_nolock             0043e490 f   LIBCMTD:tzset.obj
 0001:0003daa0       __isindst_nolock           0043eaa0 f   LIBCMTD:tzset.obj
 0001:0003de00       _cvtdate                   0043ee00 f   LIBCMTD:tzset.obj
 0001:0003e830       ?strtoxl@@YAKPAUlocaleinfo_struct@@PBDPAPBDHH@Z 0043f830 f   LIBCMTD:strtol.obj
 0001:0003ee10       ?strtoxq@@YA_KPAUlocaleinfo_struct@@PBDPAPBDHH@Z 0043fe10 f   LIBCMTD:strtoq.obj
 0001:0003f990       ?wcstoxl@@YAKPAUlocaleinfo_struct@@PB_WPAPB_WHH@Z 00440990 f   LIBCMTD:wcstol.obj
 0001:00040da0       _flsall                    00441da0 f   LIBCMTD:fflush.obj
 0001:00041910       __getenv_s_helper          00442910 f   LIBCMTD:getenv.obj
 0001:00041b80       __dupenv_s_helper          00442b80 f   LIBCMTD:getenv.obj
 0001:00042070       ?__crtGetStringTypeW_stat@@YAHPAUlocaleinfo_struct@@KPB_WHPAGHH@Z 00443070 f   LIBCMTD:w_str.obj
 0001:00043010       ?__crtCompareStringA_stat@@YAHPAUlocaleinfo_struct@@KKPBDH1HH@Z 00444010 f   LIBCMTD:a_cmp.obj
 0001:00043520       ?strncnt@@YAHPBDH@Z        00444520 f   LIBCMTD:a_cmp.obj
 0001:00043ce0       _findenv                   00444ce0 f   LIBCMTD:setenv.obj
 0001:00043d60       _copy_environ              00444d60 f   LIBCMTD:setenv.obj
 0001:00044340       __unwindfunclet$?Notify@C360SafeFrameWnd@@UAEXAAUtagTNotifyUI@DuiLib@@@Z$0 00445340 f   360Safe.obj
 0001:00044352       __ehhandler$?Notify@C360SafeFrameWnd@@UAEXAAUtagTNotifyUI@DuiLib@@@Z 00445352 f   360Safe.obj
 0001:00044380       __unwindfunclet$?OnCreate@C360SafeFrameWnd@@QAEJIIJAAH@Z$0 00445380 f   360Safe.obj
 0001:00044395       __ehhandler$?OnCreate@C360SafeFrameWnd@@QAEJIIJAAH@Z 00445395 f   360Safe.obj
 0001:000443c0       __unwindfunclet$?CreateControl@CDialogBuilderCallbackEx@@UAEPAVCControlUI@DuiLib@@PBD@Z$0 004453c0 f   360Safe.obj
 0001:000443cb       __ehhandler$?CreateControl@CDialogBuilderCallbackEx@@UAEPAVCControlUI@DuiLib@@PBD@Z 004453cb f   360Safe.obj
 0001:000443f0       __unwindfunclet$??0ComputerExamineUI@@QAE@XZ$0 004453f0 f   360Safe.obj
 0001:00044402       __unwindfunclet$??0ComputerExamineUI@@QAE@XZ$1 00445402 f   360Safe.obj
 0001:00044417       __ehhandler$??0ComputerExamineUI@@QAE@XZ 00445417 f   360Safe.obj
 0001:00044440       __ehhandler$?CallUnexpected@@YAXPBU_s_ESTypeList@@@Z 00445440 f   LIBCMTD:frame.obj
 0001:00044460       __unwindfunclet$?getSystemCP@@YAHH@Z$0 00445460 f   LIBCMTD:mbctype.obj
 0001:00044468       __ehhandler$?getSystemCP@@YAHH@Z 00445468 f   LIBCMTD:mbctype.obj
 0001:00044490       __unwindfunclet$?make@DNameStatusNode@@SAPAV1@W4DNameStatus@@@Z$0 00445490 f   LIBCMTD:undname.obj
 0001:0004449e       __ehhandler$?make@DNameStatusNode@@SAPAV1@W4DNameStatus@@@Z 0044549e f   LIBCMTD:undname.obj
 0001:000444c0       __unwindfunclet$?x_ismbbtype_l@@YAHPAUlocaleinfo_struct@@IHH@Z$0 004454c0 f   LIBCMTD:ismbbyte.obj
 0001:000444c8       __ehhandler$?x_ismbbtype_l@@YAHPAUlocaleinfo_struct@@IHH@Z 004454c8 f   LIBCMTD:ismbbyte.obj
 0001:000444f0       __unwindfunclet$?strtoxl@@YAKPAUlocaleinfo_struct@@PBDPAPBDHH@Z$0 004454f0 f   LIBCMTD:strtol.obj
 0001:000444f8       __ehhandler$?strtoxl@@YAKPAUlocaleinfo_struct@@PBDPAPBDHH@Z 004454f8 f   LIBCMTD:strtol.obj
 0001:00044520       __unwindfunclet$?strtoxq@@YA_KPAUlocaleinfo_struct@@PBDPAPBDHH@Z$0 00445520 f   LIBCMTD:strtoq.obj
 0001:00044528       __ehhandler$?strtoxq@@YA_KPAUlocaleinfo_struct@@PBDPAPBDHH@Z 00445528 f   LIBCMTD:strtoq.obj
 0001:00044550       __unwindfunclet$?wcstoxl@@YAKPAUlocaleinfo_struct@@PB_WPAPB_WHH@Z$0 00445550 f   LIBCMTD:wcstol.obj
 0001:00044558       __ehhandler$?wcstoxl@@YAKPAUlocaleinfo_struct@@PB_WPAPB_WHH@Z 00445558 f   LIBCMTD:wcstol.obj
 0001:00044580       ??__Fnomem@?5???2@YAPAXI@Z@YAXXZ 00445580 f   LIBCMTD:new.obj
